Olu+şturma ba+şlat¦-ld¦-: 4.12.2025 16:10:20.
     1>1 d+-¦ş+-m+-nde "C:\Users\PC\Documents\UniCast\UniCast.Tests\UniCast.Tests.csproj" projesi (Restore hedef).
     1>_GetAllRestoreProjectPathItems:
         Geri y+-klenecek projeler belirleniyor...
       Restore:
         X.509 sertifika zinciri do¦şrulamas¦-, kod imzalama i+ğin .NET taraf¦-ndan se+ğilen varsay¦-lan g+-ven deposunu kullan¦-r.
         X.509 sertifika zinciri do¦şrulamas¦-, zaman damgalama i+ğin .NET taraf¦-ndan se+ğilen varsay¦-lan g+-ven deposunu kullan¦-r.
         Varl¦-klar dosyas¦- de¦şi+ştirilmedi. Varl¦-klar dosyas¦-na yazma i+şlemi atlan¦-yor. Yol: C:\Users\PC\Documents\UniCast\UniCast.Core\obj\project.assets.json
         Varl¦-klar dosyas¦- de¦şi+ştirilmedi. Varl¦-klar dosyas¦-na yazma i+şlemi atlan¦-yor. Yol: C:\Users\PC\Documents\UniCast\UniCast.Config\obj\project.assets.json
         Varl¦-klar dosyas¦- de¦şi+ştirilmedi. Varl¦-klar dosyas¦-na yazma i+şlemi atlan¦-yor. Yol: C:\Users\PC\Documents\UniCast\UniCast.Encoder\obj\project.assets.json
         Varl¦-klar dosyas¦- de¦şi+ştirilmedi. Varl¦-klar dosyas¦-na yazma i+şlemi atlan¦-yor. Yol: C:\Users\PC\Documents\UniCast\UniCast.Licensing\obj\project.assets.json
         C:\Users\PC\Documents\UniCast\UniCast.Core\UniCast.Core.csproj geri y+-klendi (35 ms i+ğinde).
         C:\Users\PC\Documents\UniCast\UniCast.Licensing\UniCast.Licensing.csproj geri y+-klendi (35 ms i+ğinde).
         C:\Users\PC\Documents\UniCast\UniCast.Encoder\UniCast.Encoder.csproj geri y+-klendi (35 ms i+ğinde).
         C:\Users\PC\Documents\UniCast\UniCast.Config\UniCast.Config.csproj geri y+-klendi (35 ms i+ğinde).
         C:\Users\PC\Documents\UniCast\Unicast.Capture\Unicast.Capture.csproj i+ğin paketler geri y+-kleniyor...
         C:\Users\PC\Documents\UniCast\UniCast.App\UniCast.App.csproj i+ğin paketler geri y+-kleniyor...
         C:\Users\PC\Documents\UniCast\UniCast.Tests\UniCast.Tests.csproj i+ğin paketler geri y+-kleniyor...
           CACHE https://api.nuget.org/v3/vulnerabilities/index.json
           CACHE https://api.nuget.org/v3-vulnerabilities/2025.12.03.23.35.17/vulnerability.base.json
           CACHE https://api.nuget.org/v3-vulnerabilities/2025.12.03.23.35.17/2025.12.04.11.35.18/vulnerability.update.json
         MSBuild dosyas¦- C:\Users\PC\Documents\UniCast\UniCast.App\obj\UniCast.App.csproj.nuget.g.props olu+şturuluyor.
         MSBuild dosyas¦- C:\Users\PC\Documents\UniCast\UniCast.Tests\obj\UniCast.Tests.csproj.nuget.g.props olu+şturuluyor.
         Varl¦-klar dosyas¦- diske yaz¦-l¦-yor. Yol: C:\Users\PC\Documents\UniCast\UniCast.Tests\obj\project.assets.json
         Varl¦-klar dosyas¦- diske yaz¦-l¦-yor. Yol: C:\Users\PC\Documents\UniCast\UniCast.App\obj\project.assets.json
         MSBuild dosyas¦- C:\Users\PC\Documents\UniCast\Unicast.Capture\obj\Unicast.Capture.csproj.nuget.g.props olu+şturuluyor.
         Varl¦-klar dosyas¦- de¦şi+ştirilmedi. Varl¦-klar dosyas¦-na yazma i+şlemi atlan¦-yor. Yol: C:\Users\PC\Documents\UniCast\Unicast.Capture\obj\project.assets.json
         C:\Users\PC\Documents\UniCast\Unicast.Capture\Unicast.Capture.csproj geri y+-klendi (158 ms i+ğinde).
         C:\Users\PC\Documents\UniCast\UniCast.App\UniCast.App.csproj geri y+-klendi (158 ms i+ğinde).
         C:\Users\PC\Documents\UniCast\UniCast.Tests\UniCast.Tests.csproj geri y+-klendi (158 ms i+ğinde).
         
         Kullan¦-lan NuGet yap¦-land¦-rma dosyalar¦-:
             C:\Users\PC\AppData\Roaming\NuGet\NuGet.Config
             C:\Program Files (x86)\NuGet\Config\Microsoft.VisualStudio.FallbackLocation.config
             C:\Program Files (x86)\NuGet\Config\Microsoft.VisualStudio.Offline.config
         
         Kullan¦-lan ak¦-+şlar:
             https://api.nuget.org/v3/index.json
             C:\Program Files (x86)\Microsoft SDKs\NuGetPackages\
             C:\Program Files\dotnet\library-packs
         Geri y+-kleme i+ğin 7 proje i+ğinden 4 tanesi g+-ncel.
     1>"C:\Users\PC\Documents\UniCast\UniCast.Tests\UniCast.Tests.csproj" Projesini Olu+şturma ¦-+şlemi Tamamland¦- (Restore hedef).
   1:7>2 d+-¦ş+-m+-nde "C:\Users\PC\Documents\UniCast\UniCast.Tests\UniCast.Tests.csproj" projesi (VSTest hedef).
     1>BuildProject:
         Derleme ba+şlat¦-ld¦-. L+-tfen bekleyin...
   1:7>"C:\Users\PC\Documents\UniCast\UniCast.Tests\UniCast.Tests.csproj" projesi (1:7) 2 d+-¦ş+-m+-nde "C:\Users\PC\Documents\UniCast\UniCast.Tests\UniCast.Tests.csproj" (1:8) olu+şturuyor (varsay¦-lan hedefler).
   1:8>"C:\Users\PC\Documents\UniCast\UniCast.Tests\UniCast.Tests.csproj" projesi (1:8) 6 d+-¦ş+-m+-nde "C:\Users\PC\Documents\UniCast\UniCast.Core\UniCast.Core.csproj" (7:9) olu+şturuyor (varsay¦-lan hedefler).
     7>GenerateTargetFrameworkMonikerAttribute:
       T+-m +ğ¦-k¦-+ş dosyalar¦-, giri+ş dosyalar¦-na g+Âre g+-ncel durumda oldu¦şundan "GenerateTargetFrameworkMonikerAttribute" hedefi atlan¦-yor.
   1:8>"C:\Users\PC\Documents\UniCast\UniCast.Tests\UniCast.Tests.csproj" projesi (1:8) 5 d+-¦ş+-m+-nde "C:\Users\PC\Documents\UniCast\UniCast.Licensing\UniCast.Licensing.csproj" (5:7) olu+şturuyor (varsay¦-lan hedefler).
     5>GenerateTargetFrameworkMonikerAttribute:
       T+-m +ğ¦-k¦-+ş dosyalar¦-, giri+ş dosyalar¦-na g+Âre g+-ncel durumda oldu¦şundan "GenerateTargetFrameworkMonikerAttribute" hedefi atlan¦-yor.
     7>CoreGenerateAssemblyInfo:
       T+-m +ğ¦-k¦-+ş dosyalar¦-, giri+ş dosyalar¦-na g+Âre g+-ncel durumda oldu¦şundan "CoreGenerateAssemblyInfo" hedefi atlan¦-yor.
       _GenerateSourceLinkFile:
         'obj\Debug\net8.0\UniCast.Core.sourcelink.json' Source Link dosyas¦- g+-ncel.
       CoreCompile:
       T+-m +ğ¦-k¦-+ş dosyalar¦-, giri+ş dosyalar¦-na g+Âre g+-ncel durumda oldu¦şundan "CoreCompile" hedefi atlan¦-yor.
       GenerateBuildDependencyFile:
       T+-m +ğ¦-k¦-+ş dosyalar¦-, giri+ş dosyalar¦-na g+Âre g+-ncel durumda oldu¦şundan "GenerateBuildDependencyFile" hedefi atlan¦-yor.
       CopyFilesToOutputDirectory:
         UniCast.Core -> C:\Users\PC\Documents\UniCast\UniCast.Core\bin\Debug\net8.0\UniCast.Core.dll
     5>CoreGenerateAssemblyInfo:
       T+-m +ğ¦-k¦-+ş dosyalar¦-, giri+ş dosyalar¦-na g+Âre g+-ncel durumda oldu¦şundan "CoreGenerateAssemblyInfo" hedefi atlan¦-yor.
     7>"C:\Users\PC\Documents\UniCast\UniCast.Core\UniCast.Core.csproj" Projesini Olu+şturma ¦-+şlemi Tamamland¦- (varsay¦-lan hedefler).
     5>_GenerateSourceLinkFile:
         'obj\Debug\net8.0-windows\UniCast.Licensing.sourcelink.json' Source Link dosyas¦- g+-ncel.
       CoreCompile:
       T+-m +ğ¦-k¦-+ş dosyalar¦-, giri+ş dosyalar¦-na g+Âre g+-ncel durumda oldu¦şundan "CoreCompile" hedefi atlan¦-yor.
       GenerateBuildDependencyFile:
       T+-m +ğ¦-k¦-+ş dosyalar¦-, giri+ş dosyalar¦-na g+Âre g+-ncel durumda oldu¦şundan "GenerateBuildDependencyFile" hedefi atlan¦-yor.
       CopyFilesToOutputDirectory:
         UniCast.Licensing -> C:\Users\PC\Documents\UniCast\UniCast.Licensing\bin\Debug\net8.0-windows\UniCast.Licensing.dll
     5>"C:\Users\PC\Documents\UniCast\UniCast.Licensing\UniCast.Licensing.csproj" Projesini Olu+şturma ¦-+şlemi Tamamland¦- (varsay¦-lan hedefler).
   1:8>"C:\Users\PC\Documents\UniCast\UniCast.Tests\UniCast.Tests.csproj" projesi (1:8) 1 d+-¦ş+-m+-nde "C:\Users\PC\Documents\UniCast\Unicast.Capture\Unicast.Capture.csproj" (3:6) olu+şturuyor (varsay¦-lan hedefler).
     3>GenerateTargetFrameworkMonikerAttribute:
       T+-m +ğ¦-k¦-+ş dosyalar¦-, giri+ş dosyalar¦-na g+Âre g+-ncel durumda oldu¦şundan "GenerateTargetFrameworkMonikerAttribute" hedefi atlan¦-yor.
   1:8>"C:\Users\PC\Documents\UniCast\UniCast.Tests\UniCast.Tests.csproj" projesi (1:8) 2 d+-¦ş+-m+-nde "C:\Users\PC\Documents\UniCast\UniCast.Config\UniCast.Config.csproj" (4:6) olu+şturuyor (varsay¦-lan hedefler).
     4>GenerateTargetFrameworkMonikerAttribute:
       T+-m +ğ¦-k¦-+ş dosyalar¦-, giri+ş dosyalar¦-na g+Âre g+-ncel durumda oldu¦şundan "GenerateTargetFrameworkMonikerAttribute" hedefi atlan¦-yor.
       CoreGenerateAssemblyInfo:
       T+-m +ğ¦-k¦-+ş dosyalar¦-, giri+ş dosyalar¦-na g+Âre g+-ncel durumda oldu¦şundan "CoreGenerateAssemblyInfo" hedefi atlan¦-yor.
     3>CoreGenerateAssemblyInfo:
       T+-m +ğ¦-k¦-+ş dosyalar¦-, giri+ş dosyalar¦-na g+Âre g+-ncel durumda oldu¦şundan "CoreGenerateAssemblyInfo" hedefi atlan¦-yor.
   1:8>"C:\Users\PC\Documents\UniCast\UniCast.Tests\UniCast.Tests.csproj" projesi (1:8) 4 d+-¦ş+-m+-nde "C:\Users\PC\Documents\UniCast\UniCast.Encoder\UniCast.Encoder.csproj" (6:7) olu+şturuyor (varsay¦-lan hedefler).
     6>GenerateTargetFrameworkMonikerAttribute:
       T+-m +ğ¦-k¦-+ş dosyalar¦-, giri+ş dosyalar¦-na g+Âre g+-ncel durumda oldu¦şundan "GenerateTargetFrameworkMonikerAttribute" hedefi atlan¦-yor.
     4>_GenerateSourceLinkFile:
         'obj\Debug\net8.0\UniCast.Config.sourcelink.json' Source Link dosyas¦- g+-ncel.
       CoreCompile:
       T+-m +ğ¦-k¦-+ş dosyalar¦-, giri+ş dosyalar¦-na g+Âre g+-ncel durumda oldu¦şundan "CoreCompile" hedefi atlan¦-yor.
     3>_GenerateSourceLinkFile:
         'obj\Debug\net8.0-windows10.0.19041.0\Unicast.Capture.sourcelink.json' Source Link dosyas¦- g+-ncel.
     4>GenerateBuildDependencyFile:
       T+-m +ğ¦-k¦-+ş dosyalar¦-, giri+ş dosyalar¦-na g+Âre g+-ncel durumda oldu¦şundan "GenerateBuildDependencyFile" hedefi atlan¦-yor.
       CopyFilesToOutputDirectory:
         UniCast.Config -> C:\Users\PC\Documents\UniCast\UniCast.Config\bin\Debug\net8.0\UniCast.Config.dll
     3>CoreCompile:
         Setting DOTNET_ROOT to 'C:\Program Files\dotnet'
     4>"C:\Users\PC\Documents\UniCast\UniCast.Config\UniCast.Config.csproj" Projesini Olu+şturma ¦-+şlemi Tamamland¦- (varsay¦-lan hedefler).
     3>CoreCompile:
         C:\Program Files\dotnet\sdk\10.0.100\Roslyn\bincore\csc.exe /noconfig /unsafe- /checked- /nowarn:1701,1702,1701,1702 /fullpaths /nostdlib+ /errorreport:prompt /warn:8 /define:TRACE;DEBUG;NET;NET8_0;NETCOREAPP;WINDOWS;WINDOWS10_0_19041_0;NET5_0_OR_GREATER;NET6_0_OR_GREATER;NET7_0_OR_GREATER;NET8_0_OR_GREATER;NETCOREAPP1_0_OR_GREATER;NETCOREAPP1_1_OR_GREATER;NETCOREAPP2_0_OR_GREATER;NETCOREAPP2_1_OR_GREATER;NETCOREAPP2_2_OR_GREATER;NETCOREAPP3_0_OR_GREATER;NETCOREAPP3_1_OR_GREATER;W¦-NDOWS10_0_19041_0_OR_GREATER;W¦-NDOWS10_0_18362_0_OR_GREATER;W¦-NDOWS10_0_17763_0_OR_GREATER;W¦-NDOWS8_0_OR_GREATER;W¦-NDOWS7_0_OR_GREATER /preferreduilang:tr-TR /highentropyva+ /nullable:enable /reference:C:\Users\PC\.nuget\packages\instagramapisharp\1.8.1\lib\net8.0\InstagramApiSharp.dll /reference:"C:\Program Files\dotnet\packs\Microsoft.NETCore.App.Ref\8.0.22\ref\net8.0\Microsoft.CSharp.dll" /reference:"C:\Program Files\dotnet\packs\Microsoft.NETCore.App.Ref\8.0.22\ref\net8.0\Microsoft.VisualBasic.Core.dll" /reference:"C:\Program Files\dotnet\packs\Microsoft.NETCore.App.Ref\8.0.22\ref\net8.0\Microsoft.VisualBasic.dll" /reference:"C:\Program Files\dotnet\packs\Microsoft.NETCore.App.Ref\8.0.22\ref\net8.0\Microsoft.Win32.Primitives.dll" /reference:"C:\Program Files\dotnet\packs\Microsoft.NETCore.App.Ref\8.0.22\ref\net8.0\Microsoft.Win32.Registry.dll" /reference:C:\Users\PC\.nuget\packages\microsoft.win32.systemevents\8.0.0\lib\net8.0\Microsoft.Win32.SystemEvents.dll /reference:C:\Users\PC\.nuget\packages\microsoft.windows.sdk.net.ref\10.0.19041.57\lib\net8.0\Microsoft.Windows.SDK.NET.dll /reference:"C:\Program Files\dotnet\packs\Microsoft.NETCore.App.Ref\8.0.22\ref\net8.0\mscorlib.dll" /reference:"C:\Program Files\dotnet\packs\Microsoft.NETCore.App.Ref\8.0.22\ref\net8.0\netstandard.dll" /reference:C:\Users\PC\.nuget\packages\newtonsoft.json\13.0.3\lib\net6.0\Newtonsoft.Json.dll /reference:C:\Users\PC\.nuget\packages\opencvsharp4\4.11.0.20250507\lib\net6.0\OpenCvSharp.dll /reference:C:\Users\PC\.nuget\packages\opencvsharp4.wpfextensions\4.11.0.20250507\lib\net6.0\OpenCvSharp.WpfExtensions.dll /reference:C:\Users\PC\.nuget\packages\serilog\4.3.0\lib\net8.0\Serilog.dll /reference:"C:\Program Files\dotnet\packs\Microsoft.NETCore.App.Ref\8.0.22\ref\net8.0\System.AppContext.dll" /reference:"C:\Program Files\dotnet\packs\Microsoft.NETCore.App.Ref\8.0.22\ref\net8.0\System.Buffers.dll" /reference:"C:\Program Files\dotnet\packs\Microsoft.NETCore.App.Ref\8.0.22\ref\net8.0\System.Collections.Concurrent.dll" /reference:"C:\Program Files\dotnet\packs\Microsoft.NETCore.App.Ref\8.0.22\ref\net8.0\System.Collections.dll" /reference:"C:\Program Files\dotnet\packs\Microsoft.NETCore.App.Ref\8.0.22\ref\net8.0\System.Collections.Immutable.dll" /reference:"C:\Program Files\dotnet\packs\Microsoft.NETCore.App.Ref\8.0.22\ref\net8.0\System.Collections.NonGeneric.dll" /reference:"C:\Program Files\dotnet\packs\Microsoft.NETCore.App.Ref\8.0.22\ref\net8.0\System.Collections.Specialized.dll" /reference:"C:\Program Files\dotnet\packs\Microsoft.NETCore.App.Ref\8.0.22\ref\net8.0\System.ComponentModel.Annotations.dll" /reference:"C:\Program Files\dotnet\packs\Microsoft.NETCore.App.Ref\8.0.22\ref\net8.0\System.ComponentModel.DataAnnotations.dll" /reference:"C:\Program Files\dotnet\packs\Microsoft.NETCore.App.Ref\8.0.22\ref\net8.0\System.ComponentModel.dll" /reference:"C:\Program Files\dotnet\packs\Microsoft.NETCore.App.Ref\8.0.22\ref\net8.0\System.ComponentModel.EventBasedAsync.dll" /reference:"C:\Program Files\dotnet\packs\Microsoft.NETCore.App.Ref\8.0.22\ref\net8.0\System.ComponentModel.Primitives.dll" /reference:"C:\Program Files\dotnet\packs\Microsoft.NETCore.App.Ref\8.0.22\ref\net8.0\System.ComponentModel.TypeConverter.dll" /reference:"C:\Program Files\dotnet\packs\Microsoft.NETCore.App.Ref\8.0.22\ref\net8.0\System.Configuration.dll" /reference:"C:\Program Files\dotnet\packs\Microsoft.NETCore.App.Ref\8.0.22\ref\net8.0\System.Console.dll" /reference:"C:\Program Files\dotnet\packs\Microsoft.NETCore.App.Ref\8.0.22\ref\net8.0\System.Core.dll" /reference:"C:\Program Files\dotnet\packs\Microsoft.NETCore.App.Ref\8.0.22\ref\net8.0\System.Data.Common.dll" /reference:"C:\Program Files\dotnet\packs\Microsoft.NETCore.App.Ref\8.0.22\ref\net8.0\System.Data.DataSetExtensions.dll" /reference:"C:\Program Files\dotnet\packs\Microsoft.NETCore.App.Ref\8.0.22\ref\net8.0\System.Data.dll" /reference:"C:\Program Files\dotnet\packs\Microsoft.NETCore.App.Ref\8.0.22\ref\net8.0\System.Diagnostics.Contracts.dll" /reference:"C:\Program Files\dotnet\packs\Microsoft.NETCore.App.Ref\8.0.22\ref\net8.0\System.Diagnostics.Debug.dll" /reference:"C:\Program Files\dotnet\packs\Microsoft.NETCore.App.Ref\8.0.22\ref\net8.0\System.Diagnostics.DiagnosticSource.dll" /reference:"C:\Program Files\dotnet\packs\Microsoft.NETCore.App.Ref\8.0.22\ref\net8.0\System.Diagnostics.FileVersionInfo.dll" /reference:"C:\Program Files\dotnet\packs\Microsoft.NETCore.App.Ref\8.0.22\ref\net8.0\System.Diagnostics.Process.dll" /reference:"C:\Program Files\dotnet\packs\Microsoft.NETCore.App.Ref\8.0.22\ref\net8.0\System.Diagnostics.StackTrace.dll" /reference:"C:\Program Files\dotnet\packs\Microsoft.NETCore.App.Ref\8.0.22\ref\net8.0\System.Diagnostics.TextWriterTraceListener.dll" /reference:"C:\Program Files\dotnet\packs\Microsoft.NETCore.App.Ref\8.0.22\ref\net8.0\System.Diagnostics.Tools.dll" /reference:"C:\Program Files\dotnet\packs\Microsoft.NETCore.App.Ref\8.0.22\ref\net8.0\System.Diagnostics.TraceSource.dll" /reference:"C:\Program Files\dotnet\packs\Microsoft.NETCore.App.Ref\8.0.22\ref\net8.0\System.Diagnostics.Tracing.dll" /reference:"C:\Program Files\dotnet\packs\Microsoft.NETCore.App.Ref\8.0.22\ref\net8.0\System.dll" /reference:C:\Users\PC\.nuget\packages\system.drawing.common\8.0.11\lib\net8.0\System.Drawing.Common.dll /reference:"C:\Program Files\dotnet\packs\Microsoft.NETCore.App.Ref\8.0.22\ref\net8.0\System.Drawing.dll" /reference:"C:\Program Files\dotnet\packs\Microsoft.NETCore.App.Ref\8.0.22\ref\net8.0\System.Drawing.Primitives.dll" /reference:"C:\Program Files\dotnet\packs\Microsoft.NETCore.App.Ref\8.0.22\ref\net8.0\System.Dynamic.Runtime.dll" /reference:"C:\Program Files\dotnet\packs\Microsoft.NETCore.App.Ref\8.0.22\ref\net8.0\System.Formats.Asn1.dll" /reference:"C:\Program Files\dotnet\packs\Microsoft.NETCore.App.Ref\8.0.22\ref\net8.0\System.Formats.Tar.dll" /reference:"C:\Program Files\dotnet\packs\Microsoft.NETCore.App.Ref\8.0.22\ref\net8.0\System.Globalization.Calendars.dll" /reference:"C:\Program Files\dotnet\packs\Microsoft.NETCore.App.Ref\8.0.22\ref\net8.0\System.Globalization.dll" /reference:"C:\Program Files\dotnet\packs\Microsoft.NETCore.App.Ref\8.0.22\ref\net8.0\System.Globalization.Extensions.dll" /reference:"C:\Program Files\dotnet\packs\Microsoft.NETCore.App.Ref\8.0.22\ref\net8.0\System.IO.Compression.Brotli.dll" /reference:"C:\Program Files\dotnet\packs\Microsoft.NETCore.App.Ref\8.0.22\ref\net8.0\System.IO.Compression.dll" /reference:"C:\Program Files\dotnet\packs\Microsoft.NETCore.App.Ref\8.0.22\ref\net8.0\System.IO.Compression.FileSystem.dll" /reference:"C:\Program Files\dotnet\packs\Microsoft.NETCore.App.Ref\8.0.22\ref\net8.0\System.IO.Compression.ZipFile.dll" /reference:"C:\Program Files\dotnet\packs\Microsoft.NETCore.App.Ref\8.0.22\ref\net8.0\System.IO.dll" /reference:"C:\Program Files\dotnet\packs\Microsoft.NETCore.App.Ref\8.0.22\ref\net8.0\System.IO.FileSystem.AccessControl.dll" /reference:"C:\Program Files\dotnet\packs\Microsoft.NETCore.App.Ref\8.0.22\ref\net8.0\System.IO.FileSystem.dll" /reference:"C:\Program Files\dotnet\packs\Microsoft.NETCore.App.Ref\8.0.22\ref\net8.0\System.IO.FileSystem.DriveInfo.dll" /reference:"C:\Program Files\dotnet\packs\Microsoft.NETCore.App.Ref\8.0.22\ref\net8.0\System.IO.FileSystem.Primitives.dll" /reference:"C:\Program Files\dotnet\packs\Microsoft.NETCore.App.Ref\8.0.22\ref\net8.0\System.IO.FileSystem.Watcher.dll" /reference:"C:\Program Files\dotnet\packs\Microsoft.NETCore.App.Ref\8.0.22\ref\net8.0\System.IO.IsolatedStorage.dll" /reference:"C:\Program Files\dotnet\packs\Microsoft.NETCore.App.Ref\8.0.22\ref\net8.0\System.IO.MemoryMappedFiles.dll" /reference:"C:\Program Files\dotnet\packs\Microsoft.NETCore.App.Ref\8.0.22\ref\net8.0\System.IO.Pipes.AccessControl.dll" /reference:"C:\Program Files\dotnet\packs\Microsoft.NETCore.App.Ref\8.0.22\ref\net8.0\System.IO.Pipes.dll" /reference:"C:\Program Files\dotnet\packs\Microsoft.NETCore.App.Ref\8.0.22\ref\net8.0\System.IO.UnmanagedMemoryStream.dll" /reference:"C:\Program Files\dotnet\packs\Microsoft.NETCore.App.Ref\8.0.22\ref\net8.0\System.Linq.dll" /reference:"C:\Program Files\dotnet\packs\Microsoft.NETCore.App.Ref\8.0.22\ref\net8.0\System.Linq.Expressions.dll" /reference:"C:\Program Files\dotnet\packs\Microsoft.NETCore.App.Ref\8.0.22\ref\net8.0\System.Linq.Parallel.dll" /reference:"C:\Program Files\dotnet\packs\Microsoft.NETCore.App.Ref\8.0.22\ref\net8.0\System.Linq.Queryable.dll" /reference:"C:\Program Files\dotnet\packs\Microsoft.NETCore.App.Ref\8.0.22\ref\net8.0\System.Memory.dll" /reference:"C:\Program Files\dotnet\packs\Microsoft.NETCore.App.Ref\8.0.22\ref\net8.0\System.Net.dll" /reference:"C:\Program Files\dotnet\packs\Microsoft.NETCore.App.Ref\8.0.22\ref\net8.0\System.Net.Http.dll" /reference:"C:\Program Files\dotnet\packs\Microsoft.NETCore.App.Ref\8.0.22\ref\net8.0\System.Net.Http.Json.dll" /reference:"C:\Program Files\dotnet\packs\Microsoft.NETCore.App.Ref\8.0.22\ref\net8.0\System.Net.HttpListener.dll" /reference:"C:\Program Files\dotnet\packs\Microsoft.NETCore.App.Ref\8.0.22\ref\net8.0\System.Net.Mail.dll" /reference:"C:\Program Files\dotnet\packs\Microsoft.NETCore.App.Ref\8.0.22\ref\net8.0\System.Net.NameResolution.dll" /reference:"C:\Program Files\dotnet\packs\Microsoft.NETCore.App.Ref\8.0.22\ref\net8.0\System.Net.NetworkInformation.dll" /reference:"C:\Program Files\dotnet\packs\Microsoft.NETCore.App.Ref\8.0.22\ref\net8.0\System.Net.Ping.dll" /reference:"C:\Program Files\dotnet\packs\Microsoft.NETCore.App.Ref\8.0.22\ref\net8.0\System.Net.Primitives.dll" /reference:"C:\Program Files\dotnet\packs\Microsoft.NETCore.App.Ref\8.0.22\ref\net8.0\System.Net.Quic.dll" /reference:"C:\Program Files\dotnet\packs\Microsoft.NETCore.App.Ref\8.0.22\ref\net8.0\System.Net.Requests.dll" /reference:"C:\Program Files\dotnet\packs\Microsoft.NETCore.App.Ref\8.0.22\ref\net8.0\System.Net.Security.dll" /reference:"C:\Program Files\dotnet\packs\Microsoft.NETCore.App.Ref\8.0.22\ref\net8.0\System.Net.ServicePoint.dll" /reference:"C:\Program Files\dotnet\packs\Microsoft.NETCore.App.Ref\8.0.22\ref\net8.0\System.Net.Sockets.dll" /reference:"C:\Program Files\dotnet\packs\Microsoft.NETCore.App.Ref\8.0.22\ref\net8.0\System.Net.WebClient.dll" /reference:"C:\Program Files\dotnet\packs\Microsoft.NETCore.App.Ref\8.0.22\ref\net8.0\System.Net.WebHeaderCollection.dll" /reference:"C:\Program Files\dotnet\packs\Microsoft.NETCore.App.Ref\8.0.22\ref\net8.0\System.Net.WebProxy.dll" /reference:"C:\Program Files\dotnet\packs\Microsoft.NETCore.App.Ref\8.0.22\ref\net8.0\System.Net.WebSockets.Client.dll" /reference:"C:\Program Files\dotnet\packs\Microsoft.NETCore.App.Ref\8.0.22\ref\net8.0\System.Net.WebSockets.dll" /reference:"C:\Program Files\dotnet\packs\Microsoft.NETCore.App.Ref\8.0.22\ref\net8.0\System.Numerics.dll" /reference:"C:\Program Files\dotnet\packs\Microsoft.NETCore.App.Ref\8.0.22\ref\net8.0\System.Numerics.Vectors.dll" /reference:"C:\Program Files\dotnet\packs\Microsoft.NETCore.App.Ref\8.0.22\ref\net8.0\System.ObjectModel.dll" /reference:"C:\Program Files\dotnet\packs\Microsoft.NETCore.App.Ref\8.0.22\ref\net8.0\System.Reflection.DispatchProxy.dll" /reference:"C:\Program Files\dotnet\packs\Microsoft.NETCore.App.Ref\8.0.22\ref\net8.0\System.Reflection.dll" /reference:"C:\Program Files\dotnet\packs\Microsoft.NETCore.App.Ref\8.0.22\ref\net8.0\System.Reflection.Emit.dll" /reference:"C:\Program Files\dotnet\packs\Microsoft.NETCore.App.Ref\8.0.22\ref\net8.0\System.Reflection.Emit.ILGeneration.dll" /reference:"C:\Program Files\dotnet\packs\Microsoft.NETCore.App.Ref\8.0.22\ref\net8.0\System.Reflection.Emit.Lightweight.dll" /reference:"C:\Program Files\dotnet\packs\Microsoft.NETCore.App.Ref\8.0.22\ref\net8.0\System.Reflection.Extensions.dll" /reference:"C:\Program Files\dotnet\packs\Microsoft.NETCore.App.Ref\8.0.22\ref\net8.0\System.Reflection.Metadata.dll" /reference:"C:\Program Files\dotnet\packs\Microsoft.NETCore.App.Ref\8.0.22\ref\net8.0\System.Reflection.Primitives.dll" /reference:"C:\Program Files\dotnet\packs\Microsoft.NETCore.App.Ref\8.0.22\ref\net8.0\System.Reflection.TypeExtensions.dll" /reference:"C:\Program Files\dotnet\packs\Microsoft.NETCore.App.Ref\8.0.22\ref\net8.0\System.Resources.Reader.dll" /reference:"C:\Program Files\dotnet\packs\Microsoft.NETCore.App.Ref\8.0.22\ref\net8.0\System.Resources.ResourceManager.dll" /reference:"C:\Program Files\dotnet\packs\Microsoft.NETCore.App.Ref\8.0.22\ref\net8.0\System.Resources.Writer.dll" /reference:"C:\Program Files\dotnet\packs\Microsoft.NETCore.App.Ref\8.0.22\ref\net8.0\System.Runtime.CompilerServices.Unsafe.dll" /reference:"C:\Program Files\dotnet\packs\Microsoft.NETCore.App.Ref\8.0.22\ref\net8.0\System.Runtime.CompilerServices.VisualC.dll" /reference:"C:\Program Files\dotnet\packs\Microsoft.NETCore.App.Ref\8.0.22\ref\net8.0\System.Runtime.dll" /reference:"C:\Program Files\dotnet\packs\Microsoft.NETCore.App.Ref\8.0.22\ref\net8.0\System.Runtime.Extensions.dll" /reference:"C:\Program Files\dotnet\packs\Microsoft.NETCore.App.Ref\8.0.22\ref\net8.0\System.Runtime.Handles.dll" /reference:"C:\Program Files\dotnet\packs\Microsoft.NETCore.App.Ref\8.0.22\ref\net8.0\System.Runtime.InteropServices.dll" /reference:"C:\Program Files\dotnet\packs\Microsoft.NETCore.App.Ref\8.0.22\ref\net8.0\System.Runtime.InteropServices.JavaScript.dll" /reference:"C:\Program Files\dotnet\packs\Microsoft.NETCore.App.Ref\8.0.22\ref\net8.0\System.Runtime.InteropServices.RuntimeInformation.dll" /reference:"C:\Program Files\dotnet\packs\Microsoft.NETCore.App.Ref\8.0.22\ref\net8.0\System.Runtime.Intrinsics.dll" /reference:"C:\Program Files\dotnet\packs\Microsoft.NETCore.App.Ref\8.0.22\ref\net8.0\System.Runtime.Loader.dll" /reference:"C:\Program Files\dotnet\packs\Microsoft.NETCore.App.Ref\8.0.22\ref\net8.0\System.Runtime.Numerics.dll" /reference:"C:\Program Files\dotnet\packs\Microsoft.NETCore.App.Ref\8.0.22\ref\net8.0\System.Runtime.Serialization.dll" /reference:"C:\Program Files\dotnet\packs\Microsoft.NETCore.App.Ref\8.0.22\ref\net8.0\System.Runtime.Serialization.Formatters.dll" /reference:"C:\Program Files\dotnet\packs\Microsoft.NETCore.App.Ref\8.0.22\ref\net8.0\System.Runtime.Serialization.Json.dll" /reference:"C:\Program Files\dotnet\packs\Microsoft.NETCore.App.Ref\8.0.22\ref\net8.0\System.Runtime.Serialization.Primitives.dll" /reference:"C:\Program Files\dotnet\packs\Microsoft.NETCore.App.Ref\8.0.22\ref\net8.0\System.Runtime.Serialization.Xml.dll" /reference:"C:\Program Files\dotnet\packs\Microsoft.NETCore.App.Ref\8.0.22\ref\net8.0\System.Security.AccessControl.dll" /reference:"C:\Program Files\dotnet\packs\Microsoft.NETCore.App.Ref\8.0.22\ref\net8.0\System.Security.Claims.dll" /reference:"C:\Program Files\dotnet\packs\Microsoft.NETCore.App.Ref\8.0.22\ref\net8.0\System.Security.Cryptography.Algorithms.dll" /reference:"C:\Program Files\dotnet\packs\Microsoft.NETCore.App.Ref\8.0.22\ref\net8.0\System.Security.Cryptography.Cng.dll" /reference:"C:\Program Files\dotnet\packs\Microsoft.NETCore.App.Ref\8.0.22\ref\net8.0\System.Security.Cryptography.Csp.dll" /reference:"C:\Program Files\dotnet\packs\Microsoft.NETCore.App.Ref\8.0.22\ref\net8.0\System.Security.Cryptography.dll" /reference:"C:\Program Files\dotnet\packs\Microsoft.NETCore.App.Ref\8.0.22\ref\net8.0\System.Security.Cryptography.Encoding.dll" /reference:"C:\Program Files\dotnet\packs\Microsoft.NETCore.App.Ref\8.0.22\ref\net8.0\System.Security.Cryptography.OpenSsl.dll" /reference:"C:\Program Files\dotnet\packs\Microsoft.NETCore.App.Ref\8.0.22\ref\net8.0\System.Security.Cryptography.Primitives.dll" /reference:"C:\Program Files\dotnet\packs\Microsoft.NETCore.App.Ref\8.0.22\ref\net8.0\System.Security.Cryptography.X509Certificates.dll" /reference:"C:\Program Files\dotnet\packs\Microsoft.NETCore.App.Ref\8.0.22\ref\net8.0\System.Security.dll" /reference:"C:\Program Files\dotnet\packs\Microsoft.NETCore.App.Ref\8.0.22\ref\net8.0\System.Security.Principal.dll" /reference:"C:\Program Files\dotnet\packs\Microsoft.NETCore.App.Ref\8.0.22\ref\net8.0\System.Security.Principal.Windows.dll" /reference:"C:\Program Files\dotnet\packs\Microsoft.NETCore.App.Ref\8.0.22\ref\net8.0\System.Security.SecureString.dll" /reference:"C:\Program Files\dotnet\packs\Microsoft.NETCore.App.Ref\8.0.22\ref\net8.0\System.ServiceModel.Web.dll" /reference:"C:\Program Files\dotnet\packs\Microsoft.NETCore.App.Ref\8.0.22\ref\net8.0\System.ServiceProcess.dll" /reference:"C:\Program Files\dotnet\packs\Microsoft.NETCore.App.Ref\8.0.22\ref\net8.0\System.Text.Encoding.CodePages.dll" /reference:"C:\Program Files\dotnet\packs\Microsoft.NETCore.App.Ref\8.0.22\ref\net8.0\System.Text.Encoding.dll" /reference:"C:\Program Files\dotnet\packs\Microsoft.NETCore.App.Ref\8.0.22\ref\net8.0\System.Text.Encoding.Extensions.dll" /reference:"C:\Program Files\dotnet\packs\Microsoft.NETCore.App.Ref\8.0.22\ref\net8.0\System.Text.Encodings.Web.dll" /reference:"C:\Program Files\dotnet\packs\Microsoft.NETCore.App.Ref\8.0.22\ref\net8.0\System.Text.Json.dll" /reference:"C:\Program Files\dotnet\packs\Microsoft.NETCore.App.Ref\8.0.22\ref\net8.0\System.Text.RegularExpressions.dll" /reference:"C:\Program Files\dotnet\packs\Microsoft.NETCore.App.Ref\8.0.22\ref\net8.0\System.Threading.Channels.dll" /reference:"C:\Program Files\dotnet\packs\Microsoft.NETCore.App.Ref\8.0.22\ref\net8.0\System.Threading.dll" /reference:"C:\Program Files\dotnet\packs\Microsoft.NETCore.App.Ref\8.0.22\ref\net8.0\System.Threading.Overlapped.dll" /reference:"C:\Program Files\dotnet\packs\Microsoft.NETCore.App.Ref\8.0.22\ref\net8.0\System.Threading.Tasks.Dataflow.dll" /reference:"C:\Program Files\dotnet\packs\Microsoft.NETCore.App.Ref\8.0.22\ref\net8.0\System.Threading.Tasks.dll" /reference:"C:\Program Files\dotnet\packs\Microsoft.NETCore.App.Ref\8.0.22\ref\net8.0\System.Threading.Tasks.Extensions.dll" /reference:"C:\Program Files\dotnet\packs\Microsoft.NETCore.App.Ref\8.0.22\ref\net8.0\System.Threading.Tasks.Parallel.dll" /reference:"C:\Program Files\dotnet\packs\Microsoft.NETCore.App.Ref\8.0.22\ref\net8.0\System.Threading.Thread.dll" /reference:"C:\Program Files\dotnet\packs\Microsoft.NETCore.App.Ref\8.0.22\ref\net8.0\System.Threading.ThreadPool.dll" /reference:"C:\Program Files\dotnet\packs\Microsoft.NETCore.App.Ref\8.0.22\ref\net8.0\System.Threading.Timer.dll" /reference:"C:\Program Files\dotnet\packs\Microsoft.NETCore.App.Ref\8.0.22\ref\net8.0\System.Transactions.dll" /reference:"C:\Program Files\dotnet\packs\Microsoft.NETCore.App.Ref\8.0.22\ref\net8.0\System.Transactions.Local.dll" /reference:"C:\Program Files\dotnet\packs\Microsoft.NETCore.App.Ref\8.0.22\ref\net8.0\System.ValueTuple.dll" /reference:"C:\Program Files\dotnet\packs\Microsoft.NETCore.App.Ref\8.0.22\ref\net8.0\System.Web.dll" /reference:"C:\Program Files\dotnet\packs\Microsoft.NETCore.App.Ref\8.0.22\ref\net8.0\System.Web.HttpUtility.dll" /reference:"C:\Program Files\dotnet\packs\Microsoft.NETCore.App.Ref\8.0.22\ref\net8.0\System.Windows.dll" /reference:"C:\Program Files\dotnet\packs\Microsoft.NETCore.App.Ref\8.0.22\ref\net8.0\System.Xml.dll" /reference:"C:\Program Files\dotnet\packs\Microsoft.NETCore.App.Ref\8.0.22\ref\net8.0\System.Xml.Linq.dll" /reference:"C:\Program Files\dotnet\packs\Microsoft.NETCore.App.Ref\8.0.22\ref\net8.0\System.Xml.ReaderWriter.dll" /reference:"C:\Program Files\dotnet\packs\Microsoft.NETCore.App.Ref\8.0.22\ref\net8.0\System.Xml.Serialization.dll" /reference:"C:\Program Files\dotnet\packs\Microsoft.NETCore.App.Ref\8.0.22\ref\net8.0\System.Xml.XDocument.dll" /reference:"C:\Program Files\dotnet\packs\Microsoft.NETCore.App.Ref\8.0.22\ref\net8.0\System.Xml.XmlDocument.dll" /reference:"C:\Program Files\dotnet\packs\Microsoft.NETCore.App.Ref\8.0.22\ref\net8.0\System.Xml.XmlSerializer.dll" /reference:"C:\Program Files\dotnet\packs\Microsoft.NETCore.App.Ref\8.0.22\ref\net8.0\System.Xml.XPath.dll" /reference:"C:\Program Files\dotnet\packs\Microsoft.NETCore.App.Ref\8.0.22\ref\net8.0\System.Xml.XPath.XDocument.dll" /reference:C:\Users\PC\Documents\UniCast\UniCast.Core\obj\Debug\net8.0\ref\UniCast.Core.dll /reference:"C:\Program Files\dotnet\packs\Microsoft.NETCore.App.Ref\8.0.22\ref\net8.0\WindowsBase.dll" /reference:C:\Users\PC\.nuget\packages\microsoft.windows.sdk.net.ref\10.0.19041.57\lib\net8.0\WinRT.Runtime.dll /debug+ /debug:portable /filealign:512 /optimize- /out:obj\Debug\net8.0-windows10.0.19041.0\Unicast.Capture.dll /refout:obj\Debug\net8.0-windows10.0.19041.0\refint\Unicast.Capture.dll /target:library /warnaserror- /utf8output /deterministic+ /sourcelink:obj\Debug\net8.0-windows10.0.19041.0\Unicast.Capture.sourcelink.json /langversion:12.0 /embed:obj\Debug\net8.0-windows10.0.19041.0\Unicast.Capture.GlobalUsings.g.cs /embed:"obj\Debug\net8.0-windows10.0.19041.0\.NETCoreApp,Version=v8.0.AssemblyAttributes.cs" /embed:obj\Debug\net8.0-windows10.0.19041.0\Unicast.Capture.AssemblyInfo.cs /analyzerconfig:obj\Debug\net8.0-windows10.0.19041.0\Unicast.Capture.GeneratedMSBuildEditorConfig.editorconfig /analyzerconfig:"C:\Program Files\dotnet\sdk\10.0.100\Sdks\Microsoft.NET.Sdk\analyzers\build\config\analysislevel_8_default.globalconfig" /analyzer:"C:\Program Files\dotnet\sdk\10.0.100\Sdks\Microsoft.NET.Sdk\targets\..\analyzers\Microsoft.CodeAnalysis.CSharp.NetAnalyzers.dll" /analyzer:"C:\Program Files\dotnet\sdk\10.0.100\Sdks\Microsoft.NET.Sdk\targets\..\analyzers\Microsoft.CodeAnalysis.NetAnalyzers.dll" /analyzer:"C:\Program Files\dotnet\packs\Microsoft.NETCore.App.Ref\8.0.22\analyzers/dotnet/cs/Microsoft.Interop.ComInterfaceGenerator.dll" /analyzer:"C:\Program Files\dotnet\packs\Microsoft.NETCore.App.Ref\8.0.22\analyzers/dotnet/cs/Microsoft.Interop.JavaScript.JSImportGenerator.dll" /analyzer:"C:\Program Files\dotnet\packs\Microsoft.NETCore.App.Ref\8.0.22\analyzers/dotnet/cs/Microsoft.Interop.LibraryImportGenerator.dll" /analyzer:"C:\Program Files\dotnet\packs\Microsoft.NETCore.App.Ref\8.0.22\analyzers/dotnet/cs/Microsoft.Interop.SourceGeneration.dll" /analyzer:"C:\Program Files\dotnet\packs\Microsoft.NETCore.App.Ref\8.0.22\analyzers/dotnet/cs/System.Text.Json.SourceGeneration.dll" /analyzer:"C:\Program Files\dotnet\packs\Microsoft.NETCore.App.Ref\8.0.22\analyzers/dotnet/cs/System.Text.RegularExpressions.Generator.dll" /analyzer:C:\Users\PC\.nuget\packages\microsoft.windows.sdk.net.ref\10.0.19041.57\analyzers/dotnet/cs/WinRT.SourceGenerator.dll MediaFoundation\MediaFoundationCaptureService.cs obj\Debug\net8.0-windows10.0.19041.0\Unicast.Capture.GlobalUsings.g.cs "obj\Debug\net8.0-windows10.0.19041.0\.NETCoreApp,Version=v8.0.AssemblyAttributes.cs" obj\Debug\net8.0-windows10.0.19041.0\Unicast.Capture.AssemblyInfo.cs /warnaserror+:NU1605,SYSLIB0011
         Compilation request Unicast.Capture (net8.0-windows10.0.19041.0), PathToTool=C:\Program Files\dotnet\sdk\10.0.100\Roslyn\bincore\csc.exe
         CommandLine = ' /noconfig'
         BuildResponseFile = '/unsafe- /checked- /nowarn:1701,1702,1701,1702 /fullpaths /nostdlib+ /errorreport:prompt /warn:8 /define:TRACE;DEBUG;NET;NET8_0;NETCOREAPP;WINDOWS;WINDOWS10_0_19041_0;NET5_0_OR_GREATER;NET6_0_OR_GREATER;NET7_0_OR_GREATER;NET8_0_OR_GREATER;NETCOREAPP1_0_OR_GREATER;NETCOREAPP1_1_OR_GREATER;NETCOREAPP2_0_OR_GREATER;NETCOREAPP2_1_OR_GREATER;NETCOREAPP2_2_OR_GREATER;NETCOREAPP3_0_OR_GREATER;NETCOREAPP3_1_OR_GREATER;W¦-NDOWS10_0_19041_0_OR_GREATER;W¦-NDOWS10_0_18362_0_OR_GREATER;W¦-NDOWS10_0_17763_0_OR_GREATER;W¦-NDOWS8_0_OR_GREATER;W¦-NDOWS7_0_OR_GREATER /preferreduilang:tr-TR /highentropyva+ /nullable:enable /reference:C:\Users\PC\.nuget\packages\instagramapisharp\1.8.1\lib\net8.0\InstagramApiSharp.dll /reference:"C:\Program Files\dotnet\packs\Microsoft.NETCore.App.Ref\8.0.22\ref\net8.0\Microsoft.CSharp.dll" /reference:"C:\Program Files\dotnet\packs\Microsoft.NETCore.App.Ref\8.0.22\ref\net8.0\Microsoft.VisualBasic.Core.dll" /reference:"C:\Program Files\dotnet\packs\Microsoft.NETCore.App.Ref\8.0.22\ref\net8.0\Microsoft.VisualBasic.dll" /reference:"C:\Program Files\dotnet\packs\Microsoft.NETCore.App.Ref\8.0.22\ref\net8.0\Microsoft.Win32.Primitives.dll" /reference:"C:\Program Files\dotnet\packs\Microsoft.NETCore.App.Ref\8.0.22\ref\net8.0\Microsoft.Win32.Registry.dll" /reference:C:\Users\PC\.nuget\packages\microsoft.win32.systemevents\8.0.0\lib\net8.0\Microsoft.Win32.SystemEvents.dll /reference:C:\Users\PC\.nuget\packages\microsoft.windows.sdk.net.ref\10.0.19041.57\lib\net8.0\Microsoft.Windows.SDK.NET.dll /reference:"C:\Program Files\dotnet\packs\Microsoft.NETCore.App.Ref\8.0.22\ref\net8.0\mscorlib.dll" /reference:"C:\Program Files\dotnet\packs\Microsoft.NETCore.App.Ref\8.0.22\ref\net8.0\netstandard.dll" /reference:C:\Users\PC\.nuget\packages\newtonsoft.json\13.0.3\lib\net6.0\Newtonsoft.Json.dll /reference:C:\Users\PC\.nuget\packages\opencvsharp4\4.11.0.20250507\lib\net6.0\OpenCvSharp.dll /reference:C:\Users\PC\.nuget\packages\opencvsharp4.wpfextensions\4.11.0.20250507\lib\net6.0\OpenCvSharp.WpfExtensions.dll /reference:C:\Users\PC\.nuget\packages\serilog\4.3.0\lib\net8.0\Serilog.dll /reference:"C:\Program Files\dotnet\packs\Microsoft.NETCore.App.Ref\8.0.22\ref\net8.0\System.AppContext.dll" /reference:"C:\Program Files\dotnet\packs\Microsoft.NETCore.App.Ref\8.0.22\ref\net8.0\System.Buffers.dll" /reference:"C:\Program Files\dotnet\packs\Microsoft.NETCore.App.Ref\8.0.22\ref\net8.0\System.Collections.Concurrent.dll" /reference:"C:\Program Files\dotnet\packs\Microsoft.NETCore.App.Ref\8.0.22\ref\net8.0\System.Collections.dll" /reference:"C:\Program Files\dotnet\packs\Microsoft.NETCore.App.Ref\8.0.22\ref\net8.0\System.Collections.Immutable.dll" /reference:"C:\Program Files\dotnet\packs\Microsoft.NETCore.App.Ref\8.0.22\ref\net8.0\System.Collections.NonGeneric.dll" /reference:"C:\Program Files\dotnet\packs\Microsoft.NETCore.App.Ref\8.0.22\ref\net8.0\System.Collections.Specialized.dll" /reference:"C:\Program Files\dotnet\packs\Microsoft.NETCore.App.Ref\8.0.22\ref\net8.0\System.ComponentModel.Annotations.dll" /reference:"C:\Program Files\dotnet\packs\Microsoft.NETCore.App.Ref\8.0.22\ref\net8.0\System.ComponentModel.DataAnnotations.dll" /reference:"C:\Program Files\dotnet\packs\Microsoft.NETCore.App.Ref\8.0.22\ref\net8.0\System.ComponentModel.dll" /reference:"C:\Program Files\dotnet\packs\Microsoft.NETCore.App.Ref\8.0.22\ref\net8.0\System.ComponentModel.EventBasedAsync.dll" /reference:"C:\Program Files\dotnet\packs\Microsoft.NETCore.App.Ref\8.0.22\ref\net8.0\System.ComponentModel.Primitives.dll" /reference:"C:\Program Files\dotnet\packs\Microsoft.NETCore.App.Ref\8.0.22\ref\net8.0\System.ComponentModel.TypeConverter.dll" /reference:"C:\Program Files\dotnet\packs\Microsoft.NETCore.App.Ref\8.0.22\ref\net8.0\System.Configuration.dll" /reference:"C:\Program Files\dotnet\packs\Microsoft.NETCore.App.Ref\8.0.22\ref\net8.0\System.Console.dll" /reference:"C:\Program Files\dotnet\packs\Microsoft.NETCore.App.Ref\8.0.22\ref\net8.0\System.Core.dll" /reference:"C:\Program Files\dotnet\packs\Microsoft.NETCore.App.Ref\8.0.22\ref\net8.0\System.Data.Common.dll" /reference:"C:\Program Files\dotnet\packs\Microsoft.NETCore.App.Ref\8.0.22\ref\net8.0\System.Data.DataSetExtensions.dll" /reference:"C:\Program Files\dotnet\packs\Microsoft.NETCore.App.Ref\8.0.22\ref\net8.0\System.Data.dll" /reference:"C:\Program Files\dotnet\packs\Microsoft.NETCore.App.Ref\8.0.22\ref\net8.0\System.Diagnostics.Contracts.dll" /reference:"C:\Program Files\dotnet\packs\Microsoft.NETCore.App.Ref\8.0.22\ref\net8.0\System.Diagnostics.Debug.dll" /reference:"C:\Program Files\dotnet\packs\Microsoft.NETCore.App.Ref\8.0.22\ref\net8.0\System.Diagnostics.DiagnosticSource.dll" /reference:"C:\Program Files\dotnet\packs\Microsoft.NETCore.App.Ref\8.0.22\ref\net8.0\System.Diagnostics.FileVersionInfo.dll" /reference:"C:\Program Files\dotnet\packs\Microsoft.NETCore.App.Ref\8.0.22\ref\net8.0\System.Diagnostics.Process.dll" /reference:"C:\Program Files\dotnet\packs\Microsoft.NETCore.App.Ref\8.0.22\ref\net8.0\System.Diagnostics.StackTrace.dll" /reference:"C:\Program Files\dotnet\packs\Microsoft.NETCore.App.Ref\8.0.22\ref\net8.0\System.Diagnostics.TextWriterTraceListener.dll" /reference:"C:\Program Files\dotnet\packs\Microsoft.NETCore.App.Ref\8.0.22\ref\net8.0\System.Diagnostics.Tools.dll" /reference:"C:\Program Files\dotnet\packs\Microsoft.NETCore.App.Ref\8.0.22\ref\net8.0\System.Diagnostics.TraceSource.dll" /reference:"C:\Program Files\dotnet\packs\Microsoft.NETCore.App.Ref\8.0.22\ref\net8.0\System.Diagnostics.Tracing.dll" /reference:"C:\Program Files\dotnet\packs\Microsoft.NETCore.App.Ref\8.0.22\ref\net8.0\System.dll" /reference:C:\Users\PC\.nuget\packages\system.drawing.common\8.0.11\lib\net8.0\System.Drawing.Common.dll /reference:"C:\Program Files\dotnet\packs\Microsoft.NETCore.App.Ref\8.0.22\ref\net8.0\System.Drawing.dll" /reference:"C:\Program Files\dotnet\packs\Microsoft.NETCore.App.Ref\8.0.22\ref\net8.0\System.Drawing.Primitives.dll" /reference:"C:\Program Files\dotnet\packs\Microsoft.NETCore.App.Ref\8.0.22\ref\net8.0\System.Dynamic.Runtime.dll" /reference:"C:\Program Files\dotnet\packs\Microsoft.NETCore.App.Ref\8.0.22\ref\net8.0\System.Formats.Asn1.dll" /reference:"C:\Program Files\dotnet\packs\Microsoft.NETCore.App.Ref\8.0.22\ref\net8.0\System.Formats.Tar.dll" /reference:"C:\Program Files\dotnet\packs\Microsoft.NETCore.App.Ref\8.0.22\ref\net8.0\System.Globalization.Calendars.dll" /reference:"C:\Program Files\dotnet\packs\Microsoft.NETCore.App.Ref\8.0.22\ref\net8.0\System.Globalization.dll" /reference:"C:\Program Files\dotnet\packs\Microsoft.NETCore.App.Ref\8.0.22\ref\net8.0\System.Globalization.Extensions.dll" /reference:"C:\Program Files\dotnet\packs\Microsoft.NETCore.App.Ref\8.0.22\ref\net8.0\System.IO.Compression.Brotli.dll" /reference:"C:\Program Files\dotnet\packs\Microsoft.NETCore.App.Ref\8.0.22\ref\net8.0\System.IO.Compression.dll" /reference:"C:\Program Files\dotnet\packs\Microsoft.NETCore.App.Ref\8.0.22\ref\net8.0\System.IO.Compression.FileSystem.dll" /reference:"C:\Program Files\dotnet\packs\Microsoft.NETCore.App.Ref\8.0.22\ref\net8.0\System.IO.Compression.ZipFile.dll" /reference:"C:\Program Files\dotnet\packs\Microsoft.NETCore.App.Ref\8.0.22\ref\net8.0\System.IO.dll" /reference:"C:\Program Files\dotnet\packs\Microsoft.NETCore.App.Ref\8.0.22\ref\net8.0\System.IO.FileSystem.AccessControl.dll" /reference:"C:\Program Files\dotnet\packs\Microsoft.NETCore.App.Ref\8.0.22\ref\net8.0\System.IO.FileSystem.dll" /reference:"C:\Program Files\dotnet\packs\Microsoft.NETCore.App.Ref\8.0.22\ref\net8.0\System.IO.FileSystem.DriveInfo.dll" /reference:"C:\Program Files\dotnet\packs\Microsoft.NETCore.App.Ref\8.0.22\ref\net8.0\System.IO.FileSystem.Primitives.dll" /reference:"C:\Program Files\dotnet\packs\Microsoft.NETCore.App.Ref\8.0.22\ref\net8.0\System.IO.FileSystem.Watcher.dll" /reference:"C:\Program Files\dotnet\packs\Microsoft.NETCore.App.Ref\8.0.22\ref\net8.0\System.IO.IsolatedStorage.dll" /reference:"C:\Program Files\dotnet\packs\Microsoft.NETCore.App.Ref\8.0.22\ref\net8.0\System.IO.MemoryMappedFiles.dll" /reference:"C:\Program Files\dotnet\packs\Microsoft.NETCore.App.Ref\8.0.22\ref\net8.0\System.IO.Pipes.AccessControl.dll" /reference:"C:\Program Files\dotnet\packs\Microsoft.NETCore.App.Ref\8.0.22\ref\net8.0\System.IO.Pipes.dll" /reference:"C:\Program Files\dotnet\packs\Microsoft.NETCore.App.Ref\8.0.22\ref\net8.0\System.IO.UnmanagedMemoryStream.dll" /reference:"C:\Program Files\dotnet\packs\Microsoft.NETCore.App.Ref\8.0.22\ref\net8.0\System.Linq.dll" /reference:"C:\Program Files\dotnet\packs\Microsoft.NETCore.App.Ref\8.0.22\ref\net8.0\System.Linq.Expressions.dll" /reference:"C:\Program Files\dotnet\packs\Microsoft.NETCore.App.Ref\8.0.22\ref\net8.0\System.Linq.Parallel.dll" /reference:"C:\Program Files\dotnet\packs\Microsoft.NETCore.App.Ref\8.0.22\ref\net8.0\System.Linq.Queryable.dll" /reference:"C:\Program Files\dotnet\packs\Microsoft.NETCore.App.Ref\8.0.22\ref\net8.0\System.Memory.dll" /reference:"C:\Program Files\dotnet\packs\Microsoft.NETCore.App.Ref\8.0.22\ref\net8.0\System.Net.dll" /reference:"C:\Program Files\dotnet\packs\Microsoft.NETCore.App.Ref\8.0.22\ref\net8.0\System.Net.Http.dll" /reference:"C:\Program Files\dotnet\packs\Microsoft.NETCore.App.Ref\8.0.22\ref\net8.0\System.Net.Http.Json.dll" /reference:"C:\Program Files\dotnet\packs\Microsoft.NETCore.App.Ref\8.0.22\ref\net8.0\System.Net.HttpListener.dll" /reference:"C:\Program Files\dotnet\packs\Microsoft.NETCore.App.Ref\8.0.22\ref\net8.0\System.Net.Mail.dll" /reference:"C:\Program Files\dotnet\packs\Microsoft.NETCore.App.Ref\8.0.22\ref\net8.0\System.Net.NameResolution.dll" /reference:"C:\Program Files\dotnet\packs\Microsoft.NETCore.App.Ref\8.0.22\ref\net8.0\System.Net.NetworkInformation.dll" /reference:"C:\Program Files\dotnet\packs\Microsoft.NETCore.App.Ref\8.0.22\ref\net8.0\System.Net.Ping.dll" /reference:"C:\Program Files\dotnet\packs\Microsoft.NETCore.App.Ref\8.0.22\ref\net8.0\System.Net.Primitives.dll" /reference:"C:\Program Files\dotnet\packs\Microsoft.NETCore.App.Ref\8.0.22\ref\net8.0\System.Net.Quic.dll" /reference:"C:\Program Files\dotnet\packs\Microsoft.NETCore.App.Ref\8.0.22\ref\net8.0\System.Net.Requests.dll" /reference:"C:\Program Files\dotnet\packs\Microsoft.NETCore.App.Ref\8.0.22\ref\net8.0\System.Net.Security.dll" /reference:"C:\Program Files\dotnet\packs\Microsoft.NETCore.App.Ref\8.0.22\ref\net8.0\System.Net.ServicePoint.dll" /reference:"C:\Program Files\dotnet\packs\Microsoft.NETCore.App.Ref\8.0.22\ref\net8.0\System.Net.Sockets.dll" /reference:"C:\Program Files\dotnet\packs\Microsoft.NETCore.App.Ref\8.0.22\ref\net8.0\System.Net.WebClient.dll" /reference:"C:\Program Files\dotnet\packs\Microsoft.NETCore.App.Ref\8.0.22\ref\net8.0\System.Net.WebHeaderCollection.dll" /reference:"C:\Program Files\dotnet\packs\Microsoft.NETCore.App.Ref\8.0.22\ref\net8.0\System.Net.WebProxy.dll" /reference:"C:\Program Files\dotnet\packs\Microsoft.NETCore.App.Ref\8.0.22\ref\net8.0\System.Net.WebSockets.Client.dll" /reference:"C:\Program Files\dotnet\packs\Microsoft.NETCore.App.Ref\8.0.22\ref\net8.0\System.Net.WebSockets.dll" /reference:"C:\Program Files\dotnet\packs\Microsoft.NETCore.App.Ref\8.0.22\ref\net8.0\System.Numerics.dll" /reference:"C:\Program Files\dotnet\packs\Microsoft.NETCore.App.Ref\8.0.22\ref\net8.0\System.Numerics.Vectors.dll" /reference:"C:\Program Files\dotnet\packs\Microsoft.NETCore.App.Ref\8.0.22\ref\net8.0\System.ObjectModel.dll" /reference:"C:\Program Files\dotnet\packs\Microsoft.NETCore.App.Ref\8.0.22\ref\net8.0\System.Reflection.DispatchProxy.dll" /reference:"C:\Program Files\dotnet\packs\Microsoft.NETCore.App.Ref\8.0.22\ref\net8.0\System.Reflection.dll" /reference:"C:\Program Files\dotnet\packs\Microsoft.NETCore.App.Ref\8.0.22\ref\net8.0\System.Reflection.Emit.dll" /reference:"C:\Program Files\dotnet\packs\Microsoft.NETCore.App.Ref\8.0.22\ref\net8.0\System.Reflection.Emit.ILGeneration.dll" /reference:"C:\Program Files\dotnet\packs\Microsoft.NETCore.App.Ref\8.0.22\ref\net8.0\System.Reflection.Emit.Lightweight.dll" /reference:"C:\Program Files\dotnet\packs\Microsoft.NETCore.App.Ref\8.0.22\ref\net8.0\System.Reflection.Extensions.dll" /reference:"C:\Program Files\dotnet\packs\Microsoft.NETCore.App.Ref\8.0.22\ref\net8.0\System.Reflection.Metadata.dll" /reference:"C:\Program Files\dotnet\packs\Microsoft.NETCore.App.Ref\8.0.22\ref\net8.0\System.Reflection.Primitives.dll" /reference:"C:\Program Files\dotnet\packs\Microsoft.NETCore.App.Ref\8.0.22\ref\net8.0\System.Reflection.TypeExtensions.dll" /reference:"C:\Program Files\dotnet\packs\Microsoft.NETCore.App.Ref\8.0.22\ref\net8.0\System.Resources.Reader.dll" /reference:"C:\Program Files\dotnet\packs\Microsoft.NETCore.App.Ref\8.0.22\ref\net8.0\System.Resources.ResourceManager.dll" /reference:"C:\Program Files\dotnet\packs\Microsoft.NETCore.App.Ref\8.0.22\ref\net8.0\System.Resources.Writer.dll" /reference:"C:\Program Files\dotnet\packs\Microsoft.NETCore.App.Ref\8.0.22\ref\net8.0\System.Runtime.CompilerServices.Unsafe.dll" /reference:"C:\Program Files\dotnet\packs\Microsoft.NETCore.App.Ref\8.0.22\ref\net8.0\System.Runtime.CompilerServices.VisualC.dll" /reference:"C:\Program Files\dotnet\packs\Microsoft.NETCore.App.Ref\8.0.22\ref\net8.0\System.Runtime.dll" /reference:"C:\Program Files\dotnet\packs\Microsoft.NETCore.App.Ref\8.0.22\ref\net8.0\System.Runtime.Extensions.dll" /reference:"C:\Program Files\dotnet\packs\Microsoft.NETCore.App.Ref\8.0.22\ref\net8.0\System.Runtime.Handles.dll" /reference:"C:\Program Files\dotnet\packs\Microsoft.NETCore.App.Ref\8.0.22\ref\net8.0\System.Runtime.InteropServices.dll" /reference:"C:\Program Files\dotnet\packs\Microsoft.NETCore.App.Ref\8.0.22\ref\net8.0\System.Runtime.InteropServices.JavaScript.dll" /reference:"C:\Program Files\dotnet\packs\Microsoft.NETCore.App.Ref\8.0.22\ref\net8.0\System.Runtime.InteropServices.RuntimeInformation.dll" /reference:"C:\Program Files\dotnet\packs\Microsoft.NETCore.App.Ref\8.0.22\ref\net8.0\System.Runtime.Intrinsics.dll" /reference:"C:\Program Files\dotnet\packs\Microsoft.NETCore.App.Ref\8.0.22\ref\net8.0\System.Runtime.Loader.dll" /reference:"C:\Program Files\dotnet\packs\Microsoft.NETCore.App.Ref\8.0.22\ref\net8.0\System.Runtime.Numerics.dll" /reference:"C:\Program Files\dotnet\packs\Microsoft.NETCore.App.Ref\8.0.22\ref\net8.0\System.Runtime.Serialization.dll" /reference:"C:\Program Files\dotnet\packs\Microsoft.NETCore.App.Ref\8.0.22\ref\net8.0\System.Runtime.Serialization.Formatters.dll" /reference:"C:\Program Files\dotnet\packs\Microsoft.NETCore.App.Ref\8.0.22\ref\net8.0\System.Runtime.Serialization.Json.dll" /reference:"C:\Program Files\dotnet\packs\Microsoft.NETCore.App.Ref\8.0.22\ref\net8.0\System.Runtime.Serialization.Primitives.dll" /reference:"C:\Program Files\dotnet\packs\Microsoft.NETCore.App.Ref\8.0.22\ref\net8.0\System.Runtime.Serialization.Xml.dll" /reference:"C:\Program Files\dotnet\packs\Microsoft.NETCore.App.Ref\8.0.22\ref\net8.0\System.Security.AccessControl.dll" /reference:"C:\Program Files\dotnet\packs\Microsoft.NETCore.App.Ref\8.0.22\ref\net8.0\System.Security.Claims.dll" /reference:"C:\Program Files\dotnet\packs\Microsoft.NETCore.App.Ref\8.0.22\ref\net8.0\System.Security.Cryptography.Algorithms.dll" /reference:"C:\Program Files\dotnet\packs\Microsoft.NETCore.App.Ref\8.0.22\ref\net8.0\System.Security.Cryptography.Cng.dll" /reference:"C:\Program Files\dotnet\packs\Microsoft.NETCore.App.Ref\8.0.22\ref\net8.0\System.Security.Cryptography.Csp.dll" /reference:"C:\Program Files\dotnet\packs\Microsoft.NETCore.App.Ref\8.0.22\ref\net8.0\System.Security.Cryptography.dll" /reference:"C:\Program Files\dotnet\packs\Microsoft.NETCore.App.Ref\8.0.22\ref\net8.0\System.Security.Cryptography.Encoding.dll" /reference:"C:\Program Files\dotnet\packs\Microsoft.NETCore.App.Ref\8.0.22\ref\net8.0\System.Security.Cryptography.OpenSsl.dll" /reference:"C:\Program Files\dotnet\packs\Microsoft.NETCore.App.Ref\8.0.22\ref\net8.0\System.Security.Cryptography.Primitives.dll" /reference:"C:\Program Files\dotnet\packs\Microsoft.NETCore.App.Ref\8.0.22\ref\net8.0\System.Security.Cryptography.X509Certificates.dll" /reference:"C:\Program Files\dotnet\packs\Microsoft.NETCore.App.Ref\8.0.22\ref\net8.0\System.Security.dll" /reference:"C:\Program Files\dotnet\packs\Microsoft.NETCore.App.Ref\8.0.22\ref\net8.0\System.Security.Principal.dll" /reference:"C:\Program Files\dotnet\packs\Microsoft.NETCore.App.Ref\8.0.22\ref\net8.0\System.Security.Principal.Windows.dll" /reference:"C:\Program Files\dotnet\packs\Microsoft.NETCore.App.Ref\8.0.22\ref\net8.0\System.Security.SecureString.dll" /reference:"C:\Program Files\dotnet\packs\Microsoft.NETCore.App.Ref\8.0.22\ref\net8.0\System.ServiceModel.Web.dll" /reference:"C:\Program Files\dotnet\packs\Microsoft.NETCore.App.Ref\8.0.22\ref\net8.0\System.ServiceProcess.dll" /reference:"C:\Program Files\dotnet\packs\Microsoft.NETCore.App.Ref\8.0.22\ref\net8.0\System.Text.Encoding.CodePages.dll" /reference:"C:\Program Files\dotnet\packs\Microsoft.NETCore.App.Ref\8.0.22\ref\net8.0\System.Text.Encoding.dll" /reference:"C:\Program Files\dotnet\packs\Microsoft.NETCore.App.Ref\8.0.22\ref\net8.0\System.Text.Encoding.Extensions.dll" /reference:"C:\Program Files\dotnet\packs\Microsoft.NETCore.App.Ref\8.0.22\ref\net8.0\System.Text.Encodings.Web.dll" /reference:"C:\Program Files\dotnet\packs\Microsoft.NETCore.App.Ref\8.0.22\ref\net8.0\System.Text.Json.dll" /reference:"C:\Program Files\dotnet\packs\Microsoft.NETCore.App.Ref\8.0.22\ref\net8.0\System.Text.RegularExpressions.dll" /reference:"C:\Program Files\dotnet\packs\Microsoft.NETCore.App.Ref\8.0.22\ref\net8.0\System.Threading.Channels.dll" /reference:"C:\Program Files\dotnet\packs\Microsoft.NETCore.App.Ref\8.0.22\ref\net8.0\System.Threading.dll" /reference:"C:\Program Files\dotnet\packs\Microsoft.NETCore.App.Ref\8.0.22\ref\net8.0\System.Threading.Overlapped.dll" /reference:"C:\Program Files\dotnet\packs\Microsoft.NETCore.App.Ref\8.0.22\ref\net8.0\System.Threading.Tasks.Dataflow.dll" /reference:"C:\Program Files\dotnet\packs\Microsoft.NETCore.App.Ref\8.0.22\ref\net8.0\System.Threading.Tasks.dll" /reference:"C:\Program Files\dotnet\packs\Microsoft.NETCore.App.Ref\8.0.22\ref\net8.0\System.Threading.Tasks.Extensions.dll" /reference:"C:\Program Files\dotnet\packs\Microsoft.NETCore.App.Ref\8.0.22\ref\net8.0\System.Threading.Tasks.Parallel.dll" /reference:"C:\Program Files\dotnet\packs\Microsoft.NETCore.App.Ref\8.0.22\ref\net8.0\System.Threading.Thread.dll" /reference:"C:\Program Files\dotnet\packs\Microsoft.NETCore.App.Ref\8.0.22\ref\net8.0\System.Threading.ThreadPool.dll" /reference:"C:\Program Files\dotnet\packs\Microsoft.NETCore.App.Ref\8.0.22\ref\net8.0\System.Threading.Timer.dll" /reference:"C:\Program Files\dotnet\packs\Microsoft.NETCore.App.Ref\8.0.22\ref\net8.0\System.Transactions.dll" /reference:"C:\Program Files\dotnet\packs\Microsoft.NETCore.App.Ref\8.0.22\ref\net8.0\System.Transactions.Local.dll" /reference:"C:\Program Files\dotnet\packs\Microsoft.NETCore.App.Ref\8.0.22\ref\net8.0\System.ValueTuple.dll" /reference:"C:\Program Files\dotnet\packs\Microsoft.NETCore.App.Ref\8.0.22\ref\net8.0\System.Web.dll" /reference:"C:\Program Files\dotnet\packs\Microsoft.NETCore.App.Ref\8.0.22\ref\net8.0\System.Web.HttpUtility.dll" /reference:"C:\Program Files\dotnet\packs\Microsoft.NETCore.App.Ref\8.0.22\ref\net8.0\System.Windows.dll" /reference:"C:\Program Files\dotnet\packs\Microsoft.NETCore.App.Ref\8.0.22\ref\net8.0\System.Xml.dll" /reference:"C:\Program Files\dotnet\packs\Microsoft.NETCore.App.Ref\8.0.22\ref\net8.0\System.Xml.Linq.dll" /reference:"C:\Program Files\dotnet\packs\Microsoft.NETCore.App.Ref\8.0.22\ref\net8.0\System.Xml.ReaderWriter.dll" /reference:"C:\Program Files\dotnet\packs\Microsoft.NETCore.App.Ref\8.0.22\ref\net8.0\System.Xml.Serialization.dll" /reference:"C:\Program Files\dotnet\packs\Microsoft.NETCore.App.Ref\8.0.22\ref\net8.0\System.Xml.XDocument.dll" /reference:"C:\Program Files\dotnet\packs\Microsoft.NETCore.App.Ref\8.0.22\ref\net8.0\System.Xml.XmlDocument.dll" /reference:"C:\Program Files\dotnet\packs\Microsoft.NETCore.App.Ref\8.0.22\ref\net8.0\System.Xml.XmlSerializer.dll" /reference:"C:\Program Files\dotnet\packs\Microsoft.NETCore.App.Ref\8.0.22\ref\net8.0\System.Xml.XPath.dll" /reference:"C:\Program Files\dotnet\packs\Microsoft.NETCore.App.Ref\8.0.22\ref\net8.0\System.Xml.XPath.XDocument.dll" /reference:C:\Users\PC\Documents\UniCast\UniCast.Core\obj\Debug\net8.0\ref\UniCast.Core.dll /reference:"C:\Program Files\dotnet\packs\Microsoft.NETCore.App.Ref\8.0.22\ref\net8.0\WindowsBase.dll" /reference:C:\Users\PC\.nuget\packages\microsoft.windows.sdk.net.ref\10.0.19041.57\lib\net8.0\WinRT.Runtime.dll /debug+ /debug:portable /filealign:512 /optimize- /out:obj\Debug\net8.0-windows10.0.19041.0\Unicast.Capture.dll /refout:obj\Debug\net8.0-windows10.0.19041.0\refint\Unicast.Capture.dll /target:library /warnaserror- /utf8output /deterministic+ /sourcelink:obj\Debug\net8.0-windows10.0.19041.0\Unicast.Capture.sourcelink.json /langversion:12.0 /embed:obj\Debug\net8.0-windows10.0.19041.0\Unicast.Capture.GlobalUsings.g.cs /embed:"obj\Debug\net8.0-windows10.0.19041.0\.NETCoreApp,Version=v8.0.AssemblyAttributes.cs" /embed:obj\Debug\net8.0-windows10.0.19041.0\Unicast.Capture.AssemblyInfo.cs /analyzerconfig:obj\Debug\net8.0-windows10.0.19041.0\Unicast.Capture.GeneratedMSBuildEditorConfig.editorconfig /analyzerconfig:"C:\Program Files\dotnet\sdk\10.0.100\Sdks\Microsoft.NET.Sdk\analyzers\build\config\analysislevel_8_default.globalconfig" /analyzer:"C:\Program Files\dotnet\sdk\10.0.100\Sdks\Microsoft.NET.Sdk\targets\..\analyzers\Microsoft.CodeAnalysis.CSharp.NetAnalyzers.dll" /analyzer:"C:\Program Files\dotnet\sdk\10.0.100\Sdks\Microsoft.NET.Sdk\targets\..\analyzers\Microsoft.CodeAnalysis.NetAnalyzers.dll" /analyzer:"C:\Program Files\dotnet\packs\Microsoft.NETCore.App.Ref\8.0.22\analyzers/dotnet/cs/Microsoft.Interop.ComInterfaceGenerator.dll" /analyzer:"C:\Program Files\dotnet\packs\Microsoft.NETCore.App.Ref\8.0.22\analyzers/dotnet/cs/Microsoft.Interop.JavaScript.JSImportGenerator.dll" /analyzer:"C:\Program Files\dotnet\packs\Microsoft.NETCore.App.Ref\8.0.22\analyzers/dotnet/cs/Microsoft.Interop.LibraryImportGenerator.dll" /analyzer:"C:\Program Files\dotnet\packs\Microsoft.NETCore.App.Ref\8.0.22\analyzers/dotnet/cs/Microsoft.Interop.SourceGeneration.dll" /analyzer:"C:\Program Files\dotnet\packs\Microsoft.NETCore.App.Ref\8.0.22\analyzers/dotnet/cs/System.Text.Json.SourceGeneration.dll" /analyzer:"C:\Program Files\dotnet\packs\Microsoft.NETCore.App.Ref\8.0.22\analyzers/dotnet/cs/System.Text.RegularExpressions.Generator.dll" /analyzer:C:\Users\PC\.nuget\packages\microsoft.windows.sdk.net.ref\10.0.19041.57\analyzers/dotnet/cs/WinRT.SourceGenerator.dll MediaFoundation\MediaFoundationCaptureService.cs obj\Debug\net8.0-windows10.0.19041.0\Unicast.Capture.GlobalUsings.g.cs "obj\Debug\net8.0-windows10.0.19041.0\.NETCoreApp,Version=v8.0.AssemblyAttributes.cs" obj\Debug\net8.0-windows10.0.19041.0\Unicast.Capture.AssemblyInfo.cs /warnaserror+:NU1605,SYSLIB0011'
         Attempt to open named pipe 'VJ6jP7ns4k7WzHApVoaqyC+TCssYkENCxZIKZg3UAY8'
         Attempt to connect named pipe 'VJ6jP7ns4k7WzHApVoaqyC+TCssYkENCxZIKZg3UAY8'
     6>CoreGenerateAssemblyInfo:
       T+-m +ğ¦-k¦-+ş dosyalar¦-, giri+ş dosyalar¦-na g+Âre g+-ncel durumda oldu¦şundan "CoreGenerateAssemblyInfo" hedefi atlan¦-yor.
     3>CoreCompile:
         Named pipe 'VJ6jP7ns4k7WzHApVoaqyC+TCssYkENCxZIKZg3UAY8' connected
         Begin writing request for Unicast.Capture (net8.0-windows10.0.19041.0)
         End writing request for Unicast.Capture (net8.0-windows10.0.19041.0)
         Begin reading response for Unicast.Capture (net8.0-windows10.0.19041.0)
     6>_GenerateSourceLinkFile:
         'obj\Debug\net8.0-windows\UniCast.Encoder.sourcelink.json' Source Link dosyas¦- g+-ncel.
       CoreCompile:
       T+-m +ğ¦-k¦-+ş dosyalar¦-, giri+ş dosyalar¦-na g+Âre g+-ncel durumda oldu¦şundan "CoreCompile" hedefi atlan¦-yor.
       GenerateBuildDependencyFile:
       T+-m +ğ¦-k¦-+ş dosyalar¦-, giri+ş dosyalar¦-na g+Âre g+-ncel durumda oldu¦şundan "GenerateBuildDependencyFile" hedefi atlan¦-yor.
       CopyFilesToOutputDirectory:
         UniCast.Encoder -> C:\Users\PC\Documents\UniCast\UniCast.Encoder\bin\Debug\net8.0-windows\UniCast.Encoder.dll
     6>"C:\Users\PC\Documents\UniCast\UniCast.Encoder\UniCast.Encoder.csproj" Projesini Olu+şturma ¦-+şlemi Tamamland¦- (varsay¦-lan hedefler).
     3>CoreCompile:
         End reading response for Unicast.Capture (net8.0-windows10.0.19041.0)
         CompilerServer: server - server processed compilation - Unicast.Capture (net8.0-windows10.0.19041.0)
       CopyFilesToOutputDirectory:
         Dosya "C:\Users\PC\Documents\UniCast\Unicast.Capture\obj\Debug\net8.0-windows10.0.19041.0\Unicast.Capture.dll" konumundan "C:\Users\PC\Documents\UniCast\Unicast.Capture\bin\Debug\net8.0-windows10.0.19041.0\Unicast.Capture.dll" konumuna kopyalan¦-yor.
         Unicast.Capture -> C:\Users\PC\Documents\UniCast\Unicast.Capture\bin\Debug\net8.0-windows10.0.19041.0\Unicast.Capture.dll
         Dosya "C:\Users\PC\Documents\UniCast\Unicast.Capture\obj\Debug\net8.0-windows10.0.19041.0\Unicast.Capture.pdb" konumundan "C:\Users\PC\Documents\UniCast\Unicast.Capture\bin\Debug\net8.0-windows10.0.19041.0\Unicast.Capture.pdb" konumuna kopyalan¦-yor.
     3>"C:\Users\PC\Documents\UniCast\Unicast.Capture\Unicast.Capture.csproj" Projesini Olu+şturma ¦-+şlemi Tamamland¦- (varsay¦-lan hedefler).
   1:8>"C:\Users\PC\Documents\UniCast\UniCast.Tests\UniCast.Tests.csproj" projesi (1:8) 3 d+-¦ş+-m+-nde "C:\Users\PC\Documents\UniCast\UniCast.App\UniCast.App.csproj" (2:6) olu+şturuyor (varsay¦-lan hedefler).
     2>GenerateTemporaryTargetAssembly:
         Dosya "C:\Users\PC\Documents\UniCast\UniCast.App\obj\UniCast.App.csproj.nuget.dgspec.json" konumundan "C:\Users\PC\Documents\UniCast\UniCast.App\obj\UniCast.App_zeis22ot_wpftmp.csproj.nuget.dgspec.json" konumuna kopyalan¦-yor.
         Dosya "C:\Users\PC\Documents\UniCast\UniCast.App\obj\UniCast.App.csproj.nuget.g.props" konumundan "C:\Users\PC\Documents\UniCast\UniCast.App\obj\UniCast.App_zeis22ot_wpftmp.csproj.nuget.g.props" konumuna kopyalan¦-yor.
         Dosya "C:\Users\PC\Documents\UniCast\UniCast.App\obj\UniCast.App.csproj.nuget.g.targets" konumundan "C:\Users\PC\Documents\UniCast\UniCast.App\obj\UniCast.App_zeis22ot_wpftmp.csproj.nuget.g.targets" konumuna kopyalan¦-yor.
   2:6>"C:\Users\PC\Documents\UniCast\UniCast.App\UniCast.App.csproj" projesi (2:6) 6 d+-¦ş+-m+-nde "C:\Users\PC\Documents\UniCast\UniCast.App\UniCast.App_zeis22ot_wpftmp.csproj" (8) olu+şturuyor (_CompileTemporaryAssembly hedef).
     8>GenerateTargetFrameworkMonikerAttribute:
       T+-m +ğ¦-k¦-+ş dosyalar¦-, giri+ş dosyalar¦-na g+Âre g+-ncel durumda oldu¦şundan "GenerateTargetFrameworkMonikerAttribute" hedefi atlan¦-yor.
       _GenerateSourceLinkFile:
         'obj\Debug\net8.0-windows10.0.19041.0\UniCast.App_zeis22ot_wpftmp.sourcelink.json' Source Link dosyas¦- g+-ncelle+ştiriliyor.
       CoreCompile:
         Setting DOTNET_ROOT to 'C:\Program Files\dotnet'
         C:\Program Files\dotnet\sdk\10.0.100\Roslyn\bincore\csc.exe /noconfig /unsafe- /checked- /nowarn:1701,1702,NU1701,1701,1702 /fullpaths /nostdlib+ /errorreport:prompt /warn:8 /define:TRACE;DEBUG;NET;NET8_0;NETCOREAPP;WINDOWS;WINDOWS10_0_19041_0;NET5_0_OR_GREATER;NET6_0_OR_GREATER;NET7_0_OR_GREATER;NET8_0_OR_GREATER;NETCOREAPP3_0_OR_GREATER;NETCOREAPP3_1_OR_GREATER;W¦-NDOWS10_0_19041_0_OR_GREATER;W¦-NDOWS10_0_18362_0_OR_GREATER;W¦-NDOWS10_0_17763_0_OR_GREATER;W¦-NDOWS8_0_OR_GREATER;W¦-NDOWS7_0_OR_GREATER /preferreduilang:tr-TR /highentropyva+ /nullable:enable /reference:"C:\Program Files\dotnet\packs\Microsoft.WindowsDesktop.App.Ref\8.0.22\ref\net8.0\Accessibility.dll" /reference:C:\Users\PC\.nuget\packages\directshowlib\1.0.0\lib\DirectShowLib.dll /reference:C:\Users\PC\.nuget\packages\instagramapisharp\1.8.1\lib\net8.0\InstagramApiSharp.dll /reference:"C:\Program Files\dotnet\packs\Microsoft.NETCore.App.Ref\8.0.22\ref\net8.0\Microsoft.CSharp.dll" /reference:C:\Users\PC\.nuget\packages\microsoft.extensions.dependencyinjection.abstractions\10.0.0\lib\net8.0\Microsoft.Extensions.DependencyInjection.Abstractions.dll /reference:C:\Users\PC\.nuget\packages\microsoft.extensions.dependencyinjection\10.0.0\lib\net8.0\Microsoft.Extensions.DependencyInjection.dll /reference:"C:\Program Files\dotnet\packs\Microsoft.NETCore.App.Ref\8.0.22\ref\net8.0\Microsoft.VisualBasic.Core.dll" /reference:"C:\Program Files\dotnet\packs\Microsoft.WindowsDesktop.App.Ref\8.0.22\ref\net8.0\Microsoft.VisualBasic.dll" /reference:"C:\Program Files\dotnet\packs\Microsoft.WindowsDesktop.App.Ref\8.0.22\ref\net8.0\Microsoft.VisualBasic.Forms.dll" /reference:"C:\Program Files\dotnet\packs\Microsoft.NETCore.App.Ref\8.0.22\ref\net8.0\Microsoft.Win32.Primitives.dll" /reference:"C:\Program Files\dotnet\packs\Microsoft.WindowsDesktop.App.Ref\8.0.22\ref\net8.0\Microsoft.Win32.Registry.AccessControl.dll" /reference:"C:\Program Files\dotnet\packs\Microsoft.NETCore.App.Ref\8.0.22\ref\net8.0\Microsoft.Win32.Registry.dll" /reference:"C:\Program Files\dotnet\packs\Microsoft.WindowsDesktop.App.Ref\8.0.22\ref\net8.0\Microsoft.Win32.SystemEvents.dll" /reference:C:\Users\PC\.nuget\packages\microsoft.windows.sdk.net.ref\10.0.19041.57\lib\net8.0\Microsoft.Windows.SDK.NET.dll /reference:"C:\Program Files\dotnet\packs\Microsoft.NETCore.App.Ref\8.0.22\ref\net8.0\mscorlib.dll" /reference:C:\Users\PC\.nuget\packages\naudio.asio\2.2.1\lib\netstandard2.0\NAudio.Asio.dll /reference:C:\Users\PC\.nuget\packages\naudio.core\2.2.1\lib\netstandard2.0\NAudio.Core.dll /reference:C:\Users\PC\.nuget\packages\naudio\2.2.1\lib\net6.0-windows7.0\NAudio.dll /reference:C:\Users\PC\.nuget\packages\naudio.midi\2.2.1\lib\netstandard2.0\NAudio.Midi.dll /reference:C:\Users\PC\.nuget\packages\naudio.wasapi\2.2.1\lib\netstandard2.0\NAudio.Wasapi.dll /reference:C:\Users\PC\.nuget\packages\naudio.winforms\2.2.1\lib\netcoreapp3.1\NAudio.WinForms.dll /reference:C:\Users\PC\.nuget\packages\naudio.winmm\2.2.1\lib\netstandard2.0\NAudio.WinMM.dll /reference:"C:\Program Files\dotnet\packs\Microsoft.NETCore.App.Ref\8.0.22\ref\net8.0\netstandard.dll" /reference:C:\Users\PC\.nuget\packages\newtonsoft.json\13.0.3\lib\net6.0\Newtonsoft.Json.dll /reference:C:\Users\PC\.nuget\packages\opencvsharp4\4.11.0.20250507\lib\net6.0\OpenCvSharp.dll /reference:C:\Users\PC\.nuget\packages\opencvsharp4.wpfextensions\4.11.0.20250507\lib\net6.0\OpenCvSharp.WpfExtensions.dll /reference:"C:\Program Files\dotnet\packs\Microsoft.WindowsDesktop.App.Ref\8.0.22\ref\net8.0\PresentationCore.dll" /reference:"C:\Program Files\dotnet\packs\Microsoft.WindowsDesktop.App.Ref\8.0.22\ref\net8.0\PresentationFramework.Aero.dll" /reference:"C:\Program Files\dotnet\packs\Microsoft.WindowsDesktop.App.Ref\8.0.22\ref\net8.0\PresentationFramework.Aero2.dll" /reference:"C:\Program Files\dotnet\packs\Microsoft.WindowsDesktop.App.Ref\8.0.22\ref\net8.0\PresentationFramework.AeroLite.dll" /reference:"C:\Program Files\dotnet\packs\Microsoft.WindowsDesktop.App.Ref\8.0.22\ref\net8.0\PresentationFramework.Classic.dll" /reference:"C:\Program Files\dotnet\packs\Microsoft.WindowsDesktop.App.Ref\8.0.22\ref\net8.0\PresentationFramework.dll" /reference:"C:\Program Files\dotnet\packs\Microsoft.WindowsDesktop.App.Ref\8.0.22\ref\net8.0\PresentationFramework.Luna.dll" /reference:"C:\Program Files\dotnet\packs\Microsoft.WindowsDesktop.App.Ref\8.0.22\ref\net8.0\PresentationFramework.Royale.dll" /reference:"C:\Program Files\dotnet\packs\Microsoft.WindowsDesktop.App.Ref\8.0.22\ref\net8.0\PresentationUI.dll" /reference:"C:\Program Files\dotnet\packs\Microsoft.WindowsDesktop.App.Ref\8.0.22\ref\net8.0\ReachFramework.dll" /reference:C:\Users\PC\.nuget\packages\serilog\4.3.0\lib\net8.0\Serilog.dll /reference:C:\Users\PC\.nuget\packages\serilog.sinks.debug\3.0.0\lib\net8.0\Serilog.Sinks.Debug.dll /reference:C:\Users\PC\.nuget\packages\serilog.sinks.file\7.0.0\lib\net8.0\Serilog.Sinks.File.dll /reference:C:\Users\PC\.nuget\packages\sharpgen.runtime.com\2.2.0-beta\lib\net8.0\SharpGen.Runtime.COM.dll /reference:C:\Users\PC\.nuget\packages\sharpgen.runtime\2.2.0-beta\lib\net8.0\SharpGen.Runtime.dll /reference:"C:\Program Files\dotnet\packs\Microsoft.NETCore.App.Ref\8.0.22\ref\net8.0\System.AppContext.dll" /reference:"C:\Program Files\dotnet\packs\Microsoft.NETCore.App.Ref\8.0.22\ref\net8.0\System.Buffers.dll" /reference:C:\Users\PC\.nuget\packages\system.codedom\10.0.0\lib\net8.0\System.CodeDom.dll /reference:"C:\Program Files\dotnet\packs\Microsoft.NETCore.App.Ref\8.0.22\ref\net8.0\System.Collections.Concurrent.dll" /reference:"C:\Program Files\dotnet\packs\Microsoft.NETCore.App.Ref\8.0.22\ref\net8.0\System.Collections.dll" /reference:"C:\Program Files\dotnet\packs\Microsoft.NETCore.App.Ref\8.0.22\ref\net8.0\System.Collections.Immutable.dll" /reference:"C:\Program Files\dotnet\packs\Microsoft.NETCore.App.Ref\8.0.22\ref\net8.0\System.Collections.NonGeneric.dll" /reference:"C:\Program Files\dotnet\packs\Microsoft.NETCore.App.Ref\8.0.22\ref\net8.0\System.Collections.Specialized.dll" /reference:"C:\Program Files\dotnet\packs\Microsoft.NETCore.App.Ref\8.0.22\ref\net8.0\System.ComponentModel.Annotations.dll" /reference:"C:\Program Files\dotnet\packs\Microsoft.NETCore.App.Ref\8.0.22\ref\net8.0\System.ComponentModel.DataAnnotations.dll" /reference:"C:\Program Files\dotnet\packs\Microsoft.NETCore.App.Ref\8.0.22\ref\net8.0\System.ComponentModel.dll" /reference:"C:\Program Files\dotnet\packs\Microsoft.NETCore.App.Ref\8.0.22\ref\net8.0\System.ComponentModel.EventBasedAsync.dll" /reference:"C:\Program Files\dotnet\packs\Microsoft.NETCore.App.Ref\8.0.22\ref\net8.0\System.ComponentModel.Primitives.dll" /reference:"C:\Program Files\dotnet\packs\Microsoft.NETCore.App.Ref\8.0.22\ref\net8.0\System.ComponentModel.TypeConverter.dll" /reference:"C:\Program Files\dotnet\packs\Microsoft.WindowsDesktop.App.Ref\8.0.22\ref\net8.0\System.Configuration.ConfigurationManager.dll" /reference:"C:\Program Files\dotnet\packs\Microsoft.NETCore.App.Ref\8.0.22\ref\net8.0\System.Configuration.dll" /reference:"C:\Program Files\dotnet\packs\Microsoft.NETCore.App.Ref\8.0.22\ref\net8.0\System.Console.dll" /reference:"C:\Program Files\dotnet\packs\Microsoft.NETCore.App.Ref\8.0.22\ref\net8.0\System.Core.dll" /reference:"C:\Program Files\dotnet\packs\Microsoft.NETCore.App.Ref\8.0.22\ref\net8.0\System.Data.Common.dll" /reference:"C:\Program Files\dotnet\packs\Microsoft.NETCore.App.Ref\8.0.22\ref\net8.0\System.Data.DataSetExtensions.dll" /reference:"C:\Program Files\dotnet\packs\Microsoft.NETCore.App.Ref\8.0.22\ref\net8.0\System.Data.dll" /reference:"C:\Program Files\dotnet\packs\Microsoft.WindowsDesktop.App.Ref\8.0.22\ref\net8.0\System.Design.dll" /reference:"C:\Program Files\dotnet\packs\Microsoft.NETCore.App.Ref\8.0.22\ref\net8.0\System.Diagnostics.Contracts.dll" /reference:"C:\Program Files\dotnet\packs\Microsoft.NETCore.App.Ref\8.0.22\ref\net8.0\System.Diagnostics.Debug.dll" /reference:"C:\Program Files\dotnet\packs\Microsoft.NETCore.App.Ref\8.0.22\ref\net8.0\System.Diagnostics.DiagnosticSource.dll" /reference:"C:\Program Files\dotnet\packs\Microsoft.WindowsDesktop.App.Ref\8.0.22\ref\net8.0\System.Diagnostics.EventLog.dll" /reference:"C:\Program Files\dotnet\packs\Microsoft.NETCore.App.Ref\8.0.22\ref\net8.0\System.Diagnostics.FileVersionInfo.dll" /reference:"C:\Program Files\dotnet\packs\Microsoft.WindowsDesktop.App.Ref\8.0.22\ref\net8.0\System.Diagnostics.PerformanceCounter.dll" /reference:"C:\Program Files\dotnet\packs\Microsoft.NETCore.App.Ref\8.0.22\ref\net8.0\System.Diagnostics.Process.dll" /reference:"C:\Program Files\dotnet\packs\Microsoft.NETCore.App.Ref\8.0.22\ref\net8.0\System.Diagnostics.StackTrace.dll" /reference:"C:\Program Files\dotnet\packs\Microsoft.NETCore.App.Ref\8.0.22\ref\net8.0\System.Diagnostics.TextWriterTraceListener.dll" /reference:"C:\Program Files\dotnet\packs\Microsoft.NETCore.App.Ref\8.0.22\ref\net8.0\System.Diagnostics.Tools.dll" /reference:"C:\Program Files\dotnet\packs\Microsoft.NETCore.App.Ref\8.0.22\ref\net8.0\System.Diagnostics.TraceSource.dll" /reference:"C:\Program Files\dotnet\packs\Microsoft.NETCore.App.Ref\8.0.22\ref\net8.0\System.Diagnostics.Tracing.dll" /reference:"C:\Program Files\dotnet\packs\Microsoft.WindowsDesktop.App.Ref\8.0.22\ref\net8.0\System.DirectoryServices.dll" /reference:"C:\Program Files\dotnet\packs\Microsoft.NETCore.App.Ref\8.0.22\ref\net8.0\System.dll" /reference:"C:\Program Files\dotnet\packs\Microsoft.WindowsDesktop.App.Ref\8.0.22\ref\net8.0\System.Drawing.Common.dll" /reference:"C:\Program Files\dotnet\packs\Microsoft.WindowsDesktop.App.Ref\8.0.22\ref\net8.0\System.Drawing.Design.dll" /reference:"C:\Program Files\dotnet\packs\Microsoft.WindowsDesktop.App.Ref\8.0.22\ref\net8.0\System.Drawing.dll" /reference:"C:\Program Files\dotnet\packs\Microsoft.NETCore.App.Ref\8.0.22\ref\net8.0\System.Drawing.Primitives.dll" /reference:"C:\Program Files\dotnet\packs\Microsoft.NETCore.App.Ref\8.0.22\ref\net8.0\System.Dynamic.Runtime.dll" /reference:"C:\Program Files\dotnet\packs\Microsoft.NETCore.App.Ref\8.0.22\ref\net8.0\System.Formats.Asn1.dll" /reference:"C:\Program Files\dotnet\packs\Microsoft.NETCore.App.Ref\8.0.22\ref\net8.0\System.Formats.Tar.dll" /reference:"C:\Program Files\dotnet\packs\Microsoft.NETCore.App.Ref\8.0.22\ref\net8.0\System.Globalization.Calendars.dll" /reference:"C:\Program Files\dotnet\packs\Microsoft.NETCore.App.Ref\8.0.22\ref\net8.0\System.Globalization.dll" /reference:"C:\Program Files\dotnet\packs\Microsoft.NETCore.App.Ref\8.0.22\ref\net8.0\System.Globalization.Extensions.dll" /reference:"C:\Program Files\dotnet\packs\Microsoft.NETCore.App.Ref\8.0.22\ref\net8.0\System.IO.Compression.Brotli.dll" /reference:"C:\Program Files\dotnet\packs\Microsoft.NETCore.App.Ref\8.0.22\ref\net8.0\System.IO.Compression.dll" /reference:"C:\Program Files\dotnet\packs\Microsoft.NETCore.App.Ref\8.0.22\ref\net8.0\System.IO.Compression.FileSystem.dll" /reference:"C:\Program Files\dotnet\packs\Microsoft.NETCore.App.Ref\8.0.22\ref\net8.0\System.IO.Compression.ZipFile.dll" /reference:"C:\Program Files\dotnet\packs\Microsoft.NETCore.App.Ref\8.0.22\ref\net8.0\System.IO.dll" /reference:"C:\Program Files\dotnet\packs\Microsoft.NETCore.App.Ref\8.0.22\ref\net8.0\System.IO.FileSystem.AccessControl.dll" /reference:"C:\Program Files\dotnet\packs\Microsoft.NETCore.App.Ref\8.0.22\ref\net8.0\System.IO.FileSystem.dll" /reference:"C:\Program Files\dotnet\packs\Microsoft.NETCore.App.Ref\8.0.22\ref\net8.0\System.IO.FileSystem.DriveInfo.dll" /reference:"C:\Program Files\dotnet\packs\Microsoft.NETCore.App.Ref\8.0.22\ref\net8.0\System.IO.FileSystem.Primitives.dll" /reference:"C:\Program Files\dotnet\packs\Microsoft.NETCore.App.Ref\8.0.22\ref\net8.0\System.IO.FileSystem.Watcher.dll" /reference:"C:\Program Files\dotnet\packs\Microsoft.NETCore.App.Ref\8.0.22\ref\net8.0\System.IO.IsolatedStorage.dll" /reference:"C:\Program Files\dotnet\packs\Microsoft.NETCore.App.Ref\8.0.22\ref\net8.0\System.IO.MemoryMappedFiles.dll" /reference:"C:\Program Files\dotnet\packs\Microsoft.WindowsDesktop.App.Ref\8.0.22\ref\net8.0\System.IO.Packaging.dll" /reference:"C:\Program Files\dotnet\packs\Microsoft.NETCore.App.Ref\8.0.22\ref\net8.0\System.IO.Pipes.AccessControl.dll" /reference:"C:\Program Files\dotnet\packs\Microsoft.NETCore.App.Ref\8.0.22\ref\net8.0\System.IO.Pipes.dll" /reference:"C:\Program Files\dotnet\packs\Microsoft.NETCore.App.Ref\8.0.22\ref\net8.0\System.IO.UnmanagedMemoryStream.dll" /reference:"C:\Program Files\dotnet\packs\Microsoft.NETCore.App.Ref\8.0.22\ref\net8.0\System.Linq.dll" /reference:"C:\Program Files\dotnet\packs\Microsoft.NETCore.App.Ref\8.0.22\ref\net8.0\System.Linq.Expressions.dll" /reference:"C:\Program Files\dotnet\packs\Microsoft.NETCore.App.Ref\8.0.22\ref\net8.0\System.Linq.Parallel.dll" /reference:"C:\Program Files\dotnet\packs\Microsoft.NETCore.App.Ref\8.0.22\ref\net8.0\System.Linq.Queryable.dll" /reference:C:\Users\PC\.nuget\packages\system.management\10.0.0\lib\net8.0\System.Management.dll /reference:"C:\Program Files\dotnet\packs\Microsoft.NETCore.App.Ref\8.0.22\ref\net8.0\System.Memory.dll" /reference:"C:\Program Files\dotnet\packs\Microsoft.NETCore.App.Ref\8.0.22\ref\net8.0\System.Net.dll" /reference:"C:\Program Files\dotnet\packs\Microsoft.NETCore.App.Ref\8.0.22\ref\net8.0\System.Net.Http.dll" /reference:"C:\Program Files\dotnet\packs\Microsoft.NETCore.App.Ref\8.0.22\ref\net8.0\System.Net.Http.Json.dll" /reference:"C:\Program Files\dotnet\packs\Microsoft.NETCore.App.Ref\8.0.22\ref\net8.0\System.Net.HttpListener.dll" /reference:"C:\Program Files\dotnet\packs\Microsoft.NETCore.App.Ref\8.0.22\ref\net8.0\System.Net.Mail.dll" /reference:"C:\Program Files\dotnet\packs\Microsoft.NETCore.App.Ref\8.0.22\ref\net8.0\System.Net.NameResolution.dll" /reference:"C:\Program Files\dotnet\packs\Microsoft.NETCore.App.Ref\8.0.22\ref\net8.0\System.Net.NetworkInformation.dll" /reference:"C:\Program Files\dotnet\packs\Microsoft.NETCore.App.Ref\8.0.22\ref\net8.0\System.Net.Ping.dll" /reference:"C:\Program Files\dotnet\packs\Microsoft.NETCore.App.Ref\8.0.22\ref\net8.0\System.Net.Primitives.dll" /reference:"C:\Program Files\dotnet\packs\Microsoft.NETCore.App.Ref\8.0.22\ref\net8.0\System.Net.Quic.dll" /reference:"C:\Program Files\dotnet\packs\Microsoft.NETCore.App.Ref\8.0.22\ref\net8.0\System.Net.Requests.dll" /reference:"C:\Program Files\dotnet\packs\Microsoft.NETCore.App.Ref\8.0.22\ref\net8.0\System.Net.Security.dll" /reference:"C:\Program Files\dotnet\packs\Microsoft.NETCore.App.Ref\8.0.22\ref\net8.0\System.Net.ServicePoint.dll" /reference:"C:\Program Files\dotnet\packs\Microsoft.NETCore.App.Ref\8.0.22\ref\net8.0\System.Net.Sockets.dll" /reference:"C:\Program Files\dotnet\packs\Microsoft.NETCore.App.Ref\8.0.22\ref\net8.0\System.Net.WebClient.dll" /reference:"C:\Program Files\dotnet\packs\Microsoft.NETCore.App.Ref\8.0.22\ref\net8.0\System.Net.WebHeaderCollection.dll" /reference:"C:\Program Files\dotnet\packs\Microsoft.NETCore.App.Ref\8.0.22\ref\net8.0\System.Net.WebProxy.dll" /reference:"C:\Program Files\dotnet\packs\Microsoft.NETCore.App.Ref\8.0.22\ref\net8.0\System.Net.WebSockets.Client.dll" /reference:"C:\Program Files\dotnet\packs\Microsoft.NETCore.App.Ref\8.0.22\ref\net8.0\System.Net.WebSockets.dll" /reference:"C:\Program Files\dotnet\packs\Microsoft.NETCore.App.Ref\8.0.22\ref\net8.0\System.Numerics.dll" /reference:"C:\Program Files\dotnet\packs\Microsoft.NETCore.App.Ref\8.0.22\ref\net8.0\System.Numerics.Vectors.dll" /reference:"C:\Program Files\dotnet\packs\Microsoft.NETCore.App.Ref\8.0.22\ref\net8.0\System.ObjectModel.dll" /reference:"C:\Program Files\dotnet\packs\Microsoft.WindowsDesktop.App.Ref\8.0.22\ref\net8.0\System.Printing.dll" /reference:"C:\Program Files\dotnet\packs\Microsoft.NETCore.App.Ref\8.0.22\ref\net8.0\System.Reflection.DispatchProxy.dll" /reference:"C:\Program Files\dotnet\packs\Microsoft.NETCore.App.Ref\8.0.22\ref\net8.0\System.Reflection.dll" /reference:"C:\Program Files\dotnet\packs\Microsoft.NETCore.App.Ref\8.0.22\ref\net8.0\System.Reflection.Emit.dll" /reference:"C:\Program Files\dotnet\packs\Microsoft.NETCore.App.Ref\8.0.22\ref\net8.0\System.Reflection.Emit.ILGeneration.dll" /reference:"C:\Program Files\dotnet\packs\Microsoft.NETCore.App.Ref\8.0.22\ref\net8.0\System.Reflection.Emit.Lightweight.dll" /reference:"C:\Program Files\dotnet\packs\Microsoft.NETCore.App.Ref\8.0.22\ref\net8.0\System.Reflection.Extensions.dll" /reference:"C:\Program Files\dotnet\packs\Microsoft.NETCore.App.Ref\8.0.22\ref\net8.0\System.Reflection.Metadata.dll" /reference:"C:\Program Files\dotnet\packs\Microsoft.NETCore.App.Ref\8.0.22\ref\net8.0\System.Reflection.Primitives.dll" /reference:"C:\Program Files\dotnet\packs\Microsoft.NETCore.App.Ref\8.0.22\ref\net8.0\System.Reflection.TypeExtensions.dll" /reference:"C:\Program Files\dotnet\packs\Microsoft.WindowsDesktop.App.Ref\8.0.22\ref\net8.0\System.Resources.Extensions.dll" /reference:"C:\Program Files\dotnet\packs\Microsoft.NETCore.App.Ref\8.0.22\ref\net8.0\System.Resources.Reader.dll" /reference:"C:\Program Files\dotnet\packs\Microsoft.NETCore.App.Ref\8.0.22\ref\net8.0\System.Resources.ResourceManager.dll" /reference:"C:\Program Files\dotnet\packs\Microsoft.NETCore.App.Ref\8.0.22\ref\net8.0\System.Resources.Writer.dll" /reference:"C:\Program Files\dotnet\packs\Microsoft.NETCore.App.Ref\8.0.22\ref\net8.0\System.Runtime.CompilerServices.Unsafe.dll" /reference:"C:\Program Files\dotnet\packs\Microsoft.NETCore.App.Ref\8.0.22\ref\net8.0\System.Runtime.CompilerServices.VisualC.dll" /reference:"C:\Program Files\dotnet\packs\Microsoft.NETCore.App.Ref\8.0.22\ref\net8.0\System.Runtime.dll" /reference:"C:\Program Files\dotnet\packs\Microsoft.NETCore.App.Ref\8.0.22\ref\net8.0\System.Runtime.Extensions.dll" /reference:"C:\Program Files\dotnet\packs\Microsoft.NETCore.App.Ref\8.0.22\ref\net8.0\System.Runtime.Handles.dll" /reference:"C:\Program Files\dotnet\packs\Microsoft.NETCore.App.Ref\8.0.22\ref\net8.0\System.Runtime.InteropServices.dll" /reference:"C:\Program Files\dotnet\packs\Microsoft.NETCore.App.Ref\8.0.22\ref\net8.0\System.Runtime.InteropServices.JavaScript.dll" /reference:"C:\Program Files\dotnet\packs\Microsoft.NETCore.App.Ref\8.0.22\ref\net8.0\System.Runtime.InteropServices.RuntimeInformation.dll" /reference:"C:\Program Files\dotnet\packs\Microsoft.NETCore.App.Ref\8.0.22\ref\net8.0\System.Runtime.Intrinsics.dll" /reference:"C:\Program Files\dotnet\packs\Microsoft.NETCore.App.Ref\8.0.22\ref\net8.0\System.Runtime.Loader.dll" /reference:"C:\Program Files\dotnet\packs\Microsoft.NETCore.App.Ref\8.0.22\ref\net8.0\System.Runtime.Numerics.dll" /reference:"C:\Program Files\dotnet\packs\Microsoft.NETCore.App.Ref\8.0.22\ref\net8.0\System.Runtime.Serialization.dll" /reference:"C:\Program Files\dotnet\packs\Microsoft.NETCore.App.Ref\8.0.22\ref\net8.0\System.Runtime.Serialization.Formatters.dll" /reference:"C:\Program Files\dotnet\packs\Microsoft.NETCore.App.Ref\8.0.22\ref\net8.0\System.Runtime.Serialization.Json.dll" /reference:"C:\Program Files\dotnet\packs\Microsoft.NETCore.App.Ref\8.0.22\ref\net8.0\System.Runtime.Serialization.Primitives.dll" /reference:"C:\Program Files\dotnet\packs\Microsoft.NETCore.App.Ref\8.0.22\ref\net8.0\System.Runtime.Serialization.Xml.dll" /reference:"C:\Program Files\dotnet\packs\Microsoft.NETCore.App.Ref\8.0.22\ref\net8.0\System.Security.AccessControl.dll" /reference:"C:\Program Files\dotnet\packs\Microsoft.NETCore.App.Ref\8.0.22\ref\net8.0\System.Security.Claims.dll" /reference:"C:\Program Files\dotnet\packs\Microsoft.NETCore.App.Ref\8.0.22\ref\net8.0\System.Security.Cryptography.Algorithms.dll" /reference:"C:\Program Files\dotnet\packs\Microsoft.NETCore.App.Ref\8.0.22\ref\net8.0\System.Security.Cryptography.Cng.dll" /reference:"C:\Program Files\dotnet\packs\Microsoft.NETCore.App.Ref\8.0.22\ref\net8.0\System.Security.Cryptography.Csp.dll" /reference:"C:\Program Files\dotnet\packs\Microsoft.NETCore.App.Ref\8.0.22\ref\net8.0\System.Security.Cryptography.dll" /reference:"C:\Program Files\dotnet\packs\Microsoft.NETCore.App.Ref\8.0.22\ref\net8.0\System.Security.Cryptography.Encoding.dll" /reference:"C:\Program Files\dotnet\packs\Microsoft.NETCore.App.Ref\8.0.22\ref\net8.0\System.Security.Cryptography.OpenSsl.dll" /reference:"C:\Program Files\dotnet\packs\Microsoft.WindowsDesktop.App.Ref\8.0.22\ref\net8.0\System.Security.Cryptography.Pkcs.dll" /reference:"C:\Program Files\dotnet\packs\Microsoft.NETCore.App.Ref\8.0.22\ref\net8.0\System.Security.Cryptography.Primitives.dll" /reference:"C:\Program Files\dotnet\packs\Microsoft.WindowsDesktop.App.Ref\8.0.22\ref\net8.0\System.Security.Cryptography.ProtectedData.dll" /reference:"C:\Program Files\dotnet\packs\Microsoft.NETCore.App.Ref\8.0.22\ref\net8.0\System.Security.Cryptography.X509Certificates.dll" /reference:"C:\Program Files\dotnet\packs\Microsoft.WindowsDesktop.App.Ref\8.0.22\ref\net8.0\System.Security.Cryptography.Xml.dll" /reference:"C:\Program Files\dotnet\packs\Microsoft.NETCore.App.Ref\8.0.22\ref\net8.0\System.Security.dll" /reference:"C:\Program Files\dotnet\packs\Microsoft.WindowsDesktop.App.Ref\8.0.22\ref\net8.0\System.Security.Permissions.dll" /reference:"C:\Program Files\dotnet\packs\Microsoft.NETCore.App.Ref\8.0.22\ref\net8.0\System.Security.Principal.dll" /reference:"C:\Program Files\dotnet\packs\Microsoft.NETCore.App.Ref\8.0.22\ref\net8.0\System.Security.Principal.Windows.dll" /reference:"C:\Program Files\dotnet\packs\Microsoft.NETCore.App.Ref\8.0.22\ref\net8.0\System.Security.SecureString.dll" /reference:"C:\Program Files\dotnet\packs\Microsoft.NETCore.App.Ref\8.0.22\ref\net8.0\System.ServiceModel.Web.dll" /reference:"C:\Program Files\dotnet\packs\Microsoft.NETCore.App.Ref\8.0.22\ref\net8.0\System.ServiceProcess.dll" /reference:"C:\Program Files\dotnet\packs\Microsoft.NETCore.App.Ref\8.0.22\ref\net8.0\System.Text.Encoding.CodePages.dll" /reference:"C:\Program Files\dotnet\packs\Microsoft.NETCore.App.Ref\8.0.22\ref\net8.0\System.Text.Encoding.dll" /reference:"C:\Program Files\dotnet\packs\Microsoft.NETCore.App.Ref\8.0.22\ref\net8.0\System.Text.Encoding.Extensions.dll" /reference:"C:\Program Files\dotnet\packs\Microsoft.NETCore.App.Ref\8.0.22\ref\net8.0\System.Text.Encodings.Web.dll" /reference:"C:\Program Files\dotnet\packs\Microsoft.NETCore.App.Ref\8.0.22\ref\net8.0\System.Text.Json.dll" /reference:"C:\Program Files\dotnet\packs\Microsoft.NETCore.App.Ref\8.0.22\ref\net8.0\System.Text.RegularExpressions.dll" /reference:"C:\Program Files\dotnet\packs\Microsoft.WindowsDesktop.App.Ref\8.0.22\ref\net8.0\System.Threading.AccessControl.dll" /reference:"C:\Program Files\dotnet\packs\Microsoft.NETCore.App.Ref\8.0.22\ref\net8.0\System.Threading.Channels.dll" /reference:"C:\Program Files\dotnet\packs\Microsoft.NETCore.App.Ref\8.0.22\ref\net8.0\System.Threading.dll" /reference:"C:\Program Files\dotnet\packs\Microsoft.NETCore.App.Ref\8.0.22\ref\net8.0\System.Threading.Overlapped.dll" /reference:"C:\Program Files\dotnet\packs\Microsoft.NETCore.App.Ref\8.0.22\ref\net8.0\System.Threading.Tasks.Dataflow.dll" /reference:"C:\Program Files\dotnet\packs\Microsoft.NETCore.App.Ref\8.0.22\ref\net8.0\System.Threading.Tasks.dll" /reference:"C:\Program Files\dotnet\packs\Microsoft.NETCore.App.Ref\8.0.22\ref\net8.0\System.Threading.Tasks.Extensions.dll" /reference:"C:\Program Files\dotnet\packs\Microsoft.NETCore.App.Ref\8.0.22\ref\net8.0\System.Threading.Tasks.Parallel.dll" /reference:"C:\Program Files\dotnet\packs\Microsoft.NETCore.App.Ref\8.0.22\ref\net8.0\System.Threading.Thread.dll" /reference:"C:\Program Files\dotnet\packs\Microsoft.NETCore.App.Ref\8.0.22\ref\net8.0\System.Threading.ThreadPool.dll" /reference:"C:\Program Files\dotnet\packs\Microsoft.NETCore.App.Ref\8.0.22\ref\net8.0\System.Threading.Timer.dll" /reference:"C:\Program Files\dotnet\packs\Microsoft.NETCore.App.Ref\8.0.22\ref\net8.0\System.Transactions.dll" /reference:"C:\Program Files\dotnet\packs\Microsoft.NETCore.App.Ref\8.0.22\ref\net8.0\System.Transactions.Local.dll" /reference:"C:\Program Files\dotnet\packs\Microsoft.NETCore.App.Ref\8.0.22\ref\net8.0\System.ValueTuple.dll" /reference:"C:\Program Files\dotnet\packs\Microsoft.NETCore.App.Ref\8.0.22\ref\net8.0\System.Web.dll" /reference:"C:\Program Files\dotnet\packs\Microsoft.NETCore.App.Ref\8.0.22\ref\net8.0\System.Web.HttpUtility.dll" /reference:"C:\Program Files\dotnet\packs\Microsoft.WindowsDesktop.App.Ref\8.0.22\ref\net8.0\System.Windows.Controls.Ribbon.dll" /reference:"C:\Program Files\dotnet\packs\Microsoft.NETCore.App.Ref\8.0.22\ref\net8.0\System.Windows.dll" /reference:"C:\Program Files\dotnet\packs\Microsoft.WindowsDesktop.App.Ref\8.0.22\ref\net8.0\System.Windows.Extensions.dll" /reference:"C:\Program Files\dotnet\packs\Microsoft.WindowsDesktop.App.Ref\8.0.22\ref\net8.0\System.Windows.Forms.Design.dll" /reference:"C:\Program Files\dotnet\packs\Microsoft.WindowsDesktop.App.Ref\8.0.22\ref\net8.0\System.Windows.Forms.Design.Editors.dll" /reference:"C:\Program Files\dotnet\packs\Microsoft.WindowsDesktop.App.Ref\8.0.22\ref\net8.0\System.Windows.Forms.dll" /reference:"C:\Program Files\dotnet\packs\Microsoft.WindowsDesktop.App.Ref\8.0.22\ref\net8.0\System.Windows.Forms.Primitives.dll" /reference:"C:\Program Files\dotnet\packs\Microsoft.WindowsDesktop.App.Ref\8.0.22\ref\net8.0\System.Windows.Input.Manipulations.dll" /reference:"C:\Program Files\dotnet\packs\Microsoft.WindowsDesktop.App.Ref\8.0.22\ref\net8.0\System.Windows.Presentation.dll" /reference:"C:\Program Files\dotnet\packs\Microsoft.WindowsDesktop.App.Ref\8.0.22\ref\net8.0\System.Xaml.dll" /reference:"C:\Program Files\dotnet\packs\Microsoft.NETCore.App.Ref\8.0.22\ref\net8.0\System.Xml.dll" /reference:"C:\Program Files\dotnet\packs\Microsoft.NETCore.App.Ref\8.0.22\ref\net8.0\System.Xml.Linq.dll" /reference:"C:\Program Files\dotnet\packs\Microsoft.NETCore.App.Ref\8.0.22\ref\net8.0\System.Xml.ReaderWriter.dll" /reference:"C:\Program Files\dotnet\packs\Microsoft.NETCore.App.Ref\8.0.22\ref\net8.0\System.Xml.Serialization.dll" /reference:"C:\Program Files\dotnet\packs\Microsoft.NETCore.App.Ref\8.0.22\ref\net8.0\System.Xml.XDocument.dll" /reference:"C:\Program Files\dotnet\packs\Microsoft.NETCore.App.Ref\8.0.22\ref\net8.0\System.Xml.XmlDocument.dll" /reference:"C:\Program Files\dotnet\packs\Microsoft.NETCore.App.Ref\8.0.22\ref\net8.0\System.Xml.XmlSerializer.dll" /reference:"C:\Program Files\dotnet\packs\Microsoft.NETCore.App.Ref\8.0.22\ref\net8.0\System.Xml.XPath.dll" /reference:"C:\Program Files\dotnet\packs\Microsoft.NETCore.App.Ref\8.0.22\ref\net8.0\System.Xml.XPath.XDocument.dll" /reference:"C:\Program Files\dotnet\packs\Microsoft.WindowsDesktop.App.Ref\8.0.22\ref\net8.0\UIAutomationClient.dll" /reference:"C:\Program Files\dotnet\packs\Microsoft.WindowsDesktop.App.Ref\8.0.22\ref\net8.0\UIAutomationClientSideProviders.dll" /reference:"C:\Program Files\dotnet\packs\Microsoft.WindowsDesktop.App.Ref\8.0.22\ref\net8.0\UIAutomationProvider.dll" /reference:"C:\Program Files\dotnet\packs\Microsoft.WindowsDesktop.App.Ref\8.0.22\ref\net8.0\UIAutomationTypes.dll" /reference:C:\Users\PC\Documents\UniCast\Unicast.Capture\bin\Debug\net8.0-windows10.0.19041.0\Unicast.Capture.dll /reference:C:\Users\PC\Documents\UniCast\UniCast.Core\bin\Debug\net8.0\UniCast.Core.dll /reference:C:\Users\PC\Documents\UniCast\UniCast.Encoder\bin\Debug\net8.0-windows\UniCast.Encoder.dll /reference:C:\Users\PC\Documents\UniCast\UniCast.Licensing\bin\Debug\net8.0-windows\UniCast.Licensing.dll /reference:C:\Users\PC\.nuget\packages\vortice.d3dcompiler\3.6.2\lib\net8.0\Vortice.D3DCompiler.dll /reference:C:\Users\PC\.nuget\packages\vortice.direct3d11\3.6.2\lib\net8.0\Vortice.Direct3D11.dll /reference:C:\Users\PC\.nuget\packages\vortice.directx\3.6.2\lib\net8.0-windows10.0.19041\Vortice.DirectX.dll /reference:C:\Users\PC\.nuget\packages\vortice.dxgi\3.6.2\lib\net8.0-windows10.0.19041\Vortice.DXGI.dll /reference:C:\Users\PC\.nuget\packages\vortice.mathematics\1.9.2\lib\net8.0-windows10.0.19041\Vortice.Mathematics.dll /reference:"C:\Program Files\dotnet\packs\Microsoft.WindowsDesktop.App.Ref\8.0.22\ref\net8.0\WindowsBase.dll" /reference:"C:\Program Files\dotnet\packs\Microsoft.WindowsDesktop.App.Ref\8.0.22\ref\net8.0\WindowsFormsIntegration.dll" /reference:C:\Users\PC\.nuget\packages\microsoft.windows.sdk.net.ref\10.0.19041.57\lib\net8.0\WinRT.Runtime.dll /debug+ /debug:portable /filealign:512 /optimize- /out:obj\Debug\net8.0-windows10.0.19041.0\UniCast.App.dll /refout:obj\Debug\net8.0-windows10.0.19041.0\refint\UniCast.App.dll /target:winexe /warnaserror- /utf8output /deterministic+ /sourcelink:obj\Debug\net8.0-windows10.0.19041.0\UniCast.App_zeis22ot_wpftmp.sourcelink.json /langversion:12.0 /embed:C:\Users\PC\Documents\UniCast\UniCast.App\obj\Debug\net8.0-windows10.0.19041.0\MainWindow.g.cs /embed:C:\Users\PC\Documents\UniCast\UniCast.App\obj\Debug\net8.0-windows10.0.19041.0\Overlay\OverlayWindow.g.cs /embed:C:\Users\PC\Documents\UniCast\UniCast.App\obj\Debug\net8.0-windows10.0.19041.0\Views\ActivationWindow.g.cs /embed:C:\Users\PC\Documents\UniCast\UniCast.App\obj\Debug\net8.0-windows10.0.19041.0\Views\ChatOverlayView.g.cs /embed:C:\Users\PC\Documents\UniCast\UniCast.App\obj\Debug\net8.0-windows10.0.19041.0\Views\ChatView.g.cs /embed:C:\Users\PC\Documents\UniCast\UniCast.App\obj\Debug\net8.0-windows10.0.19041.0\Views\ControlView.g.cs /embed:C:\Users\PC\Documents\UniCast\UniCast.App\obj\Debug\net8.0-windows10.0.19041.0\Views\FirstRunWizard.g.cs /embed:C:\Users\PC\Documents\UniCast\UniCast.App\obj\Debug\net8.0-windows10.0.19041.0\Views\LicenseView.g.cs /embed:C:\Users\PC\Documents\UniCast\UniCast.App\obj\Debug\net8.0-windows10.0.19041.0\Views\PreviewView.g.cs /embed:C:\Users\PC\Documents\UniCast\UniCast.App\obj\Debug\net8.0-windows10.0.19041.0\Views\SettingsView.g.cs /embed:C:\Users\PC\Documents\UniCast\UniCast.App\obj\Debug\net8.0-windows10.0.19041.0\Views\SplashWindow.g.cs /embed:C:\Users\PC\Documents\UniCast\UniCast.App\obj\Debug\net8.0-windows10.0.19041.0\Views\TargetsView.g.cs /embed:C:\Users\PC\Documents\UniCast\UniCast.App\obj\Debug\net8.0-windows10.0.19041.0\App.g.cs /embed:"obj\Debug\net8.0-windows10.0.19041.0\.NETCoreApp,Version=v8.0.AssemblyAttributes.cs" /embed:obj\Debug\net8.0-windows10.0.19041.0\UniCast.App_zeis22ot_wpftmp.AssemblyInfo.cs /embed:obj\Debug\net8.0-windows10.0.19041.0\UniCast.App_zeis22ot_wpftmp.GlobalUsings.g.cs /analyzerconfig:obj\Debug\net8.0-windows10.0.19041.0\UniCast.App_zeis22ot_wpftmp.GeneratedMSBuildEditorConfig.editorconfig /analyzerconfig:"C:\Program Files\dotnet\sdk\10.0.100\Sdks\Microsoft.NET.Sdk\analyzers\build\config\analysislevel_8_default.globalconfig" /analyzer:"C:\Program Files\dotnet\sdk\10.0.100\Sdks\Microsoft.NET.Sdk\targets\..\analyzers\Microsoft.CodeAnalysis.CSharp.NetAnalyzers.dll" /analyzer:"C:\Program Files\dotnet\sdk\10.0.100\Sdks\Microsoft.NET.Sdk\targets\..\analyzers\Microsoft.CodeAnalysis.NetAnalyzers.dll" /analyzer:"C:\Program Files\dotnet\packs\Microsoft.NETCore.App.Ref\8.0.22\analyzers/dotnet/cs/Microsoft.Interop.ComInterfaceGenerator.dll" /analyzer:"C:\Program Files\dotnet\packs\Microsoft.NETCore.App.Ref\8.0.22\analyzers/dotnet/cs/Microsoft.Interop.JavaScript.JSImportGenerator.dll" /analyzer:"C:\Program Files\dotnet\packs\Microsoft.NETCore.App.Ref\8.0.22\analyzers/dotnet/cs/Microsoft.Interop.LibraryImportGenerator.dll" /analyzer:"C:\Program Files\dotnet\packs\Microsoft.NETCore.App.Ref\8.0.22\analyzers/dotnet/cs/Microsoft.Interop.SourceGeneration.dll" /analyzer:"C:\Program Files\dotnet\packs\Microsoft.NETCore.App.Ref\8.0.22\analyzers/dotnet/cs/System.Text.Json.SourceGeneration.dll" /analyzer:"C:\Program Files\dotnet\packs\Microsoft.NETCore.App.Ref\8.0.22\analyzers/dotnet/cs/System.Text.RegularExpressions.Generator.dll" /analyzer:"C:\Program Files\dotnet\packs\Microsoft.WindowsDesktop.App.Ref\8.0.22\analyzers/dotnet/System.Windows.Forms.Analyzers.dll" /analyzer:"C:\Program Files\dotnet\packs\Microsoft.WindowsDesktop.App.Ref\8.0.22\analyzers/dotnet/cs/System.Windows.Forms.Analyzers.CSharp.dll" /analyzer:C:\Users\PC\.nuget\packages\microsoft.windows.sdk.net.ref\10.0.19041.57\analyzers/dotnet/cs/WinRT.SourceGenerator.dll /analyzer:C:\Users\PC\.nuget\packages\system.text.json\8.0.0\analyzers\dotnet\roslyn4.4\cs\System.Text.Json.SourceGeneration.dll App.Shutdown.cs App.xaml.cs AppConstants.cs AppIntegration.cs AssemblyInfo.cs Configuration\ConfigurationValidator.cs Constants.cs Diagnostics\HealthCheckService.cs Diagnostics\MemoryProfiler.cs Diagnostics\MetricsService.cs Diagnostics\PerformanceMonitor.cs DirectX\D3DImageSource.cs Documentation\DocumentationHelper.cs Exceptions\LocalizedException.cs Infrastructure\AsyncEventHandler.cs Infrastructure\AsyncFileHelper.cs Infrastructure\AsyncVoidHandler.cs Infrastructure\CancellationHelper.cs Infrastructure\LazyServiceLoader.cs Infrastructure\ObjectPool.cs Infrastructure\RelayCommand.cs Infrastructure\ResourceManager.cs Infrastructure\RetryPolicy.cs Infrastructure\ServiceCollectionExtensions.cs Infrastructure\TaskExtensions.cs Infrastructure\ThreadSafetyHelpers.cs Infrastructure\WeakEventManagerHelper.cs Input\KeyboardShortcuts.cs Logging\DynamicLogLevel.cs MainWindow.PlatformStatus.cs MainWindow.xaml.cs Overlay\ChatOverlayController.cs Overlay\DpiHelper.cs Overlay\OverlayPipePublisher.cs Overlay\OverlayWindow.xaml.cs Resources\ErrorStrings.cs Resources\ErrorStringsExtension.cs Security\SecretStore.cs Security\StreamKeyMaskingEnricher.cs Services\AudioService.cs Services\AutoUpdateService.cs Services\BaseStore.cs Services\Capture\DeviceService.cs Services\Capture\IDeviceService.cs Services\CrashReporter.cs Services\HttpClientFactory.cs Services\IStreamController.cs Services\PreviewService.cs Services\SettingsStore.cs Services\StreamController.cs Services\StreamControllerAdapter.cs Services\TargetsStore.cs Services\TokenRefreshService.cs Validation\InputValidator.cs ViewModels\ChatViewModel.cs ViewModels\ControlViewModel.cs ViewModels\LicenseViewModel.cs ViewModels\PreviewViewModel.cs ViewModels\SettingsViewModel.cs ViewModels\TargetsViewModel.cs Views\ActivationWindow.xaml.cs Views\ChatOverlayView.xaml.cs Views\ChatView.xaml.cs Views\ControlView.xaml.cs Views\FirstRunWizard.xaml.cs Views\LicenseView.xaml.cs Views\PreviewView.xaml.cs Views\SettingsView.xaml.cs Views\SplashWindow.xaml.cs Views\TargetsView.xaml.cs C:\Users\PC\Documents\UniCast\UniCast.App\obj\Debug\net8.0-windows10.0.19041.0\MainWindow.g.cs C:\Users\PC\Documents\UniCast\UniCast.App\obj\Debug\net8.0-windows10.0.19041.0\Overlay\OverlayWindow.g.cs C:\Users\PC\Documents\UniCast\UniCast.App\obj\Debug\net8.0-windows10.0.19041.0\Views\ActivationWindow.g.cs C:\Users\PC\Documents\UniCast\UniCast.App\obj\Debug\net8.0-windows10.0.19041.0\Views\ChatOverlayView.g.cs C:\Users\PC\Documents\UniCast\UniCast.App\obj\Debug\net8.0-windows10.0.19041.0\Views\ChatView.g.cs C:\Users\PC\Documents\UniCast\UniCast.App\obj\Debug\net8.0-windows10.0.19041.0\Views\ControlView.g.cs C:\Users\PC\Documents\UniCast\UniCast.App\obj\Debug\net8.0-windows10.0.19041.0\Views\FirstRunWizard.g.cs C:\Users\PC\Documents\UniCast\UniCast.App\obj\Debug\net8.0-windows10.0.19041.0\Views\LicenseView.g.cs C:\Users\PC\Documents\UniCast\UniCast.App\obj\Debug\net8.0-windows10.0.19041.0\Views\PreviewView.g.cs C:\Users\PC\Documents\UniCast\UniCast.App\obj\Debug\net8.0-windows10.0.19041.0\Views\SettingsView.g.cs C:\Users\PC\Documents\UniCast\UniCast.App\obj\Debug\net8.0-windows10.0.19041.0\Views\SplashWindow.g.cs C:\Users\PC\Documents\UniCast\UniCast.App\obj\Debug\net8.0-windows10.0.19041.0\Views\TargetsView.g.cs C:\Users\PC\Documents\UniCast\UniCast.App\obj\Debug\net8.0-windows10.0.19041.0\App.g.cs "obj\Debug\net8.0-windows10.0.19041.0\.NETCoreApp,Version=v8.0.AssemblyAttributes.cs" obj\Debug\net8.0-windows10.0.19041.0\UniCast.App_zeis22ot_wpftmp.AssemblyInfo.cs obj\Debug\net8.0-windows10.0.19041.0\UniCast.App_zeis22ot_wpftmp.GlobalUsings.g.cs /warnaserror+:NU1605,SYSLIB0011
         Compilation request UniCast.App_zeis22ot_wpftmp (net8.0-windows10.0.19041.0), PathToTool=C:\Program Files\dotnet\sdk\10.0.100\Roslyn\bincore\csc.exe
         CommandLine = ' /noconfig'
         BuildResponseFile = '/unsafe- /checked- /nowarn:1701,1702,NU1701,1701,1702 /fullpaths /nostdlib+ /errorreport:prompt /warn:8 /define:TRACE;DEBUG;NET;NET8_0;NETCOREAPP;WINDOWS;WINDOWS10_0_19041_0;NET5_0_OR_GREATER;NET6_0_OR_GREATER;NET7_0_OR_GREATER;NET8_0_OR_GREATER;NETCOREAPP3_0_OR_GREATER;NETCOREAPP3_1_OR_GREATER;W¦-NDOWS10_0_19041_0_OR_GREATER;W¦-NDOWS10_0_18362_0_OR_GREATER;W¦-NDOWS10_0_17763_0_OR_GREATER;W¦-NDOWS8_0_OR_GREATER;W¦-NDOWS7_0_OR_GREATER /preferreduilang:tr-TR /highentropyva+ /nullable:enable /reference:"C:\Program Files\dotnet\packs\Microsoft.WindowsDesktop.App.Ref\8.0.22\ref\net8.0\Accessibility.dll" /reference:C:\Users\PC\.nuget\packages\directshowlib\1.0.0\lib\DirectShowLib.dll /reference:C:\Users\PC\.nuget\packages\instagramapisharp\1.8.1\lib\net8.0\InstagramApiSharp.dll /reference:"C:\Program Files\dotnet\packs\Microsoft.NETCore.App.Ref\8.0.22\ref\net8.0\Microsoft.CSharp.dll" /reference:C:\Users\PC\.nuget\packages\microsoft.extensions.dependencyinjection.abstractions\10.0.0\lib\net8.0\Microsoft.Extensions.DependencyInjection.Abstractions.dll /reference:C:\Users\PC\.nuget\packages\microsoft.extensions.dependencyinjection\10.0.0\lib\net8.0\Microsoft.Extensions.DependencyInjection.dll /reference:"C:\Program Files\dotnet\packs\Microsoft.NETCore.App.Ref\8.0.22\ref\net8.0\Microsoft.VisualBasic.Core.dll" /reference:"C:\Program Files\dotnet\packs\Microsoft.WindowsDesktop.App.Ref\8.0.22\ref\net8.0\Microsoft.VisualBasic.dll" /reference:"C:\Program Files\dotnet\packs\Microsoft.WindowsDesktop.App.Ref\8.0.22\ref\net8.0\Microsoft.VisualBasic.Forms.dll" /reference:"C:\Program Files\dotnet\packs\Microsoft.NETCore.App.Ref\8.0.22\ref\net8.0\Microsoft.Win32.Primitives.dll" /reference:"C:\Program Files\dotnet\packs\Microsoft.WindowsDesktop.App.Ref\8.0.22\ref\net8.0\Microsoft.Win32.Registry.AccessControl.dll" /reference:"C:\Program Files\dotnet\packs\Microsoft.NETCore.App.Ref\8.0.22\ref\net8.0\Microsoft.Win32.Registry.dll" /reference:"C:\Program Files\dotnet\packs\Microsoft.WindowsDesktop.App.Ref\8.0.22\ref\net8.0\Microsoft.Win32.SystemEvents.dll" /reference:C:\Users\PC\.nuget\packages\microsoft.windows.sdk.net.ref\10.0.19041.57\lib\net8.0\Microsoft.Windows.SDK.NET.dll /reference:"C:\Program Files\dotnet\packs\Microsoft.NETCore.App.Ref\8.0.22\ref\net8.0\mscorlib.dll" /reference:C:\Users\PC\.nuget\packages\naudio.asio\2.2.1\lib\netstandard2.0\NAudio.Asio.dll /reference:C:\Users\PC\.nuget\packages\naudio.core\2.2.1\lib\netstandard2.0\NAudio.Core.dll /reference:C:\Users\PC\.nuget\packages\naudio\2.2.1\lib\net6.0-windows7.0\NAudio.dll /reference:C:\Users\PC\.nuget\packages\naudio.midi\2.2.1\lib\netstandard2.0\NAudio.Midi.dll /reference:C:\Users\PC\.nuget\packages\naudio.wasapi\2.2.1\lib\netstandard2.0\NAudio.Wasapi.dll /reference:C:\Users\PC\.nuget\packages\naudio.winforms\2.2.1\lib\netcoreapp3.1\NAudio.WinForms.dll /reference:C:\Users\PC\.nuget\packages\naudio.winmm\2.2.1\lib\netstandard2.0\NAudio.WinMM.dll /reference:"C:\Program Files\dotnet\packs\Microsoft.NETCore.App.Ref\8.0.22\ref\net8.0\netstandard.dll" /reference:C:\Users\PC\.nuget\packages\newtonsoft.json\13.0.3\lib\net6.0\Newtonsoft.Json.dll /reference:C:\Users\PC\.nuget\packages\opencvsharp4\4.11.0.20250507\lib\net6.0\OpenCvSharp.dll /reference:C:\Users\PC\.nuget\packages\opencvsharp4.wpfextensions\4.11.0.20250507\lib\net6.0\OpenCvSharp.WpfExtensions.dll /reference:"C:\Program Files\dotnet\packs\Microsoft.WindowsDesktop.App.Ref\8.0.22\ref\net8.0\PresentationCore.dll" /reference:"C:\Program Files\dotnet\packs\Microsoft.WindowsDesktop.App.Ref\8.0.22\ref\net8.0\PresentationFramework.Aero.dll" /reference:"C:\Program Files\dotnet\packs\Microsoft.WindowsDesktop.App.Ref\8.0.22\ref\net8.0\PresentationFramework.Aero2.dll" /reference:"C:\Program Files\dotnet\packs\Microsoft.WindowsDesktop.App.Ref\8.0.22\ref\net8.0\PresentationFramework.AeroLite.dll" /reference:"C:\Program Files\dotnet\packs\Microsoft.WindowsDesktop.App.Ref\8.0.22\ref\net8.0\PresentationFramework.Classic.dll" /reference:"C:\Program Files\dotnet\packs\Microsoft.WindowsDesktop.App.Ref\8.0.22\ref\net8.0\PresentationFramework.dll" /reference:"C:\Program Files\dotnet\packs\Microsoft.WindowsDesktop.App.Ref\8.0.22\ref\net8.0\PresentationFramework.Luna.dll" /reference:"C:\Program Files\dotnet\packs\Microsoft.WindowsDesktop.App.Ref\8.0.22\ref\net8.0\PresentationFramework.Royale.dll" /reference:"C:\Program Files\dotnet\packs\Microsoft.WindowsDesktop.App.Ref\8.0.22\ref\net8.0\PresentationUI.dll" /reference:"C:\Program Files\dotnet\packs\Microsoft.WindowsDesktop.App.Ref\8.0.22\ref\net8.0\ReachFramework.dll" /reference:C:\Users\PC\.nuget\packages\serilog\4.3.0\lib\net8.0\Serilog.dll /reference:C:\Users\PC\.nuget\packages\serilog.sinks.debug\3.0.0\lib\net8.0\Serilog.Sinks.Debug.dll /reference:C:\Users\PC\.nuget\packages\serilog.sinks.file\7.0.0\lib\net8.0\Serilog.Sinks.File.dll /reference:C:\Users\PC\.nuget\packages\sharpgen.runtime.com\2.2.0-beta\lib\net8.0\SharpGen.Runtime.COM.dll /reference:C:\Users\PC\.nuget\packages\sharpgen.runtime\2.2.0-beta\lib\net8.0\SharpGen.Runtime.dll /reference:"C:\Program Files\dotnet\packs\Microsoft.NETCore.App.Ref\8.0.22\ref\net8.0\System.AppContext.dll" /reference:"C:\Program Files\dotnet\packs\Microsoft.NETCore.App.Ref\8.0.22\ref\net8.0\System.Buffers.dll" /reference:C:\Users\PC\.nuget\packages\system.codedom\10.0.0\lib\net8.0\System.CodeDom.dll /reference:"C:\Program Files\dotnet\packs\Microsoft.NETCore.App.Ref\8.0.22\ref\net8.0\System.Collections.Concurrent.dll" /reference:"C:\Program Files\dotnet\packs\Microsoft.NETCore.App.Ref\8.0.22\ref\net8.0\System.Collections.dll" /reference:"C:\Program Files\dotnet\packs\Microsoft.NETCore.App.Ref\8.0.22\ref\net8.0\System.Collections.Immutable.dll" /reference:"C:\Program Files\dotnet\packs\Microsoft.NETCore.App.Ref\8.0.22\ref\net8.0\System.Collections.NonGeneric.dll" /reference:"C:\Program Files\dotnet\packs\Microsoft.NETCore.App.Ref\8.0.22\ref\net8.0\System.Collections.Specialized.dll" /reference:"C:\Program Files\dotnet\packs\Microsoft.NETCore.App.Ref\8.0.22\ref\net8.0\System.ComponentModel.Annotations.dll" /reference:"C:\Program Files\dotnet\packs\Microsoft.NETCore.App.Ref\8.0.22\ref\net8.0\System.ComponentModel.DataAnnotations.dll" /reference:"C:\Program Files\dotnet\packs\Microsoft.NETCore.App.Ref\8.0.22\ref\net8.0\System.ComponentModel.dll" /reference:"C:\Program Files\dotnet\packs\Microsoft.NETCore.App.Ref\8.0.22\ref\net8.0\System.ComponentModel.EventBasedAsync.dll" /reference:"C:\Program Files\dotnet\packs\Microsoft.NETCore.App.Ref\8.0.22\ref\net8.0\System.ComponentModel.Primitives.dll" /reference:"C:\Program Files\dotnet\packs\Microsoft.NETCore.App.Ref\8.0.22\ref\net8.0\System.ComponentModel.TypeConverter.dll" /reference:"C:\Program Files\dotnet\packs\Microsoft.WindowsDesktop.App.Ref\8.0.22\ref\net8.0\System.Configuration.ConfigurationManager.dll" /reference:"C:\Program Files\dotnet\packs\Microsoft.NETCore.App.Ref\8.0.22\ref\net8.0\System.Configuration.dll" /reference:"C:\Program Files\dotnet\packs\Microsoft.NETCore.App.Ref\8.0.22\ref\net8.0\System.Console.dll" /reference:"C:\Program Files\dotnet\packs\Microsoft.NETCore.App.Ref\8.0.22\ref\net8.0\System.Core.dll" /reference:"C:\Program Files\dotnet\packs\Microsoft.NETCore.App.Ref\8.0.22\ref\net8.0\System.Data.Common.dll" /reference:"C:\Program Files\dotnet\packs\Microsoft.NETCore.App.Ref\8.0.22\ref\net8.0\System.Data.DataSetExtensions.dll" /reference:"C:\Program Files\dotnet\packs\Microsoft.NETCore.App.Ref\8.0.22\ref\net8.0\System.Data.dll" /reference:"C:\Program Files\dotnet\packs\Microsoft.WindowsDesktop.App.Ref\8.0.22\ref\net8.0\System.Design.dll" /reference:"C:\Program Files\dotnet\packs\Microsoft.NETCore.App.Ref\8.0.22\ref\net8.0\System.Diagnostics.Contracts.dll" /reference:"C:\Program Files\dotnet\packs\Microsoft.NETCore.App.Ref\8.0.22\ref\net8.0\System.Diagnostics.Debug.dll" /reference:"C:\Program Files\dotnet\packs\Microsoft.NETCore.App.Ref\8.0.22\ref\net8.0\System.Diagnostics.DiagnosticSource.dll" /reference:"C:\Program Files\dotnet\packs\Microsoft.WindowsDesktop.App.Ref\8.0.22\ref\net8.0\System.Diagnostics.EventLog.dll" /reference:"C:\Program Files\dotnet\packs\Microsoft.NETCore.App.Ref\8.0.22\ref\net8.0\System.Diagnostics.FileVersionInfo.dll" /reference:"C:\Program Files\dotnet\packs\Microsoft.WindowsDesktop.App.Ref\8.0.22\ref\net8.0\System.Diagnostics.PerformanceCounter.dll" /reference:"C:\Program Files\dotnet\packs\Microsoft.NETCore.App.Ref\8.0.22\ref\net8.0\System.Diagnostics.Process.dll" /reference:"C:\Program Files\dotnet\packs\Microsoft.NETCore.App.Ref\8.0.22\ref\net8.0\System.Diagnostics.StackTrace.dll" /reference:"C:\Program Files\dotnet\packs\Microsoft.NETCore.App.Ref\8.0.22\ref\net8.0\System.Diagnostics.TextWriterTraceListener.dll" /reference:"C:\Program Files\dotnet\packs\Microsoft.NETCore.App.Ref\8.0.22\ref\net8.0\System.Diagnostics.Tools.dll" /reference:"C:\Program Files\dotnet\packs\Microsoft.NETCore.App.Ref\8.0.22\ref\net8.0\System.Diagnostics.TraceSource.dll" /reference:"C:\Program Files\dotnet\packs\Microsoft.NETCore.App.Ref\8.0.22\ref\net8.0\System.Diagnostics.Tracing.dll" /reference:"C:\Program Files\dotnet\packs\Microsoft.WindowsDesktop.App.Ref\8.0.22\ref\net8.0\System.DirectoryServices.dll" /reference:"C:\Program Files\dotnet\packs\Microsoft.NETCore.App.Ref\8.0.22\ref\net8.0\System.dll" /reference:"C:\Program Files\dotnet\packs\Microsoft.WindowsDesktop.App.Ref\8.0.22\ref\net8.0\System.Drawing.Common.dll" /reference:"C:\Program Files\dotnet\packs\Microsoft.WindowsDesktop.App.Ref\8.0.22\ref\net8.0\System.Drawing.Design.dll" /reference:"C:\Program Files\dotnet\packs\Microsoft.WindowsDesktop.App.Ref\8.0.22\ref\net8.0\System.Drawing.dll" /reference:"C:\Program Files\dotnet\packs\Microsoft.NETCore.App.Ref\8.0.22\ref\net8.0\System.Drawing.Primitives.dll" /reference:"C:\Program Files\dotnet\packs\Microsoft.NETCore.App.Ref\8.0.22\ref\net8.0\System.Dynamic.Runtime.dll" /reference:"C:\Program Files\dotnet\packs\Microsoft.NETCore.App.Ref\8.0.22\ref\net8.0\System.Formats.Asn1.dll" /reference:"C:\Program Files\dotnet\packs\Microsoft.NETCore.App.Ref\8.0.22\ref\net8.0\System.Formats.Tar.dll" /reference:"C:\Program Files\dotnet\packs\Microsoft.NETCore.App.Ref\8.0.22\ref\net8.0\System.Globalization.Calendars.dll" /reference:"C:\Program Files\dotnet\packs\Microsoft.NETCore.App.Ref\8.0.22\ref\net8.0\System.Globalization.dll" /reference:"C:\Program Files\dotnet\packs\Microsoft.NETCore.App.Ref\8.0.22\ref\net8.0\System.Globalization.Extensions.dll" /reference:"C:\Program Files\dotnet\packs\Microsoft.NETCore.App.Ref\8.0.22\ref\net8.0\System.IO.Compression.Brotli.dll" /reference:"C:\Program Files\dotnet\packs\Microsoft.NETCore.App.Ref\8.0.22\ref\net8.0\System.IO.Compression.dll" /reference:"C:\Program Files\dotnet\packs\Microsoft.NETCore.App.Ref\8.0.22\ref\net8.0\System.IO.Compression.FileSystem.dll" /reference:"C:\Program Files\dotnet\packs\Microsoft.NETCore.App.Ref\8.0.22\ref\net8.0\System.IO.Compression.ZipFile.dll" /reference:"C:\Program Files\dotnet\packs\Microsoft.NETCore.App.Ref\8.0.22\ref\net8.0\System.IO.dll" /reference:"C:\Program Files\dotnet\packs\Microsoft.NETCore.App.Ref\8.0.22\ref\net8.0\System.IO.FileSystem.AccessControl.dll" /reference:"C:\Program Files\dotnet\packs\Microsoft.NETCore.App.Ref\8.0.22\ref\net8.0\System.IO.FileSystem.dll" /reference:"C:\Program Files\dotnet\packs\Microsoft.NETCore.App.Ref\8.0.22\ref\net8.0\System.IO.FileSystem.DriveInfo.dll" /reference:"C:\Program Files\dotnet\packs\Microsoft.NETCore.App.Ref\8.0.22\ref\net8.0\System.IO.FileSystem.Primitives.dll" /reference:"C:\Program Files\dotnet\packs\Microsoft.NETCore.App.Ref\8.0.22\ref\net8.0\System.IO.FileSystem.Watcher.dll" /reference:"C:\Program Files\dotnet\packs\Microsoft.NETCore.App.Ref\8.0.22\ref\net8.0\System.IO.IsolatedStorage.dll" /reference:"C:\Program Files\dotnet\packs\Microsoft.NETCore.App.Ref\8.0.22\ref\net8.0\System.IO.MemoryMappedFiles.dll" /reference:"C:\Program Files\dotnet\packs\Microsoft.WindowsDesktop.App.Ref\8.0.22\ref\net8.0\System.IO.Packaging.dll" /reference:"C:\Program Files\dotnet\packs\Microsoft.NETCore.App.Ref\8.0.22\ref\net8.0\System.IO.Pipes.AccessControl.dll" /reference:"C:\Program Files\dotnet\packs\Microsoft.NETCore.App.Ref\8.0.22\ref\net8.0\System.IO.Pipes.dll" /reference:"C:\Program Files\dotnet\packs\Microsoft.NETCore.App.Ref\8.0.22\ref\net8.0\System.IO.UnmanagedMemoryStream.dll" /reference:"C:\Program Files\dotnet\packs\Microsoft.NETCore.App.Ref\8.0.22\ref\net8.0\System.Linq.dll" /reference:"C:\Program Files\dotnet\packs\Microsoft.NETCore.App.Ref\8.0.22\ref\net8.0\System.Linq.Expressions.dll" /reference:"C:\Program Files\dotnet\packs\Microsoft.NETCore.App.Ref\8.0.22\ref\net8.0\System.Linq.Parallel.dll" /reference:"C:\Program Files\dotnet\packs\Microsoft.NETCore.App.Ref\8.0.22\ref\net8.0\System.Linq.Queryable.dll" /reference:C:\Users\PC\.nuget\packages\system.management\10.0.0\lib\net8.0\System.Management.dll /reference:"C:\Program Files\dotnet\packs\Microsoft.NETCore.App.Ref\8.0.22\ref\net8.0\System.Memory.dll" /reference:"C:\Program Files\dotnet\packs\Microsoft.NETCore.App.Ref\8.0.22\ref\net8.0\System.Net.dll" /reference:"C:\Program Files\dotnet\packs\Microsoft.NETCore.App.Ref\8.0.22\ref\net8.0\System.Net.Http.dll" /reference:"C:\Program Files\dotnet\packs\Microsoft.NETCore.App.Ref\8.0.22\ref\net8.0\System.Net.Http.Json.dll" /reference:"C:\Program Files\dotnet\packs\Microsoft.NETCore.App.Ref\8.0.22\ref\net8.0\System.Net.HttpListener.dll" /reference:"C:\Program Files\dotnet\packs\Microsoft.NETCore.App.Ref\8.0.22\ref\net8.0\System.Net.Mail.dll" /reference:"C:\Program Files\dotnet\packs\Microsoft.NETCore.App.Ref\8.0.22\ref\net8.0\System.Net.NameResolution.dll" /reference:"C:\Program Files\dotnet\packs\Microsoft.NETCore.App.Ref\8.0.22\ref\net8.0\System.Net.NetworkInformation.dll" /reference:"C:\Program Files\dotnet\packs\Microsoft.NETCore.App.Ref\8.0.22\ref\net8.0\System.Net.Ping.dll" /reference:"C:\Program Files\dotnet\packs\Microsoft.NETCore.App.Ref\8.0.22\ref\net8.0\System.Net.Primitives.dll" /reference:"C:\Program Files\dotnet\packs\Microsoft.NETCore.App.Ref\8.0.22\ref\net8.0\System.Net.Quic.dll" /reference:"C:\Program Files\dotnet\packs\Microsoft.NETCore.App.Ref\8.0.22\ref\net8.0\System.Net.Requests.dll" /reference:"C:\Program Files\dotnet\packs\Microsoft.NETCore.App.Ref\8.0.22\ref\net8.0\System.Net.Security.dll" /reference:"C:\Program Files\dotnet\packs\Microsoft.NETCore.App.Ref\8.0.22\ref\net8.0\System.Net.ServicePoint.dll" /reference:"C:\Program Files\dotnet\packs\Microsoft.NETCore.App.Ref\8.0.22\ref\net8.0\System.Net.Sockets.dll" /reference:"C:\Program Files\dotnet\packs\Microsoft.NETCore.App.Ref\8.0.22\ref\net8.0\System.Net.WebClient.dll" /reference:"C:\Program Files\dotnet\packs\Microsoft.NETCore.App.Ref\8.0.22\ref\net8.0\System.Net.WebHeaderCollection.dll" /reference:"C:\Program Files\dotnet\packs\Microsoft.NETCore.App.Ref\8.0.22\ref\net8.0\System.Net.WebProxy.dll" /reference:"C:\Program Files\dotnet\packs\Microsoft.NETCore.App.Ref\8.0.22\ref\net8.0\System.Net.WebSockets.Client.dll" /reference:"C:\Program Files\dotnet\packs\Microsoft.NETCore.App.Ref\8.0.22\ref\net8.0\System.Net.WebSockets.dll" /reference:"C:\Program Files\dotnet\packs\Microsoft.NETCore.App.Ref\8.0.22\ref\net8.0\System.Numerics.dll" /reference:"C:\Program Files\dotnet\packs\Microsoft.NETCore.App.Ref\8.0.22\ref\net8.0\System.Numerics.Vectors.dll" /reference:"C:\Program Files\dotnet\packs\Microsoft.NETCore.App.Ref\8.0.22\ref\net8.0\System.ObjectModel.dll" /reference:"C:\Program Files\dotnet\packs\Microsoft.WindowsDesktop.App.Ref\8.0.22\ref\net8.0\System.Printing.dll" /reference:"C:\Program Files\dotnet\packs\Microsoft.NETCore.App.Ref\8.0.22\ref\net8.0\System.Reflection.DispatchProxy.dll" /reference:"C:\Program Files\dotnet\packs\Microsoft.NETCore.App.Ref\8.0.22\ref\net8.0\System.Reflection.dll" /reference:"C:\Program Files\dotnet\packs\Microsoft.NETCore.App.Ref\8.0.22\ref\net8.0\System.Reflection.Emit.dll" /reference:"C:\Program Files\dotnet\packs\Microsoft.NETCore.App.Ref\8.0.22\ref\net8.0\System.Reflection.Emit.ILGeneration.dll" /reference:"C:\Program Files\dotnet\packs\Microsoft.NETCore.App.Ref\8.0.22\ref\net8.0\System.Reflection.Emit.Lightweight.dll" /reference:"C:\Program Files\dotnet\packs\Microsoft.NETCore.App.Ref\8.0.22\ref\net8.0\System.Reflection.Extensions.dll" /reference:"C:\Program Files\dotnet\packs\Microsoft.NETCore.App.Ref\8.0.22\ref\net8.0\System.Reflection.Metadata.dll" /reference:"C:\Program Files\dotnet\packs\Microsoft.NETCore.App.Ref\8.0.22\ref\net8.0\System.Reflection.Primitives.dll" /reference:"C:\Program Files\dotnet\packs\Microsoft.NETCore.App.Ref\8.0.22\ref\net8.0\System.Reflection.TypeExtensions.dll" /reference:"C:\Program Files\dotnet\packs\Microsoft.WindowsDesktop.App.Ref\8.0.22\ref\net8.0\System.Resources.Extensions.dll" /reference:"C:\Program Files\dotnet\packs\Microsoft.NETCore.App.Ref\8.0.22\ref\net8.0\System.Resources.Reader.dll" /reference:"C:\Program Files\dotnet\packs\Microsoft.NETCore.App.Ref\8.0.22\ref\net8.0\System.Resources.ResourceManager.dll" /reference:"C:\Program Files\dotnet\packs\Microsoft.NETCore.App.Ref\8.0.22\ref\net8.0\System.Resources.Writer.dll" /reference:"C:\Program Files\dotnet\packs\Microsoft.NETCore.App.Ref\8.0.22\ref\net8.0\System.Runtime.CompilerServices.Unsafe.dll" /reference:"C:\Program Files\dotnet\packs\Microsoft.NETCore.App.Ref\8.0.22\ref\net8.0\System.Runtime.CompilerServices.VisualC.dll" /reference:"C:\Program Files\dotnet\packs\Microsoft.NETCore.App.Ref\8.0.22\ref\net8.0\System.Runtime.dll" /reference:"C:\Program Files\dotnet\packs\Microsoft.NETCore.App.Ref\8.0.22\ref\net8.0\System.Runtime.Extensions.dll" /reference:"C:\Program Files\dotnet\packs\Microsoft.NETCore.App.Ref\8.0.22\ref\net8.0\System.Runtime.Handles.dll" /reference:"C:\Program Files\dotnet\packs\Microsoft.NETCore.App.Ref\8.0.22\ref\net8.0\System.Runtime.InteropServices.dll" /reference:"C:\Program Files\dotnet\packs\Microsoft.NETCore.App.Ref\8.0.22\ref\net8.0\System.Runtime.InteropServices.JavaScript.dll" /reference:"C:\Program Files\dotnet\packs\Microsoft.NETCore.App.Ref\8.0.22\ref\net8.0\System.Runtime.InteropServices.RuntimeInformation.dll" /reference:"C:\Program Files\dotnet\packs\Microsoft.NETCore.App.Ref\8.0.22\ref\net8.0\System.Runtime.Intrinsics.dll" /reference:"C:\Program Files\dotnet\packs\Microsoft.NETCore.App.Ref\8.0.22\ref\net8.0\System.Runtime.Loader.dll" /reference:"C:\Program Files\dotnet\packs\Microsoft.NETCore.App.Ref\8.0.22\ref\net8.0\System.Runtime.Numerics.dll" /reference:"C:\Program Files\dotnet\packs\Microsoft.NETCore.App.Ref\8.0.22\ref\net8.0\System.Runtime.Serialization.dll" /reference:"C:\Program Files\dotnet\packs\Microsoft.NETCore.App.Ref\8.0.22\ref\net8.0\System.Runtime.Serialization.Formatters.dll" /reference:"C:\Program Files\dotnet\packs\Microsoft.NETCore.App.Ref\8.0.22\ref\net8.0\System.Runtime.Serialization.Json.dll" /reference:"C:\Program Files\dotnet\packs\Microsoft.NETCore.App.Ref\8.0.22\ref\net8.0\System.Runtime.Serialization.Primitives.dll" /reference:"C:\Program Files\dotnet\packs\Microsoft.NETCore.App.Ref\8.0.22\ref\net8.0\System.Runtime.Serialization.Xml.dll" /reference:"C:\Program Files\dotnet\packs\Microsoft.NETCore.App.Ref\8.0.22\ref\net8.0\System.Security.AccessControl.dll" /reference:"C:\Program Files\dotnet\packs\Microsoft.NETCore.App.Ref\8.0.22\ref\net8.0\System.Security.Claims.dll" /reference:"C:\Program Files\dotnet\packs\Microsoft.NETCore.App.Ref\8.0.22\ref\net8.0\System.Security.Cryptography.Algorithms.dll" /reference:"C:\Program Files\dotnet\packs\Microsoft.NETCore.App.Ref\8.0.22\ref\net8.0\System.Security.Cryptography.Cng.dll" /reference:"C:\Program Files\dotnet\packs\Microsoft.NETCore.App.Ref\8.0.22\ref\net8.0\System.Security.Cryptography.Csp.dll" /reference:"C:\Program Files\dotnet\packs\Microsoft.NETCore.App.Ref\8.0.22\ref\net8.0\System.Security.Cryptography.dll" /reference:"C:\Program Files\dotnet\packs\Microsoft.NETCore.App.Ref\8.0.22\ref\net8.0\System.Security.Cryptography.Encoding.dll" /reference:"C:\Program Files\dotnet\packs\Microsoft.NETCore.App.Ref\8.0.22\ref\net8.0\System.Security.Cryptography.OpenSsl.dll" /reference:"C:\Program Files\dotnet\packs\Microsoft.WindowsDesktop.App.Ref\8.0.22\ref\net8.0\System.Security.Cryptography.Pkcs.dll" /reference:"C:\Program Files\dotnet\packs\Microsoft.NETCore.App.Ref\8.0.22\ref\net8.0\System.Security.Cryptography.Primitives.dll" /reference:"C:\Program Files\dotnet\packs\Microsoft.WindowsDesktop.App.Ref\8.0.22\ref\net8.0\System.Security.Cryptography.ProtectedData.dll" /reference:"C:\Program Files\dotnet\packs\Microsoft.NETCore.App.Ref\8.0.22\ref\net8.0\System.Security.Cryptography.X509Certificates.dll" /reference:"C:\Program Files\dotnet\packs\Microsoft.WindowsDesktop.App.Ref\8.0.22\ref\net8.0\System.Security.Cryptography.Xml.dll" /reference:"C:\Program Files\dotnet\packs\Microsoft.NETCore.App.Ref\8.0.22\ref\net8.0\System.Security.dll" /reference:"C:\Program Files\dotnet\packs\Microsoft.WindowsDesktop.App.Ref\8.0.22\ref\net8.0\System.Security.Permissions.dll" /reference:"C:\Program Files\dotnet\packs\Microsoft.NETCore.App.Ref\8.0.22\ref\net8.0\System.Security.Principal.dll" /reference:"C:\Program Files\dotnet\packs\Microsoft.NETCore.App.Ref\8.0.22\ref\net8.0\System.Security.Principal.Windows.dll" /reference:"C:\Program Files\dotnet\packs\Microsoft.NETCore.App.Ref\8.0.22\ref\net8.0\System.Security.SecureString.dll" /reference:"C:\Program Files\dotnet\packs\Microsoft.NETCore.App.Ref\8.0.22\ref\net8.0\System.ServiceModel.Web.dll" /reference:"C:\Program Files\dotnet\packs\Microsoft.NETCore.App.Ref\8.0.22\ref\net8.0\System.ServiceProcess.dll" /reference:"C:\Program Files\dotnet\packs\Microsoft.NETCore.App.Ref\8.0.22\ref\net8.0\System.Text.Encoding.CodePages.dll" /reference:"C:\Program Files\dotnet\packs\Microsoft.NETCore.App.Ref\8.0.22\ref\net8.0\System.Text.Encoding.dll" /reference:"C:\Program Files\dotnet\packs\Microsoft.NETCore.App.Ref\8.0.22\ref\net8.0\System.Text.Encoding.Extensions.dll" /reference:"C:\Program Files\dotnet\packs\Microsoft.NETCore.App.Ref\8.0.22\ref\net8.0\System.Text.Encodings.Web.dll" /reference:"C:\Program Files\dotnet\packs\Microsoft.NETCore.App.Ref\8.0.22\ref\net8.0\System.Text.Json.dll" /reference:"C:\Program Files\dotnet\packs\Microsoft.NETCore.App.Ref\8.0.22\ref\net8.0\System.Text.RegularExpressions.dll" /reference:"C:\Program Files\dotnet\packs\Microsoft.WindowsDesktop.App.Ref\8.0.22\ref\net8.0\System.Threading.AccessControl.dll" /reference:"C:\Program Files\dotnet\packs\Microsoft.NETCore.App.Ref\8.0.22\ref\net8.0\System.Threading.Channels.dll" /reference:"C:\Program Files\dotnet\packs\Microsoft.NETCore.App.Ref\8.0.22\ref\net8.0\System.Threading.dll" /reference:"C:\Program Files\dotnet\packs\Microsoft.NETCore.App.Ref\8.0.22\ref\net8.0\System.Threading.Overlapped.dll" /reference:"C:\Program Files\dotnet\packs\Microsoft.NETCore.App.Ref\8.0.22\ref\net8.0\System.Threading.Tasks.Dataflow.dll" /reference:"C:\Program Files\dotnet\packs\Microsoft.NETCore.App.Ref\8.0.22\ref\net8.0\System.Threading.Tasks.dll" /reference:"C:\Program Files\dotnet\packs\Microsoft.NETCore.App.Ref\8.0.22\ref\net8.0\System.Threading.Tasks.Extensions.dll" /reference:"C:\Program Files\dotnet\packs\Microsoft.NETCore.App.Ref\8.0.22\ref\net8.0\System.Threading.Tasks.Parallel.dll" /reference:"C:\Program Files\dotnet\packs\Microsoft.NETCore.App.Ref\8.0.22\ref\net8.0\System.Threading.Thread.dll" /reference:"C:\Program Files\dotnet\packs\Microsoft.NETCore.App.Ref\8.0.22\ref\net8.0\System.Threading.ThreadPool.dll" /reference:"C:\Program Files\dotnet\packs\Microsoft.NETCore.App.Ref\8.0.22\ref\net8.0\System.Threading.Timer.dll" /reference:"C:\Program Files\dotnet\packs\Microsoft.NETCore.App.Ref\8.0.22\ref\net8.0\System.Transactions.dll" /reference:"C:\Program Files\dotnet\packs\Microsoft.NETCore.App.Ref\8.0.22\ref\net8.0\System.Transactions.Local.dll" /reference:"C:\Program Files\dotnet\packs\Microsoft.NETCore.App.Ref\8.0.22\ref\net8.0\System.ValueTuple.dll" /reference:"C:\Program Files\dotnet\packs\Microsoft.NETCore.App.Ref\8.0.22\ref\net8.0\System.Web.dll" /reference:"C:\Program Files\dotnet\packs\Microsoft.NETCore.App.Ref\8.0.22\ref\net8.0\System.Web.HttpUtility.dll" /reference:"C:\Program Files\dotnet\packs\Microsoft.WindowsDesktop.App.Ref\8.0.22\ref\net8.0\System.Windows.Controls.Ribbon.dll" /reference:"C:\Program Files\dotnet\packs\Microsoft.NETCore.App.Ref\8.0.22\ref\net8.0\System.Windows.dll" /reference:"C:\Program Files\dotnet\packs\Microsoft.WindowsDesktop.App.Ref\8.0.22\ref\net8.0\System.Windows.Extensions.dll" /reference:"C:\Program Files\dotnet\packs\Microsoft.WindowsDesktop.App.Ref\8.0.22\ref\net8.0\System.Windows.Forms.Design.dll" /reference:"C:\Program Files\dotnet\packs\Microsoft.WindowsDesktop.App.Ref\8.0.22\ref\net8.0\System.Windows.Forms.Design.Editors.dll" /reference:"C:\Program Files\dotnet\packs\Microsoft.WindowsDesktop.App.Ref\8.0.22\ref\net8.0\System.Windows.Forms.dll" /reference:"C:\Program Files\dotnet\packs\Microsoft.WindowsDesktop.App.Ref\8.0.22\ref\net8.0\System.Windows.Forms.Primitives.dll" /reference:"C:\Program Files\dotnet\packs\Microsoft.WindowsDesktop.App.Ref\8.0.22\ref\net8.0\System.Windows.Input.Manipulations.dll" /reference:"C:\Program Files\dotnet\packs\Microsoft.WindowsDesktop.App.Ref\8.0.22\ref\net8.0\System.Windows.Presentation.dll" /reference:"C:\Program Files\dotnet\packs\Microsoft.WindowsDesktop.App.Ref\8.0.22\ref\net8.0\System.Xaml.dll" /reference:"C:\Program Files\dotnet\packs\Microsoft.NETCore.App.Ref\8.0.22\ref\net8.0\System.Xml.dll" /reference:"C:\Program Files\dotnet\packs\Microsoft.NETCore.App.Ref\8.0.22\ref\net8.0\System.Xml.Linq.dll" /reference:"C:\Program Files\dotnet\packs\Microsoft.NETCore.App.Ref\8.0.22\ref\net8.0\System.Xml.ReaderWriter.dll" /reference:"C:\Program Files\dotnet\packs\Microsoft.NETCore.App.Ref\8.0.22\ref\net8.0\System.Xml.Serialization.dll" /reference:"C:\Program Files\dotnet\packs\Microsoft.NETCore.App.Ref\8.0.22\ref\net8.0\System.Xml.XDocument.dll" /reference:"C:\Program Files\dotnet\packs\Microsoft.NETCore.App.Ref\8.0.22\ref\net8.0\System.Xml.XmlDocument.dll" /reference:"C:\Program Files\dotnet\packs\Microsoft.NETCore.App.Ref\8.0.22\ref\net8.0\System.Xml.XmlSerializer.dll" /reference:"C:\Program Files\dotnet\packs\Microsoft.NETCore.App.Ref\8.0.22\ref\net8.0\System.Xml.XPath.dll" /reference:"C:\Program Files\dotnet\packs\Microsoft.NETCore.App.Ref\8.0.22\ref\net8.0\System.Xml.XPath.XDocument.dll" /reference:"C:\Program Files\dotnet\packs\Microsoft.WindowsDesktop.App.Ref\8.0.22\ref\net8.0\UIAutomationClient.dll" /reference:"C:\Program Files\dotnet\packs\Microsoft.WindowsDesktop.App.Ref\8.0.22\ref\net8.0\UIAutomationClientSideProviders.dll" /reference:"C:\Program Files\dotnet\packs\Microsoft.WindowsDesktop.App.Ref\8.0.22\ref\net8.0\UIAutomationProvider.dll" /reference:"C:\Program Files\dotnet\packs\Microsoft.WindowsDesktop.App.Ref\8.0.22\ref\net8.0\UIAutomationTypes.dll" /reference:C:\Users\PC\Documents\UniCast\Unicast.Capture\bin\Debug\net8.0-windows10.0.19041.0\Unicast.Capture.dll /reference:C:\Users\PC\Documents\UniCast\UniCast.Core\bin\Debug\net8.0\UniCast.Core.dll /reference:C:\Users\PC\Documents\UniCast\UniCast.Encoder\bin\Debug\net8.0-windows\UniCast.Encoder.dll /reference:C:\Users\PC\Documents\UniCast\UniCast.Licensing\bin\Debug\net8.0-windows\UniCast.Licensing.dll /reference:C:\Users\PC\.nuget\packages\vortice.d3dcompiler\3.6.2\lib\net8.0\Vortice.D3DCompiler.dll /reference:C:\Users\PC\.nuget\packages\vortice.direct3d11\3.6.2\lib\net8.0\Vortice.Direct3D11.dll /reference:C:\Users\PC\.nuget\packages\vortice.directx\3.6.2\lib\net8.0-windows10.0.19041\Vortice.DirectX.dll /reference:C:\Users\PC\.nuget\packages\vortice.dxgi\3.6.2\lib\net8.0-windows10.0.19041\Vortice.DXGI.dll /reference:C:\Users\PC\.nuget\packages\vortice.mathematics\1.9.2\lib\net8.0-windows10.0.19041\Vortice.Mathematics.dll /reference:"C:\Program Files\dotnet\packs\Microsoft.WindowsDesktop.App.Ref\8.0.22\ref\net8.0\WindowsBase.dll" /reference:"C:\Program Files\dotnet\packs\Microsoft.WindowsDesktop.App.Ref\8.0.22\ref\net8.0\WindowsFormsIntegration.dll" /reference:C:\Users\PC\.nuget\packages\microsoft.windows.sdk.net.ref\10.0.19041.57\lib\net8.0\WinRT.Runtime.dll /debug+ /debug:portable /filealign:512 /optimize- /out:obj\Debug\net8.0-windows10.0.19041.0\UniCast.App.dll /refout:obj\Debug\net8.0-windows10.0.19041.0\refint\UniCast.App.dll /target:winexe /warnaserror- /utf8output /deterministic+ /sourcelink:obj\Debug\net8.0-windows10.0.19041.0\UniCast.App_zeis22ot_wpftmp.sourcelink.json /langversion:12.0 /embed:C:\Users\PC\Documents\UniCast\UniCast.App\obj\Debug\net8.0-windows10.0.19041.0\MainWindow.g.cs /embed:C:\Users\PC\Documents\UniCast\UniCast.App\obj\Debug\net8.0-windows10.0.19041.0\Overlay\OverlayWindow.g.cs /embed:C:\Users\PC\Documents\UniCast\UniCast.App\obj\Debug\net8.0-windows10.0.19041.0\Views\ActivationWindow.g.cs /embed:C:\Users\PC\Documents\UniCast\UniCast.App\obj\Debug\net8.0-windows10.0.19041.0\Views\ChatOverlayView.g.cs /embed:C:\Users\PC\Documents\UniCast\UniCast.App\obj\Debug\net8.0-windows10.0.19041.0\Views\ChatView.g.cs /embed:C:\Users\PC\Documents\UniCast\UniCast.App\obj\Debug\net8.0-windows10.0.19041.0\Views\ControlView.g.cs /embed:C:\Users\PC\Documents\UniCast\UniCast.App\obj\Debug\net8.0-windows10.0.19041.0\Views\FirstRunWizard.g.cs /embed:C:\Users\PC\Documents\UniCast\UniCast.App\obj\Debug\net8.0-windows10.0.19041.0\Views\LicenseView.g.cs /embed:C:\Users\PC\Documents\UniCast\UniCast.App\obj\Debug\net8.0-windows10.0.19041.0\Views\PreviewView.g.cs /embed:C:\Users\PC\Documents\UniCast\UniCast.App\obj\Debug\net8.0-windows10.0.19041.0\Views\SettingsView.g.cs /embed:C:\Users\PC\Documents\UniCast\UniCast.App\obj\Debug\net8.0-windows10.0.19041.0\Views\SplashWindow.g.cs /embed:C:\Users\PC\Documents\UniCast\UniCast.App\obj\Debug\net8.0-windows10.0.19041.0\Views\TargetsView.g.cs /embed:C:\Users\PC\Documents\UniCast\UniCast.App\obj\Debug\net8.0-windows10.0.19041.0\App.g.cs /embed:"obj\Debug\net8.0-windows10.0.19041.0\.NETCoreApp,Version=v8.0.AssemblyAttributes.cs" /embed:obj\Debug\net8.0-windows10.0.19041.0\UniCast.App_zeis22ot_wpftmp.AssemblyInfo.cs /embed:obj\Debug\net8.0-windows10.0.19041.0\UniCast.App_zeis22ot_wpftmp.GlobalUsings.g.cs /analyzerconfig:obj\Debug\net8.0-windows10.0.19041.0\UniCast.App_zeis22ot_wpftmp.GeneratedMSBuildEditorConfig.editorconfig /analyzerconfig:"C:\Program Files\dotnet\sdk\10.0.100\Sdks\Microsoft.NET.Sdk\analyzers\build\config\analysislevel_8_default.globalconfig" /analyzer:"C:\Program Files\dotnet\sdk\10.0.100\Sdks\Microsoft.NET.Sdk\targets\..\analyzers\Microsoft.CodeAnalysis.CSharp.NetAnalyzers.dll" /analyzer:"C:\Program Files\dotnet\sdk\10.0.100\Sdks\Microsoft.NET.Sdk\targets\..\analyzers\Microsoft.CodeAnalysis.NetAnalyzers.dll" /analyzer:"C:\Program Files\dotnet\packs\Microsoft.NETCore.App.Ref\8.0.22\analyzers/dotnet/cs/Microsoft.Interop.ComInterfaceGenerator.dll" /analyzer:"C:\Program Files\dotnet\packs\Microsoft.NETCore.App.Ref\8.0.22\analyzers/dotnet/cs/Microsoft.Interop.JavaScript.JSImportGenerator.dll" /analyzer:"C:\Program Files\dotnet\packs\Microsoft.NETCore.App.Ref\8.0.22\analyzers/dotnet/cs/Microsoft.Interop.LibraryImportGenerator.dll" /analyzer:"C:\Program Files\dotnet\packs\Microsoft.NETCore.App.Ref\8.0.22\analyzers/dotnet/cs/Microsoft.Interop.SourceGeneration.dll" /analyzer:"C:\Program Files\dotnet\packs\Microsoft.NETCore.App.Ref\8.0.22\analyzers/dotnet/cs/System.Text.Json.SourceGeneration.dll" /analyzer:"C:\Program Files\dotnet\packs\Microsoft.NETCore.App.Ref\8.0.22\analyzers/dotnet/cs/System.Text.RegularExpressions.Generator.dll" /analyzer:"C:\Program Files\dotnet\packs\Microsoft.WindowsDesktop.App.Ref\8.0.22\analyzers/dotnet/System.Windows.Forms.Analyzers.dll" /analyzer:"C:\Program Files\dotnet\packs\Microsoft.WindowsDesktop.App.Ref\8.0.22\analyzers/dotnet/cs/System.Windows.Forms.Analyzers.CSharp.dll" /analyzer:C:\Users\PC\.nuget\packages\microsoft.windows.sdk.net.ref\10.0.19041.57\analyzers/dotnet/cs/WinRT.SourceGenerator.dll /analyzer:C:\Users\PC\.nuget\packages\system.text.json\8.0.0\analyzers\dotnet\roslyn4.4\cs\System.Text.Json.SourceGeneration.dll App.Shutdown.cs App.xaml.cs AppConstants.cs AppIntegration.cs AssemblyInfo.cs Configuration\ConfigurationValidator.cs Constants.cs Diagnostics\HealthCheckService.cs Diagnostics\MemoryProfiler.cs Diagnostics\MetricsService.cs Diagnostics\PerformanceMonitor.cs DirectX\D3DImageSource.cs Documentation\DocumentationHelper.cs Exceptions\LocalizedException.cs Infrastructure\AsyncEventHandler.cs Infrastructure\AsyncFileHelper.cs Infrastructure\AsyncVoidHandler.cs Infrastructure\CancellationHelper.cs Infrastructure\LazyServiceLoader.cs Infrastructure\ObjectPool.cs Infrastructure\RelayCommand.cs Infrastructure\ResourceManager.cs Infrastructure\RetryPolicy.cs Infrastructure\ServiceCollectionExtensions.cs Infrastructure\TaskExtensions.cs Infrastructure\ThreadSafetyHelpers.cs Infrastructure\WeakEventManagerHelper.cs Input\KeyboardShortcuts.cs Logging\DynamicLogLevel.cs MainWindow.PlatformStatus.cs MainWindow.xaml.cs Overlay\ChatOverlayController.cs Overlay\DpiHelper.cs Overlay\OverlayPipePublisher.cs Overlay\OverlayWindow.xaml.cs Resources\ErrorStrings.cs Resources\ErrorStringsExtension.cs Security\SecretStore.cs Security\StreamKeyMaskingEnricher.cs Services\AudioService.cs Services\AutoUpdateService.cs Services\BaseStore.cs Services\Capture\DeviceService.cs Services\Capture\IDeviceService.cs Services\CrashReporter.cs Services\HttpClientFactory.cs Services\IStreamController.cs Services\PreviewService.cs Services\SettingsStore.cs Services\StreamController.cs Services\StreamControllerAdapter.cs Services\TargetsStore.cs Services\TokenRefreshService.cs Validation\InputValidator.cs ViewModels\ChatViewModel.cs ViewModels\ControlViewModel.cs ViewModels\LicenseViewModel.cs ViewModels\PreviewViewModel.cs ViewModels\SettingsViewModel.cs ViewModels\TargetsViewModel.cs Views\ActivationWindow.xaml.cs Views\ChatOverlayView.xaml.cs Views\ChatView.xaml.cs Views\ControlView.xaml.cs Views\FirstRunWizard.xaml.cs Views\LicenseView.xaml.cs Views\PreviewView.xaml.cs Views\SettingsView.xaml.cs Views\SplashWindow.xaml.cs Views\TargetsView.xaml.cs C:\Users\PC\Documents\UniCast\UniCast.App\obj\Debug\net8.0-windows10.0.19041.0\MainWindow.g.cs C:\Users\PC\Documents\UniCast\UniCast.App\obj\Debug\net8.0-windows10.0.19041.0\Overlay\OverlayWindow.g.cs C:\Users\PC\Documents\UniCast\UniCast.App\obj\Debug\net8.0-windows10.0.19041.0\Views\ActivationWindow.g.cs C:\Users\PC\Documents\UniCast\UniCast.App\obj\Debug\net8.0-windows10.0.19041.0\Views\ChatOverlayView.g.cs C:\Users\PC\Documents\UniCast\UniCast.App\obj\Debug\net8.0-windows10.0.19041.0\Views\ChatView.g.cs C:\Users\PC\Documents\UniCast\UniCast.App\obj\Debug\net8.0-windows10.0.19041.0\Views\ControlView.g.cs C:\Users\PC\Documents\UniCast\UniCast.App\obj\Debug\net8.0-windows10.0.19041.0\Views\FirstRunWizard.g.cs C:\Users\PC\Documents\UniCast\UniCast.App\obj\Debug\net8.0-windows10.0.19041.0\Views\LicenseView.g.cs C:\Users\PC\Documents\UniCast\UniCast.App\obj\Debug\net8.0-windows10.0.19041.0\Views\PreviewView.g.cs C:\Users\PC\Documents\UniCast\UniCast.App\obj\Debug\net8.0-windows10.0.19041.0\Views\SettingsView.g.cs C:\Users\PC\Documents\UniCast\UniCast.App\obj\Debug\net8.0-windows10.0.19041.0\Views\SplashWindow.g.cs C:\Users\PC\Documents\UniCast\UniCast.App\obj\Debug\net8.0-windows10.0.19041.0\Views\TargetsView.g.cs C:\Users\PC\Documents\UniCast\UniCast.App\obj\Debug\net8.0-windows10.0.19041.0\App.g.cs "obj\Debug\net8.0-windows10.0.19041.0\.NETCoreApp,Version=v8.0.AssemblyAttributes.cs" obj\Debug\net8.0-windows10.0.19041.0\UniCast.App_zeis22ot_wpftmp.AssemblyInfo.cs obj\Debug\net8.0-windows10.0.19041.0\UniCast.App_zeis22ot_wpftmp.GlobalUsings.g.cs /warnaserror+:NU1605,SYSLIB0011'
         Attempt to open named pipe 'VJ6jP7ns4k7WzHApVoaqyC+TCssYkENCxZIKZg3UAY8'
         Attempt to connect named pipe 'VJ6jP7ns4k7WzHApVoaqyC+TCssYkENCxZIKZg3UAY8'
         Named pipe 'VJ6jP7ns4k7WzHApVoaqyC+TCssYkENCxZIKZg3UAY8' connected
         Begin writing request for UniCast.App_zeis22ot_wpftmp (net8.0-windows10.0.19041.0)
         End writing request for UniCast.App_zeis22ot_wpftmp (net8.0-windows10.0.19041.0)
         Begin reading response for UniCast.App_zeis22ot_wpftmp (net8.0-windows10.0.19041.0)
         End reading response for UniCast.App_zeis22ot_wpftmp (net8.0-windows10.0.19041.0)
     8>C:\Users\PC\Documents\UniCast\UniCast.App\Input\KeyboardShortcuts.cs(383,36): warning CS0067: 'RelayShortcutCommand.CanExecuteChanged' olay¦- hi+ğbir zaman kullan¦-lmaz [C:\Users\PC\Documents\UniCast\UniCast.App\UniCast.App_zeis22ot_wpftmp.csproj]
         CompilerServer: server - server processed compilation - UniCast.App_zeis22ot_wpftmp (net8.0-windows10.0.19041.0)
     8>"C:\Users\PC\Documents\UniCast\UniCast.App\UniCast.App_zeis22ot_wpftmp.csproj" Projesini Olu+şturma ¦-+şlemi Tamamland¦- (_CompileTemporaryAssembly hedef).
     2>GenerateTemporaryTargetAssembly:
         "obj\UniCast.App_zeis22ot_wpftmp.csproj.nuget.g.props" dosyas¦- siliniyor.
         "obj\UniCast.App_zeis22ot_wpftmp.csproj.nuget.g.targets" dosyas¦- siliniyor.
         "obj\UniCast.App_zeis22ot_wpftmp.csproj.nuget.dgspec.json" dosyas¦- siliniyor.
       MarkupCompilePass2:
         MarkupCompilePass2 BAML veya kaynak kodu dosyalar¦-n¦- ba+şar¦-yla olu+şturdu.
       CleanupTemporaryTargetAssembly:
         "obj\Debug\net8.0-windows10.0.19041.0\UniCast.App.dll" dosyas¦- siliniyor.
       GenerateTargetFrameworkMonikerAttribute:
       T+-m +ğ¦-k¦-+ş dosyalar¦-, giri+ş dosyalar¦-na g+Âre g+-ncel durumda oldu¦şundan "GenerateTargetFrameworkMonikerAttribute" hedefi atlan¦-yor.
       CoreGenerateAssemblyInfo:
       T+-m +ğ¦-k¦-+ş dosyalar¦-, giri+ş dosyalar¦-na g+Âre g+-ncel durumda oldu¦şundan "CoreGenerateAssemblyInfo" hedefi atlan¦-yor.
       _GenerateSourceLinkFile:
         'obj\Debug\net8.0-windows10.0.19041.0\UniCast.App.sourcelink.json' Source Link dosyas¦- g+-ncel.
       CoreCompile:
         Setting DOTNET_ROOT to 'C:\Program Files\dotnet'
         C:\Program Files\dotnet\sdk\10.0.100\Roslyn\bincore\csc.exe /noconfig /unsafe- /checked- /nowarn:1701,1702,NU1701,1701,1702 /fullpaths /nostdlib+ /errorreport:prompt /warn:8 /define:TRACE;DEBUG;NET;NET8_0;NETCOREAPP;WINDOWS;WINDOWS10_0_19041_0;NET5_0_OR_GREATER;NET6_0_OR_GREATER;NET7_0_OR_GREATER;NET8_0_OR_GREATER;NETCOREAPP3_0_OR_GREATER;NETCOREAPP3_1_OR_GREATER;W¦-NDOWS10_0_19041_0_OR_GREATER;W¦-NDOWS10_0_18362_0_OR_GREATER;W¦-NDOWS10_0_17763_0_OR_GREATER;W¦-NDOWS8_0_OR_GREATER;W¦-NDOWS7_0_OR_GREATER /preferreduilang:tr-TR /highentropyva+ /nullable:enable /reference:"C:\Program Files\dotnet\packs\Microsoft.WindowsDesktop.App.Ref\8.0.22\ref\net8.0\Accessibility.dll" /reference:C:\Users\PC\.nuget\packages\directshowlib\1.0.0\lib\DirectShowLib.dll /reference:C:\Users\PC\.nuget\packages\instagramapisharp\1.8.1\lib\net8.0\InstagramApiSharp.dll /reference:"C:\Program Files\dotnet\packs\Microsoft.NETCore.App.Ref\8.0.22\ref\net8.0\Microsoft.CSharp.dll" /reference:C:\Users\PC\.nuget\packages\microsoft.extensions.dependencyinjection.abstractions\10.0.0\lib\net8.0\Microsoft.Extensions.DependencyInjection.Abstractions.dll /reference:C:\Users\PC\.nuget\packages\microsoft.extensions.dependencyinjection\10.0.0\lib\net8.0\Microsoft.Extensions.DependencyInjection.dll /reference:"C:\Program Files\dotnet\packs\Microsoft.NETCore.App.Ref\8.0.22\ref\net8.0\Microsoft.VisualBasic.Core.dll" /reference:"C:\Program Files\dotnet\packs\Microsoft.WindowsDesktop.App.Ref\8.0.22\ref\net8.0\Microsoft.VisualBasic.dll" /reference:"C:\Program Files\dotnet\packs\Microsoft.WindowsDesktop.App.Ref\8.0.22\ref\net8.0\Microsoft.VisualBasic.Forms.dll" /reference:"C:\Program Files\dotnet\packs\Microsoft.NETCore.App.Ref\8.0.22\ref\net8.0\Microsoft.Win32.Primitives.dll" /reference:"C:\Program Files\dotnet\packs\Microsoft.WindowsDesktop.App.Ref\8.0.22\ref\net8.0\Microsoft.Win32.Registry.AccessControl.dll" /reference:"C:\Program Files\dotnet\packs\Microsoft.NETCore.App.Ref\8.0.22\ref\net8.0\Microsoft.Win32.Registry.dll" /reference:"C:\Program Files\dotnet\packs\Microsoft.WindowsDesktop.App.Ref\8.0.22\ref\net8.0\Microsoft.Win32.SystemEvents.dll" /reference:C:\Users\PC\.nuget\packages\microsoft.windows.sdk.net.ref\10.0.19041.57\lib\net8.0\Microsoft.Windows.SDK.NET.dll /reference:"C:\Program Files\dotnet\packs\Microsoft.NETCore.App.Ref\8.0.22\ref\net8.0\mscorlib.dll" /reference:C:\Users\PC\.nuget\packages\naudio.asio\2.2.1\lib\netstandard2.0\NAudio.Asio.dll /reference:C:\Users\PC\.nuget\packages\naudio.core\2.2.1\lib\netstandard2.0\NAudio.Core.dll /reference:C:\Users\PC\.nuget\packages\naudio\2.2.1\lib\net6.0-windows7.0\NAudio.dll /reference:C:\Users\PC\.nuget\packages\naudio.midi\2.2.1\lib\netstandard2.0\NAudio.Midi.dll /reference:C:\Users\PC\.nuget\packages\naudio.wasapi\2.2.1\lib\netstandard2.0\NAudio.Wasapi.dll /reference:C:\Users\PC\.nuget\packages\naudio.winforms\2.2.1\lib\netcoreapp3.1\NAudio.WinForms.dll /reference:C:\Users\PC\.nuget\packages\naudio.winmm\2.2.1\lib\netstandard2.0\NAudio.WinMM.dll /reference:"C:\Program Files\dotnet\packs\Microsoft.NETCore.App.Ref\8.0.22\ref\net8.0\netstandard.dll" /reference:C:\Users\PC\.nuget\packages\newtonsoft.json\13.0.3\lib\net6.0\Newtonsoft.Json.dll /reference:C:\Users\PC\.nuget\packages\opencvsharp4\4.11.0.20250507\lib\net6.0\OpenCvSharp.dll /reference:C:\Users\PC\.nuget\packages\opencvsharp4.wpfextensions\4.11.0.20250507\lib\net6.0\OpenCvSharp.WpfExtensions.dll /reference:"C:\Program Files\dotnet\packs\Microsoft.WindowsDesktop.App.Ref\8.0.22\ref\net8.0\PresentationCore.dll" /reference:"C:\Program Files\dotnet\packs\Microsoft.WindowsDesktop.App.Ref\8.0.22\ref\net8.0\PresentationFramework.Aero.dll" /reference:"C:\Program Files\dotnet\packs\Microsoft.WindowsDesktop.App.Ref\8.0.22\ref\net8.0\PresentationFramework.Aero2.dll" /reference:"C:\Program Files\dotnet\packs\Microsoft.WindowsDesktop.App.Ref\8.0.22\ref\net8.0\PresentationFramework.AeroLite.dll" /reference:"C:\Program Files\dotnet\packs\Microsoft.WindowsDesktop.App.Ref\8.0.22\ref\net8.0\PresentationFramework.Classic.dll" /reference:"C:\Program Files\dotnet\packs\Microsoft.WindowsDesktop.App.Ref\8.0.22\ref\net8.0\PresentationFramework.dll" /reference:"C:\Program Files\dotnet\packs\Microsoft.WindowsDesktop.App.Ref\8.0.22\ref\net8.0\PresentationFramework.Luna.dll" /reference:"C:\Program Files\dotnet\packs\Microsoft.WindowsDesktop.App.Ref\8.0.22\ref\net8.0\PresentationFramework.Royale.dll" /reference:"C:\Program Files\dotnet\packs\Microsoft.WindowsDesktop.App.Ref\8.0.22\ref\net8.0\PresentationUI.dll" /reference:"C:\Program Files\dotnet\packs\Microsoft.WindowsDesktop.App.Ref\8.0.22\ref\net8.0\ReachFramework.dll" /reference:C:\Users\PC\.nuget\packages\serilog\4.3.0\lib\net8.0\Serilog.dll /reference:C:\Users\PC\.nuget\packages\serilog.sinks.debug\3.0.0\lib\net8.0\Serilog.Sinks.Debug.dll /reference:C:\Users\PC\.nuget\packages\serilog.sinks.file\7.0.0\lib\net8.0\Serilog.Sinks.File.dll /reference:C:\Users\PC\.nuget\packages\sharpgen.runtime.com\2.2.0-beta\lib\net8.0\SharpGen.Runtime.COM.dll /reference:C:\Users\PC\.nuget\packages\sharpgen.runtime\2.2.0-beta\lib\net8.0\SharpGen.Runtime.dll /reference:"C:\Program Files\dotnet\packs\Microsoft.NETCore.App.Ref\8.0.22\ref\net8.0\System.AppContext.dll" /reference:"C:\Program Files\dotnet\packs\Microsoft.NETCore.App.Ref\8.0.22\ref\net8.0\System.Buffers.dll" /reference:C:\Users\PC\.nuget\packages\system.codedom\10.0.0\lib\net8.0\System.CodeDom.dll /reference:"C:\Program Files\dotnet\packs\Microsoft.NETCore.App.Ref\8.0.22\ref\net8.0\System.Collections.Concurrent.dll" /reference:"C:\Program Files\dotnet\packs\Microsoft.NETCore.App.Ref\8.0.22\ref\net8.0\System.Collections.dll" /reference:"C:\Program Files\dotnet\packs\Microsoft.NETCore.App.Ref\8.0.22\ref\net8.0\System.Collections.Immutable.dll" /reference:"C:\Program Files\dotnet\packs\Microsoft.NETCore.App.Ref\8.0.22\ref\net8.0\System.Collections.NonGeneric.dll" /reference:"C:\Program Files\dotnet\packs\Microsoft.NETCore.App.Ref\8.0.22\ref\net8.0\System.Collections.Specialized.dll" /reference:"C:\Program Files\dotnet\packs\Microsoft.NETCore.App.Ref\8.0.22\ref\net8.0\System.ComponentModel.Annotations.dll" /reference:"C:\Program Files\dotnet\packs\Microsoft.NETCore.App.Ref\8.0.22\ref\net8.0\System.ComponentModel.DataAnnotations.dll" /reference:"C:\Program Files\dotnet\packs\Microsoft.NETCore.App.Ref\8.0.22\ref\net8.0\System.ComponentModel.dll" /reference:"C:\Program Files\dotnet\packs\Microsoft.NETCore.App.Ref\8.0.22\ref\net8.0\System.ComponentModel.EventBasedAsync.dll" /reference:"C:\Program Files\dotnet\packs\Microsoft.NETCore.App.Ref\8.0.22\ref\net8.0\System.ComponentModel.Primitives.dll" /reference:"C:\Program Files\dotnet\packs\Microsoft.NETCore.App.Ref\8.0.22\ref\net8.0\System.ComponentModel.TypeConverter.dll" /reference:"C:\Program Files\dotnet\packs\Microsoft.WindowsDesktop.App.Ref\8.0.22\ref\net8.0\System.Configuration.ConfigurationManager.dll" /reference:"C:\Program Files\dotnet\packs\Microsoft.NETCore.App.Ref\8.0.22\ref\net8.0\System.Configuration.dll" /reference:"C:\Program Files\dotnet\packs\Microsoft.NETCore.App.Ref\8.0.22\ref\net8.0\System.Console.dll" /reference:"C:\Program Files\dotnet\packs\Microsoft.NETCore.App.Ref\8.0.22\ref\net8.0\System.Core.dll" /reference:"C:\Program Files\dotnet\packs\Microsoft.NETCore.App.Ref\8.0.22\ref\net8.0\System.Data.Common.dll" /reference:"C:\Program Files\dotnet\packs\Microsoft.NETCore.App.Ref\8.0.22\ref\net8.0\System.Data.DataSetExtensions.dll" /reference:"C:\Program Files\dotnet\packs\Microsoft.NETCore.App.Ref\8.0.22\ref\net8.0\System.Data.dll" /reference:"C:\Program Files\dotnet\packs\Microsoft.WindowsDesktop.App.Ref\8.0.22\ref\net8.0\System.Design.dll" /reference:"C:\Program Files\dotnet\packs\Microsoft.NETCore.App.Ref\8.0.22\ref\net8.0\System.Diagnostics.Contracts.dll" /reference:"C:\Program Files\dotnet\packs\Microsoft.NETCore.App.Ref\8.0.22\ref\net8.0\System.Diagnostics.Debug.dll" /reference:"C:\Program Files\dotnet\packs\Microsoft.NETCore.App.Ref\8.0.22\ref\net8.0\System.Diagnostics.DiagnosticSource.dll" /reference:"C:\Program Files\dotnet\packs\Microsoft.WindowsDesktop.App.Ref\8.0.22\ref\net8.0\System.Diagnostics.EventLog.dll" /reference:"C:\Program Files\dotnet\packs\Microsoft.NETCore.App.Ref\8.0.22\ref\net8.0\System.Diagnostics.FileVersionInfo.dll" /reference:"C:\Program Files\dotnet\packs\Microsoft.WindowsDesktop.App.Ref\8.0.22\ref\net8.0\System.Diagnostics.PerformanceCounter.dll" /reference:"C:\Program Files\dotnet\packs\Microsoft.NETCore.App.Ref\8.0.22\ref\net8.0\System.Diagnostics.Process.dll" /reference:"C:\Program Files\dotnet\packs\Microsoft.NETCore.App.Ref\8.0.22\ref\net8.0\System.Diagnostics.StackTrace.dll" /reference:"C:\Program Files\dotnet\packs\Microsoft.NETCore.App.Ref\8.0.22\ref\net8.0\System.Diagnostics.TextWriterTraceListener.dll" /reference:"C:\Program Files\dotnet\packs\Microsoft.NETCore.App.Ref\8.0.22\ref\net8.0\System.Diagnostics.Tools.dll" /reference:"C:\Program Files\dotnet\packs\Microsoft.NETCore.App.Ref\8.0.22\ref\net8.0\System.Diagnostics.TraceSource.dll" /reference:"C:\Program Files\dotnet\packs\Microsoft.NETCore.App.Ref\8.0.22\ref\net8.0\System.Diagnostics.Tracing.dll" /reference:"C:\Program Files\dotnet\packs\Microsoft.WindowsDesktop.App.Ref\8.0.22\ref\net8.0\System.DirectoryServices.dll" /reference:"C:\Program Files\dotnet\packs\Microsoft.NETCore.App.Ref\8.0.22\ref\net8.0\System.dll" /reference:"C:\Program Files\dotnet\packs\Microsoft.WindowsDesktop.App.Ref\8.0.22\ref\net8.0\System.Drawing.Common.dll" /reference:"C:\Program Files\dotnet\packs\Microsoft.WindowsDesktop.App.Ref\8.0.22\ref\net8.0\System.Drawing.Design.dll" /reference:"C:\Program Files\dotnet\packs\Microsoft.WindowsDesktop.App.Ref\8.0.22\ref\net8.0\System.Drawing.dll" /reference:"C:\Program Files\dotnet\packs\Microsoft.NETCore.App.Ref\8.0.22\ref\net8.0\System.Drawing.Primitives.dll" /reference:"C:\Program Files\dotnet\packs\Microsoft.NETCore.App.Ref\8.0.22\ref\net8.0\System.Dynamic.Runtime.dll" /reference:"C:\Program Files\dotnet\packs\Microsoft.NETCore.App.Ref\8.0.22\ref\net8.0\System.Formats.Asn1.dll" /reference:"C:\Program Files\dotnet\packs\Microsoft.NETCore.App.Ref\8.0.22\ref\net8.0\System.Formats.Tar.dll" /reference:"C:\Program Files\dotnet\packs\Microsoft.NETCore.App.Ref\8.0.22\ref\net8.0\System.Globalization.Calendars.dll" /reference:"C:\Program Files\dotnet\packs\Microsoft.NETCore.App.Ref\8.0.22\ref\net8.0\System.Globalization.dll" /reference:"C:\Program Files\dotnet\packs\Microsoft.NETCore.App.Ref\8.0.22\ref\net8.0\System.Globalization.Extensions.dll" /reference:"C:\Program Files\dotnet\packs\Microsoft.NETCore.App.Ref\8.0.22\ref\net8.0\System.IO.Compression.Brotli.dll" /reference:"C:\Program Files\dotnet\packs\Microsoft.NETCore.App.Ref\8.0.22\ref\net8.0\System.IO.Compression.dll" /reference:"C:\Program Files\dotnet\packs\Microsoft.NETCore.App.Ref\8.0.22\ref\net8.0\System.IO.Compression.FileSystem.dll" /reference:"C:\Program Files\dotnet\packs\Microsoft.NETCore.App.Ref\8.0.22\ref\net8.0\System.IO.Compression.ZipFile.dll" /reference:"C:\Program Files\dotnet\packs\Microsoft.NETCore.App.Ref\8.0.22\ref\net8.0\System.IO.dll" /reference:"C:\Program Files\dotnet\packs\Microsoft.NETCore.App.Ref\8.0.22\ref\net8.0\System.IO.FileSystem.AccessControl.dll" /reference:"C:\Program Files\dotnet\packs\Microsoft.NETCore.App.Ref\8.0.22\ref\net8.0\System.IO.FileSystem.dll" /reference:"C:\Program Files\dotnet\packs\Microsoft.NETCore.App.Ref\8.0.22\ref\net8.0\System.IO.FileSystem.DriveInfo.dll" /reference:"C:\Program Files\dotnet\packs\Microsoft.NETCore.App.Ref\8.0.22\ref\net8.0\System.IO.FileSystem.Primitives.dll" /reference:"C:\Program Files\dotnet\packs\Microsoft.NETCore.App.Ref\8.0.22\ref\net8.0\System.IO.FileSystem.Watcher.dll" /reference:"C:\Program Files\dotnet\packs\Microsoft.NETCore.App.Ref\8.0.22\ref\net8.0\System.IO.IsolatedStorage.dll" /reference:"C:\Program Files\dotnet\packs\Microsoft.NETCore.App.Ref\8.0.22\ref\net8.0\System.IO.MemoryMappedFiles.dll" /reference:"C:\Program Files\dotnet\packs\Microsoft.WindowsDesktop.App.Ref\8.0.22\ref\net8.0\System.IO.Packaging.dll" /reference:"C:\Program Files\dotnet\packs\Microsoft.NETCore.App.Ref\8.0.22\ref\net8.0\System.IO.Pipes.AccessControl.dll" /reference:"C:\Program Files\dotnet\packs\Microsoft.NETCore.App.Ref\8.0.22\ref\net8.0\System.IO.Pipes.dll" /reference:"C:\Program Files\dotnet\packs\Microsoft.NETCore.App.Ref\8.0.22\ref\net8.0\System.IO.UnmanagedMemoryStream.dll" /reference:"C:\Program Files\dotnet\packs\Microsoft.NETCore.App.Ref\8.0.22\ref\net8.0\System.Linq.dll" /reference:"C:\Program Files\dotnet\packs\Microsoft.NETCore.App.Ref\8.0.22\ref\net8.0\System.Linq.Expressions.dll" /reference:"C:\Program Files\dotnet\packs\Microsoft.NETCore.App.Ref\8.0.22\ref\net8.0\System.Linq.Parallel.dll" /reference:"C:\Program Files\dotnet\packs\Microsoft.NETCore.App.Ref\8.0.22\ref\net8.0\System.Linq.Queryable.dll" /reference:C:\Users\PC\.nuget\packages\system.management\10.0.0\lib\net8.0\System.Management.dll /reference:"C:\Program Files\dotnet\packs\Microsoft.NETCore.App.Ref\8.0.22\ref\net8.0\System.Memory.dll" /reference:"C:\Program Files\dotnet\packs\Microsoft.NETCore.App.Ref\8.0.22\ref\net8.0\System.Net.dll" /reference:"C:\Program Files\dotnet\packs\Microsoft.NETCore.App.Ref\8.0.22\ref\net8.0\System.Net.Http.dll" /reference:"C:\Program Files\dotnet\packs\Microsoft.NETCore.App.Ref\8.0.22\ref\net8.0\System.Net.Http.Json.dll" /reference:"C:\Program Files\dotnet\packs\Microsoft.NETCore.App.Ref\8.0.22\ref\net8.0\System.Net.HttpListener.dll" /reference:"C:\Program Files\dotnet\packs\Microsoft.NETCore.App.Ref\8.0.22\ref\net8.0\System.Net.Mail.dll" /reference:"C:\Program Files\dotnet\packs\Microsoft.NETCore.App.Ref\8.0.22\ref\net8.0\System.Net.NameResolution.dll" /reference:"C:\Program Files\dotnet\packs\Microsoft.NETCore.App.Ref\8.0.22\ref\net8.0\System.Net.NetworkInformation.dll" /reference:"C:\Program Files\dotnet\packs\Microsoft.NETCore.App.Ref\8.0.22\ref\net8.0\System.Net.Ping.dll" /reference:"C:\Program Files\dotnet\packs\Microsoft.NETCore.App.Ref\8.0.22\ref\net8.0\System.Net.Primitives.dll" /reference:"C:\Program Files\dotnet\packs\Microsoft.NETCore.App.Ref\8.0.22\ref\net8.0\System.Net.Quic.dll" /reference:"C:\Program Files\dotnet\packs\Microsoft.NETCore.App.Ref\8.0.22\ref\net8.0\System.Net.Requests.dll" /reference:"C:\Program Files\dotnet\packs\Microsoft.NETCore.App.Ref\8.0.22\ref\net8.0\System.Net.Security.dll" /reference:"C:\Program Files\dotnet\packs\Microsoft.NETCore.App.Ref\8.0.22\ref\net8.0\System.Net.ServicePoint.dll" /reference:"C:\Program Files\dotnet\packs\Microsoft.NETCore.App.Ref\8.0.22\ref\net8.0\System.Net.Sockets.dll" /reference:"C:\Program Files\dotnet\packs\Microsoft.NETCore.App.Ref\8.0.22\ref\net8.0\System.Net.WebClient.dll" /reference:"C:\Program Files\dotnet\packs\Microsoft.NETCore.App.Ref\8.0.22\ref\net8.0\System.Net.WebHeaderCollection.dll" /reference:"C:\Program Files\dotnet\packs\Microsoft.NETCore.App.Ref\8.0.22\ref\net8.0\System.Net.WebProxy.dll" /reference:"C:\Program Files\dotnet\packs\Microsoft.NETCore.App.Ref\8.0.22\ref\net8.0\System.Net.WebSockets.Client.dll" /reference:"C:\Program Files\dotnet\packs\Microsoft.NETCore.App.Ref\8.0.22\ref\net8.0\System.Net.WebSockets.dll" /reference:"C:\Program Files\dotnet\packs\Microsoft.NETCore.App.Ref\8.0.22\ref\net8.0\System.Numerics.dll" /reference:"C:\Program Files\dotnet\packs\Microsoft.NETCore.App.Ref\8.0.22\ref\net8.0\System.Numerics.Vectors.dll" /reference:"C:\Program Files\dotnet\packs\Microsoft.NETCore.App.Ref\8.0.22\ref\net8.0\System.ObjectModel.dll" /reference:"C:\Program Files\dotnet\packs\Microsoft.WindowsDesktop.App.Ref\8.0.22\ref\net8.0\System.Printing.dll" /reference:"C:\Program Files\dotnet\packs\Microsoft.NETCore.App.Ref\8.0.22\ref\net8.0\System.Reflection.DispatchProxy.dll" /reference:"C:\Program Files\dotnet\packs\Microsoft.NETCore.App.Ref\8.0.22\ref\net8.0\System.Reflection.dll" /reference:"C:\Program Files\dotnet\packs\Microsoft.NETCore.App.Ref\8.0.22\ref\net8.0\System.Reflection.Emit.dll" /reference:"C:\Program Files\dotnet\packs\Microsoft.NETCore.App.Ref\8.0.22\ref\net8.0\System.Reflection.Emit.ILGeneration.dll" /reference:"C:\Program Files\dotnet\packs\Microsoft.NETCore.App.Ref\8.0.22\ref\net8.0\System.Reflection.Emit.Lightweight.dll" /reference:"C:\Program Files\dotnet\packs\Microsoft.NETCore.App.Ref\8.0.22\ref\net8.0\System.Reflection.Extensions.dll" /reference:"C:\Program Files\dotnet\packs\Microsoft.NETCore.App.Ref\8.0.22\ref\net8.0\System.Reflection.Metadata.dll" /reference:"C:\Program Files\dotnet\packs\Microsoft.NETCore.App.Ref\8.0.22\ref\net8.0\System.Reflection.Primitives.dll" /reference:"C:\Program Files\dotnet\packs\Microsoft.NETCore.App.Ref\8.0.22\ref\net8.0\System.Reflection.TypeExtensions.dll" /reference:"C:\Program Files\dotnet\packs\Microsoft.WindowsDesktop.App.Ref\8.0.22\ref\net8.0\System.Resources.Extensions.dll" /reference:"C:\Program Files\dotnet\packs\Microsoft.NETCore.App.Ref\8.0.22\ref\net8.0\System.Resources.Reader.dll" /reference:"C:\Program Files\dotnet\packs\Microsoft.NETCore.App.Ref\8.0.22\ref\net8.0\System.Resources.ResourceManager.dll" /reference:"C:\Program Files\dotnet\packs\Microsoft.NETCore.App.Ref\8.0.22\ref\net8.0\System.Resources.Writer.dll" /reference:"C:\Program Files\dotnet\packs\Microsoft.NETCore.App.Ref\8.0.22\ref\net8.0\System.Runtime.CompilerServices.Unsafe.dll" /reference:"C:\Program Files\dotnet\packs\Microsoft.NETCore.App.Ref\8.0.22\ref\net8.0\System.Runtime.CompilerServices.VisualC.dll" /reference:"C:\Program Files\dotnet\packs\Microsoft.NETCore.App.Ref\8.0.22\ref\net8.0\System.Runtime.dll" /reference:"C:\Program Files\dotnet\packs\Microsoft.NETCore.App.Ref\8.0.22\ref\net8.0\System.Runtime.Extensions.dll" /reference:"C:\Program Files\dotnet\packs\Microsoft.NETCore.App.Ref\8.0.22\ref\net8.0\System.Runtime.Handles.dll" /reference:"C:\Program Files\dotnet\packs\Microsoft.NETCore.App.Ref\8.0.22\ref\net8.0\System.Runtime.InteropServices.dll" /reference:"C:\Program Files\dotnet\packs\Microsoft.NETCore.App.Ref\8.0.22\ref\net8.0\System.Runtime.InteropServices.JavaScript.dll" /reference:"C:\Program Files\dotnet\packs\Microsoft.NETCore.App.Ref\8.0.22\ref\net8.0\System.Runtime.InteropServices.RuntimeInformation.dll" /reference:"C:\Program Files\dotnet\packs\Microsoft.NETCore.App.Ref\8.0.22\ref\net8.0\System.Runtime.Intrinsics.dll" /reference:"C:\Program Files\dotnet\packs\Microsoft.NETCore.App.Ref\8.0.22\ref\net8.0\System.Runtime.Loader.dll" /reference:"C:\Program Files\dotnet\packs\Microsoft.NETCore.App.Ref\8.0.22\ref\net8.0\System.Runtime.Numerics.dll" /reference:"C:\Program Files\dotnet\packs\Microsoft.NETCore.App.Ref\8.0.22\ref\net8.0\System.Runtime.Serialization.dll" /reference:"C:\Program Files\dotnet\packs\Microsoft.NETCore.App.Ref\8.0.22\ref\net8.0\System.Runtime.Serialization.Formatters.dll" /reference:"C:\Program Files\dotnet\packs\Microsoft.NETCore.App.Ref\8.0.22\ref\net8.0\System.Runtime.Serialization.Json.dll" /reference:"C:\Program Files\dotnet\packs\Microsoft.NETCore.App.Ref\8.0.22\ref\net8.0\System.Runtime.Serialization.Primitives.dll" /reference:"C:\Program Files\dotnet\packs\Microsoft.NETCore.App.Ref\8.0.22\ref\net8.0\System.Runtime.Serialization.Xml.dll" /reference:"C:\Program Files\dotnet\packs\Microsoft.NETCore.App.Ref\8.0.22\ref\net8.0\System.Security.AccessControl.dll" /reference:"C:\Program Files\dotnet\packs\Microsoft.NETCore.App.Ref\8.0.22\ref\net8.0\System.Security.Claims.dll" /reference:"C:\Program Files\dotnet\packs\Microsoft.NETCore.App.Ref\8.0.22\ref\net8.0\System.Security.Cryptography.Algorithms.dll" /reference:"C:\Program Files\dotnet\packs\Microsoft.NETCore.App.Ref\8.0.22\ref\net8.0\System.Security.Cryptography.Cng.dll" /reference:"C:\Program Files\dotnet\packs\Microsoft.NETCore.App.Ref\8.0.22\ref\net8.0\System.Security.Cryptography.Csp.dll" /reference:"C:\Program Files\dotnet\packs\Microsoft.NETCore.App.Ref\8.0.22\ref\net8.0\System.Security.Cryptography.dll" /reference:"C:\Program Files\dotnet\packs\Microsoft.NETCore.App.Ref\8.0.22\ref\net8.0\System.Security.Cryptography.Encoding.dll" /reference:"C:\Program Files\dotnet\packs\Microsoft.NETCore.App.Ref\8.0.22\ref\net8.0\System.Security.Cryptography.OpenSsl.dll" /reference:"C:\Program Files\dotnet\packs\Microsoft.WindowsDesktop.App.Ref\8.0.22\ref\net8.0\System.Security.Cryptography.Pkcs.dll" /reference:"C:\Program Files\dotnet\packs\Microsoft.NETCore.App.Ref\8.0.22\ref\net8.0\System.Security.Cryptography.Primitives.dll" /reference:"C:\Program Files\dotnet\packs\Microsoft.WindowsDesktop.App.Ref\8.0.22\ref\net8.0\System.Security.Cryptography.ProtectedData.dll" /reference:"C:\Program Files\dotnet\packs\Microsoft.NETCore.App.Ref\8.0.22\ref\net8.0\System.Security.Cryptography.X509Certificates.dll" /reference:"C:\Program Files\dotnet\packs\Microsoft.WindowsDesktop.App.Ref\8.0.22\ref\net8.0\System.Security.Cryptography.Xml.dll" /reference:"C:\Program Files\dotnet\packs\Microsoft.NETCore.App.Ref\8.0.22\ref\net8.0\System.Security.dll" /reference:"C:\Program Files\dotnet\packs\Microsoft.WindowsDesktop.App.Ref\8.0.22\ref\net8.0\System.Security.Permissions.dll" /reference:"C:\Program Files\dotnet\packs\Microsoft.NETCore.App.Ref\8.0.22\ref\net8.0\System.Security.Principal.dll" /reference:"C:\Program Files\dotnet\packs\Microsoft.NETCore.App.Ref\8.0.22\ref\net8.0\System.Security.Principal.Windows.dll" /reference:"C:\Program Files\dotnet\packs\Microsoft.NETCore.App.Ref\8.0.22\ref\net8.0\System.Security.SecureString.dll" /reference:"C:\Program Files\dotnet\packs\Microsoft.NETCore.App.Ref\8.0.22\ref\net8.0\System.ServiceModel.Web.dll" /reference:"C:\Program Files\dotnet\packs\Microsoft.NETCore.App.Ref\8.0.22\ref\net8.0\System.ServiceProcess.dll" /reference:"C:\Program Files\dotnet\packs\Microsoft.NETCore.App.Ref\8.0.22\ref\net8.0\System.Text.Encoding.CodePages.dll" /reference:"C:\Program Files\dotnet\packs\Microsoft.NETCore.App.Ref\8.0.22\ref\net8.0\System.Text.Encoding.dll" /reference:"C:\Program Files\dotnet\packs\Microsoft.NETCore.App.Ref\8.0.22\ref\net8.0\System.Text.Encoding.Extensions.dll" /reference:"C:\Program Files\dotnet\packs\Microsoft.NETCore.App.Ref\8.0.22\ref\net8.0\System.Text.Encodings.Web.dll" /reference:"C:\Program Files\dotnet\packs\Microsoft.NETCore.App.Ref\8.0.22\ref\net8.0\System.Text.Json.dll" /reference:"C:\Program Files\dotnet\packs\Microsoft.NETCore.App.Ref\8.0.22\ref\net8.0\System.Text.RegularExpressions.dll" /reference:"C:\Program Files\dotnet\packs\Microsoft.WindowsDesktop.App.Ref\8.0.22\ref\net8.0\System.Threading.AccessControl.dll" /reference:"C:\Program Files\dotnet\packs\Microsoft.NETCore.App.Ref\8.0.22\ref\net8.0\System.Threading.Channels.dll" /reference:"C:\Program Files\dotnet\packs\Microsoft.NETCore.App.Ref\8.0.22\ref\net8.0\System.Threading.dll" /reference:"C:\Program Files\dotnet\packs\Microsoft.NETCore.App.Ref\8.0.22\ref\net8.0\System.Threading.Overlapped.dll" /reference:"C:\Program Files\dotnet\packs\Microsoft.NETCore.App.Ref\8.0.22\ref\net8.0\System.Threading.Tasks.Dataflow.dll" /reference:"C:\Program Files\dotnet\packs\Microsoft.NETCore.App.Ref\8.0.22\ref\net8.0\System.Threading.Tasks.dll" /reference:"C:\Program Files\dotnet\packs\Microsoft.NETCore.App.Ref\8.0.22\ref\net8.0\System.Threading.Tasks.Extensions.dll" /reference:"C:\Program Files\dotnet\packs\Microsoft.NETCore.App.Ref\8.0.22\ref\net8.0\System.Threading.Tasks.Parallel.dll" /reference:"C:\Program Files\dotnet\packs\Microsoft.NETCore.App.Ref\8.0.22\ref\net8.0\System.Threading.Thread.dll" /reference:"C:\Program Files\dotnet\packs\Microsoft.NETCore.App.Ref\8.0.22\ref\net8.0\System.Threading.ThreadPool.dll" /reference:"C:\Program Files\dotnet\packs\Microsoft.NETCore.App.Ref\8.0.22\ref\net8.0\System.Threading.Timer.dll" /reference:"C:\Program Files\dotnet\packs\Microsoft.NETCore.App.Ref\8.0.22\ref\net8.0\System.Transactions.dll" /reference:"C:\Program Files\dotnet\packs\Microsoft.NETCore.App.Ref\8.0.22\ref\net8.0\System.Transactions.Local.dll" /reference:"C:\Program Files\dotnet\packs\Microsoft.NETCore.App.Ref\8.0.22\ref\net8.0\System.ValueTuple.dll" /reference:"C:\Program Files\dotnet\packs\Microsoft.NETCore.App.Ref\8.0.22\ref\net8.0\System.Web.dll" /reference:"C:\Program Files\dotnet\packs\Microsoft.NETCore.App.Ref\8.0.22\ref\net8.0\System.Web.HttpUtility.dll" /reference:"C:\Program Files\dotnet\packs\Microsoft.WindowsDesktop.App.Ref\8.0.22\ref\net8.0\System.Windows.Controls.Ribbon.dll" /reference:"C:\Program Files\dotnet\packs\Microsoft.NETCore.App.Ref\8.0.22\ref\net8.0\System.Windows.dll" /reference:"C:\Program Files\dotnet\packs\Microsoft.WindowsDesktop.App.Ref\8.0.22\ref\net8.0\System.Windows.Extensions.dll" /reference:"C:\Program Files\dotnet\packs\Microsoft.WindowsDesktop.App.Ref\8.0.22\ref\net8.0\System.Windows.Forms.Design.dll" /reference:"C:\Program Files\dotnet\packs\Microsoft.WindowsDesktop.App.Ref\8.0.22\ref\net8.0\System.Windows.Forms.Design.Editors.dll" /reference:"C:\Program Files\dotnet\packs\Microsoft.WindowsDesktop.App.Ref\8.0.22\ref\net8.0\System.Windows.Forms.dll" /reference:"C:\Program Files\dotnet\packs\Microsoft.WindowsDesktop.App.Ref\8.0.22\ref\net8.0\System.Windows.Forms.Primitives.dll" /reference:"C:\Program Files\dotnet\packs\Microsoft.WindowsDesktop.App.Ref\8.0.22\ref\net8.0\System.Windows.Input.Manipulations.dll" /reference:"C:\Program Files\dotnet\packs\Microsoft.WindowsDesktop.App.Ref\8.0.22\ref\net8.0\System.Windows.Presentation.dll" /reference:"C:\Program Files\dotnet\packs\Microsoft.WindowsDesktop.App.Ref\8.0.22\ref\net8.0\System.Xaml.dll" /reference:"C:\Program Files\dotnet\packs\Microsoft.NETCore.App.Ref\8.0.22\ref\net8.0\System.Xml.dll" /reference:"C:\Program Files\dotnet\packs\Microsoft.NETCore.App.Ref\8.0.22\ref\net8.0\System.Xml.Linq.dll" /reference:"C:\Program Files\dotnet\packs\Microsoft.NETCore.App.Ref\8.0.22\ref\net8.0\System.Xml.ReaderWriter.dll" /reference:"C:\Program Files\dotnet\packs\Microsoft.NETCore.App.Ref\8.0.22\ref\net8.0\System.Xml.Serialization.dll" /reference:"C:\Program Files\dotnet\packs\Microsoft.NETCore.App.Ref\8.0.22\ref\net8.0\System.Xml.XDocument.dll" /reference:"C:\Program Files\dotnet\packs\Microsoft.NETCore.App.Ref\8.0.22\ref\net8.0\System.Xml.XmlDocument.dll" /reference:"C:\Program Files\dotnet\packs\Microsoft.NETCore.App.Ref\8.0.22\ref\net8.0\System.Xml.XmlSerializer.dll" /reference:"C:\Program Files\dotnet\packs\Microsoft.NETCore.App.Ref\8.0.22\ref\net8.0\System.Xml.XPath.dll" /reference:"C:\Program Files\dotnet\packs\Microsoft.NETCore.App.Ref\8.0.22\ref\net8.0\System.Xml.XPath.XDocument.dll" /reference:"C:\Program Files\dotnet\packs\Microsoft.WindowsDesktop.App.Ref\8.0.22\ref\net8.0\UIAutomationClient.dll" /reference:"C:\Program Files\dotnet\packs\Microsoft.WindowsDesktop.App.Ref\8.0.22\ref\net8.0\UIAutomationClientSideProviders.dll" /reference:"C:\Program Files\dotnet\packs\Microsoft.WindowsDesktop.App.Ref\8.0.22\ref\net8.0\UIAutomationProvider.dll" /reference:"C:\Program Files\dotnet\packs\Microsoft.WindowsDesktop.App.Ref\8.0.22\ref\net8.0\UIAutomationTypes.dll" /reference:C:\Users\PC\Documents\UniCast\Unicast.Capture\obj\Debug\net8.0-windows10.0.19041.0\ref\Unicast.Capture.dll /reference:C:\Users\PC\Documents\UniCast\UniCast.Core\obj\Debug\net8.0\ref\UniCast.Core.dll /reference:C:\Users\PC\Documents\UniCast\UniCast.Encoder\obj\Debug\net8.0-windows\ref\UniCast.Encoder.dll /reference:C:\Users\PC\Documents\UniCast\UniCast.Licensing\obj\Debug\net8.0-windows\ref\UniCast.Licensing.dll /reference:C:\Users\PC\.nuget\packages\vortice.d3dcompiler\3.6.2\lib\net8.0\Vortice.D3DCompiler.dll /reference:C:\Users\PC\.nuget\packages\vortice.direct3d11\3.6.2\lib\net8.0\Vortice.Direct3D11.dll /reference:C:\Users\PC\.nuget\packages\vortice.directx\3.6.2\lib\net8.0-windows10.0.19041\Vortice.DirectX.dll /reference:C:\Users\PC\.nuget\packages\vortice.dxgi\3.6.2\lib\net8.0-windows10.0.19041\Vortice.DXGI.dll /reference:C:\Users\PC\.nuget\packages\vortice.mathematics\1.9.2\lib\net8.0-windows10.0.19041\Vortice.Mathematics.dll /reference:"C:\Program Files\dotnet\packs\Microsoft.WindowsDesktop.App.Ref\8.0.22\ref\net8.0\WindowsBase.dll" /reference:"C:\Program Files\dotnet\packs\Microsoft.WindowsDesktop.App.Ref\8.0.22\ref\net8.0\WindowsFormsIntegration.dll" /reference:C:\Users\PC\.nuget\packages\microsoft.windows.sdk.net.ref\10.0.19041.57\lib\net8.0\WinRT.Runtime.dll /debug+ /debug:portable /filealign:512 /optimize- /out:obj\Debug\net8.0-windows10.0.19041.0\UniCast.App.dll /refout:obj\Debug\net8.0-windows10.0.19041.0\refint\UniCast.App.dll /resource:obj\Debug\net8.0-windows10.0.19041.0\UniCast.App.g.resources /target:winexe /warnaserror- /utf8output /deterministic+ /sourcelink:obj\Debug\net8.0-windows10.0.19041.0\UniCast.App.sourcelink.json /langversion:12.0 /embed:obj\Debug\net8.0-windows10.0.19041.0\UniCast.App.GlobalUsings.g.cs /embed:C:\Users\PC\Documents\UniCast\UniCast.App\obj\Debug\net8.0-windows10.0.19041.0\MainWindow.g.cs /embed:C:\Users\PC\Documents\UniCast\UniCast.App\obj\Debug\net8.0-windows10.0.19041.0\Overlay\OverlayWindow.g.cs /embed:C:\Users\PC\Documents\UniCast\UniCast.App\obj\Debug\net8.0-windows10.0.19041.0\Views\ActivationWindow.g.cs /embed:C:\Users\PC\Documents\UniCast\UniCast.App\obj\Debug\net8.0-windows10.0.19041.0\Views\ChatOverlayView.g.cs /embed:C:\Users\PC\Documents\UniCast\UniCast.App\obj\Debug\net8.0-windows10.0.19041.0\Views\ChatView.g.cs /embed:C:\Users\PC\Documents\UniCast\UniCast.App\obj\Debug\net8.0-windows10.0.19041.0\Views\ControlView.g.cs /embed:C:\Users\PC\Documents\UniCast\UniCast.App\obj\Debug\net8.0-windows10.0.19041.0\Views\FirstRunWizard.g.cs /embed:C:\Users\PC\Documents\UniCast\UniCast.App\obj\Debug\net8.0-windows10.0.19041.0\Views\LicenseView.g.cs /embed:C:\Users\PC\Documents\UniCast\UniCast.App\obj\Debug\net8.0-windows10.0.19041.0\Views\PreviewView.g.cs /embed:C:\Users\PC\Documents\UniCast\UniCast.App\obj\Debug\net8.0-windows10.0.19041.0\Views\SettingsView.g.cs /embed:C:\Users\PC\Documents\UniCast\UniCast.App\obj\Debug\net8.0-windows10.0.19041.0\Views\SplashWindow.g.cs /embed:C:\Users\PC\Documents\UniCast\UniCast.App\obj\Debug\net8.0-windows10.0.19041.0\Views\TargetsView.g.cs /embed:C:\Users\PC\Documents\UniCast\UniCast.App\obj\Debug\net8.0-windows10.0.19041.0\App.g.cs /embed:"obj\Debug\net8.0-windows10.0.19041.0\.NETCoreApp,Version=v8.0.AssemblyAttributes.cs" /embed:obj\Debug\net8.0-windows10.0.19041.0\UniCast.App.AssemblyInfo.cs /analyzerconfig:obj\Debug\net8.0-windows10.0.19041.0\UniCast.App.GeneratedMSBuildEditorConfig.editorconfig /analyzerconfig:"C:\Program Files\dotnet\sdk\10.0.100\Sdks\Microsoft.NET.Sdk\analyzers\build\config\analysislevel_8_default.globalconfig" /analyzer:"C:\Program Files\dotnet\sdk\10.0.100\Sdks\Microsoft.NET.Sdk\targets\..\analyzers\Microsoft.CodeAnalysis.CSharp.NetAnalyzers.dll" /analyzer:"C:\Program Files\dotnet\sdk\10.0.100\Sdks\Microsoft.NET.Sdk\targets\..\analyzers\Microsoft.CodeAnalysis.NetAnalyzers.dll" /analyzer:"C:\Program Files\dotnet\packs\Microsoft.NETCore.App.Ref\8.0.22\analyzers/dotnet/cs/Microsoft.Interop.ComInterfaceGenerator.dll" /analyzer:"C:\Program Files\dotnet\packs\Microsoft.NETCore.App.Ref\8.0.22\analyzers/dotnet/cs/Microsoft.Interop.JavaScript.JSImportGenerator.dll" /analyzer:"C:\Program Files\dotnet\packs\Microsoft.NETCore.App.Ref\8.0.22\analyzers/dotnet/cs/Microsoft.Interop.LibraryImportGenerator.dll" /analyzer:"C:\Program Files\dotnet\packs\Microsoft.NETCore.App.Ref\8.0.22\analyzers/dotnet/cs/Microsoft.Interop.SourceGeneration.dll" /analyzer:"C:\Program Files\dotnet\packs\Microsoft.NETCore.App.Ref\8.0.22\analyzers/dotnet/cs/System.Text.Json.SourceGeneration.dll" /analyzer:"C:\Program Files\dotnet\packs\Microsoft.NETCore.App.Ref\8.0.22\analyzers/dotnet/cs/System.Text.RegularExpressions.Generator.dll" /analyzer:"C:\Program Files\dotnet\packs\Microsoft.WindowsDesktop.App.Ref\8.0.22\analyzers/dotnet/System.Windows.Forms.Analyzers.dll" /analyzer:"C:\Program Files\dotnet\packs\Microsoft.WindowsDesktop.App.Ref\8.0.22\analyzers/dotnet/cs/System.Windows.Forms.Analyzers.CSharp.dll" /analyzer:C:\Users\PC\.nuget\packages\microsoft.windows.sdk.net.ref\10.0.19041.57\analyzers/dotnet/cs/WinRT.SourceGenerator.dll App.Shutdown.cs App.xaml.cs AppConstants.cs AppIntegration.cs AssemblyInfo.cs Configuration\ConfigurationValidator.cs Constants.cs Diagnostics\HealthCheckService.cs Diagnostics\MemoryProfiler.cs Diagnostics\MetricsService.cs Diagnostics\PerformanceMonitor.cs DirectX\D3DImageSource.cs Documentation\DocumentationHelper.cs Exceptions\LocalizedException.cs Infrastructure\AsyncEventHandler.cs Infrastructure\AsyncFileHelper.cs Infrastructure\AsyncVoidHandler.cs Infrastructure\CancellationHelper.cs Infrastructure\LazyServiceLoader.cs Infrastructure\ObjectPool.cs Infrastructure\RelayCommand.cs Infrastructure\ResourceManager.cs Infrastructure\RetryPolicy.cs Infrastructure\ServiceCollectionExtensions.cs Infrastructure\TaskExtensions.cs Infrastructure\ThreadSafetyHelpers.cs Infrastructure\WeakEventManagerHelper.cs Input\KeyboardShortcuts.cs Logging\DynamicLogLevel.cs MainWindow.PlatformStatus.cs MainWindow.xaml.cs Overlay\ChatOverlayController.cs Overlay\DpiHelper.cs Overlay\OverlayPipePublisher.cs Overlay\OverlayWindow.xaml.cs Resources\ErrorStrings.cs Resources\ErrorStringsExtension.cs Security\SecretStore.cs Security\StreamKeyMaskingEnricher.cs Services\AudioService.cs Services\AutoUpdateService.cs Services\BaseStore.cs Services\Capture\DeviceService.cs Services\Capture\IDeviceService.cs Services\CrashReporter.cs Services\HttpClientFactory.cs Services\IStreamController.cs Services\PreviewService.cs Services\SettingsStore.cs Services\StreamController.cs Services\StreamControllerAdapter.cs Services\TargetsStore.cs Services\TokenRefreshService.cs Validation\InputValidator.cs ViewModels\ChatViewModel.cs ViewModels\ControlViewModel.cs ViewModels\LicenseViewModel.cs ViewModels\PreviewViewModel.cs ViewModels\SettingsViewModel.cs ViewModels\TargetsViewModel.cs Views\ActivationWindow.xaml.cs Views\ChatOverlayView.xaml.cs Views\ChatView.xaml.cs Views\ControlView.xaml.cs Views\FirstRunWizard.xaml.cs Views\LicenseView.xaml.cs Views\PreviewView.xaml.cs Views\SettingsView.xaml.cs Views\SplashWindow.xaml.cs Views\TargetsView.xaml.cs obj\Debug\net8.0-windows10.0.19041.0\UniCast.App.GlobalUsings.g.cs C:\Users\PC\Documents\UniCast\UniCast.App\obj\Debug\net8.0-windows10.0.19041.0\MainWindow.g.cs C:\Users\PC\Documents\UniCast\UniCast.App\obj\Debug\net8.0-windows10.0.19041.0\Overlay\OverlayWindow.g.cs C:\Users\PC\Documents\UniCast\UniCast.App\obj\Debug\net8.0-windows10.0.19041.0\Views\ActivationWindow.g.cs C:\Users\PC\Documents\UniCast\UniCast.App\obj\Debug\net8.0-windows10.0.19041.0\Views\ChatOverlayView.g.cs C:\Users\PC\Documents\UniCast\UniCast.App\obj\Debug\net8.0-windows10.0.19041.0\Views\ChatView.g.cs C:\Users\PC\Documents\UniCast\UniCast.App\obj\Debug\net8.0-windows10.0.19041.0\Views\ControlView.g.cs C:\Users\PC\Documents\UniCast\UniCast.App\obj\Debug\net8.0-windows10.0.19041.0\Views\FirstRunWizard.g.cs C:\Users\PC\Documents\UniCast\UniCast.App\obj\Debug\net8.0-windows10.0.19041.0\Views\LicenseView.g.cs C:\Users\PC\Documents\UniCast\UniCast.App\obj\Debug\net8.0-windows10.0.19041.0\Views\PreviewView.g.cs C:\Users\PC\Documents\UniCast\UniCast.App\obj\Debug\net8.0-windows10.0.19041.0\Views\SettingsView.g.cs C:\Users\PC\Documents\UniCast\UniCast.App\obj\Debug\net8.0-windows10.0.19041.0\Views\SplashWindow.g.cs C:\Users\PC\Documents\UniCast\UniCast.App\obj\Debug\net8.0-windows10.0.19041.0\Views\TargetsView.g.cs C:\Users\PC\Documents\UniCast\UniCast.App\obj\Debug\net8.0-windows10.0.19041.0\App.g.cs "obj\Debug\net8.0-windows10.0.19041.0\.NETCoreApp,Version=v8.0.AssemblyAttributes.cs" obj\Debug\net8.0-windows10.0.19041.0\UniCast.App.AssemblyInfo.cs /warnaserror+:NU1605,SYSLIB0011
         Compilation request UniCast.App (net8.0-windows10.0.19041.0), PathToTool=C:\Program Files\dotnet\sdk\10.0.100\Roslyn\bincore\csc.exe
         CommandLine = ' /noconfig'
         BuildResponseFile = '/unsafe- /checked- /nowarn:1701,1702,NU1701,1701,1702 /fullpaths /nostdlib+ /errorreport:prompt /warn:8 /define:TRACE;DEBUG;NET;NET8_0;NETCOREAPP;WINDOWS;WINDOWS10_0_19041_0;NET5_0_OR_GREATER;NET6_0_OR_GREATER;NET7_0_OR_GREATER;NET8_0_OR_GREATER;NETCOREAPP3_0_OR_GREATER;NETCOREAPP3_1_OR_GREATER;W¦-NDOWS10_0_19041_0_OR_GREATER;W¦-NDOWS10_0_18362_0_OR_GREATER;W¦-NDOWS10_0_17763_0_OR_GREATER;W¦-NDOWS8_0_OR_GREATER;W¦-NDOWS7_0_OR_GREATER /preferreduilang:tr-TR /highentropyva+ /nullable:enable /reference:"C:\Program Files\dotnet\packs\Microsoft.WindowsDesktop.App.Ref\8.0.22\ref\net8.0\Accessibility.dll" /reference:C:\Users\PC\.nuget\packages\directshowlib\1.0.0\lib\DirectShowLib.dll /reference:C:\Users\PC\.nuget\packages\instagramapisharp\1.8.1\lib\net8.0\InstagramApiSharp.dll /reference:"C:\Program Files\dotnet\packs\Microsoft.NETCore.App.Ref\8.0.22\ref\net8.0\Microsoft.CSharp.dll" /reference:C:\Users\PC\.nuget\packages\microsoft.extensions.dependencyinjection.abstractions\10.0.0\lib\net8.0\Microsoft.Extensions.DependencyInjection.Abstractions.dll /reference:C:\Users\PC\.nuget\packages\microsoft.extensions.dependencyinjection\10.0.0\lib\net8.0\Microsoft.Extensions.DependencyInjection.dll /reference:"C:\Program Files\dotnet\packs\Microsoft.NETCore.App.Ref\8.0.22\ref\net8.0\Microsoft.VisualBasic.Core.dll" /reference:"C:\Program Files\dotnet\packs\Microsoft.WindowsDesktop.App.Ref\8.0.22\ref\net8.0\Microsoft.VisualBasic.dll" /reference:"C:\Program Files\dotnet\packs\Microsoft.WindowsDesktop.App.Ref\8.0.22\ref\net8.0\Microsoft.VisualBasic.Forms.dll" /reference:"C:\Program Files\dotnet\packs\Microsoft.NETCore.App.Ref\8.0.22\ref\net8.0\Microsoft.Win32.Primitives.dll" /reference:"C:\Program Files\dotnet\packs\Microsoft.WindowsDesktop.App.Ref\8.0.22\ref\net8.0\Microsoft.Win32.Registry.AccessControl.dll" /reference:"C:\Program Files\dotnet\packs\Microsoft.NETCore.App.Ref\8.0.22\ref\net8.0\Microsoft.Win32.Registry.dll" /reference:"C:\Program Files\dotnet\packs\Microsoft.WindowsDesktop.App.Ref\8.0.22\ref\net8.0\Microsoft.Win32.SystemEvents.dll" /reference:C:\Users\PC\.nuget\packages\microsoft.windows.sdk.net.ref\10.0.19041.57\lib\net8.0\Microsoft.Windows.SDK.NET.dll /reference:"C:\Program Files\dotnet\packs\Microsoft.NETCore.App.Ref\8.0.22\ref\net8.0\mscorlib.dll" /reference:C:\Users\PC\.nuget\packages\naudio.asio\2.2.1\lib\netstandard2.0\NAudio.Asio.dll /reference:C:\Users\PC\.nuget\packages\naudio.core\2.2.1\lib\netstandard2.0\NAudio.Core.dll /reference:C:\Users\PC\.nuget\packages\naudio\2.2.1\lib\net6.0-windows7.0\NAudio.dll /reference:C:\Users\PC\.nuget\packages\naudio.midi\2.2.1\lib\netstandard2.0\NAudio.Midi.dll /reference:C:\Users\PC\.nuget\packages\naudio.wasapi\2.2.1\lib\netstandard2.0\NAudio.Wasapi.dll /reference:C:\Users\PC\.nuget\packages\naudio.winforms\2.2.1\lib\netcoreapp3.1\NAudio.WinForms.dll /reference:C:\Users\PC\.nuget\packages\naudio.winmm\2.2.1\lib\netstandard2.0\NAudio.WinMM.dll /reference:"C:\Program Files\dotnet\packs\Microsoft.NETCore.App.Ref\8.0.22\ref\net8.0\netstandard.dll" /reference:C:\Users\PC\.nuget\packages\newtonsoft.json\13.0.3\lib\net6.0\Newtonsoft.Json.dll /reference:C:\Users\PC\.nuget\packages\opencvsharp4\4.11.0.20250507\lib\net6.0\OpenCvSharp.dll /reference:C:\Users\PC\.nuget\packages\opencvsharp4.wpfextensions\4.11.0.20250507\lib\net6.0\OpenCvSharp.WpfExtensions.dll /reference:"C:\Program Files\dotnet\packs\Microsoft.WindowsDesktop.App.Ref\8.0.22\ref\net8.0\PresentationCore.dll" /reference:"C:\Program Files\dotnet\packs\Microsoft.WindowsDesktop.App.Ref\8.0.22\ref\net8.0\PresentationFramework.Aero.dll" /reference:"C:\Program Files\dotnet\packs\Microsoft.WindowsDesktop.App.Ref\8.0.22\ref\net8.0\PresentationFramework.Aero2.dll" /reference:"C:\Program Files\dotnet\packs\Microsoft.WindowsDesktop.App.Ref\8.0.22\ref\net8.0\PresentationFramework.AeroLite.dll" /reference:"C:\Program Files\dotnet\packs\Microsoft.WindowsDesktop.App.Ref\8.0.22\ref\net8.0\PresentationFramework.Classic.dll" /reference:"C:\Program Files\dotnet\packs\Microsoft.WindowsDesktop.App.Ref\8.0.22\ref\net8.0\PresentationFramework.dll" /reference:"C:\Program Files\dotnet\packs\Microsoft.WindowsDesktop.App.Ref\8.0.22\ref\net8.0\PresentationFramework.Luna.dll" /reference:"C:\Program Files\dotnet\packs\Microsoft.WindowsDesktop.App.Ref\8.0.22\ref\net8.0\PresentationFramework.Royale.dll" /reference:"C:\Program Files\dotnet\packs\Microsoft.WindowsDesktop.App.Ref\8.0.22\ref\net8.0\PresentationUI.dll" /reference:"C:\Program Files\dotnet\packs\Microsoft.WindowsDesktop.App.Ref\8.0.22\ref\net8.0\ReachFramework.dll" /reference:C:\Users\PC\.nuget\packages\serilog\4.3.0\lib\net8.0\Serilog.dll /reference:C:\Users\PC\.nuget\packages\serilog.sinks.debug\3.0.0\lib\net8.0\Serilog.Sinks.Debug.dll /reference:C:\Users\PC\.nuget\packages\serilog.sinks.file\7.0.0\lib\net8.0\Serilog.Sinks.File.dll /reference:C:\Users\PC\.nuget\packages\sharpgen.runtime.com\2.2.0-beta\lib\net8.0\SharpGen.Runtime.COM.dll /reference:C:\Users\PC\.nuget\packages\sharpgen.runtime\2.2.0-beta\lib\net8.0\SharpGen.Runtime.dll /reference:"C:\Program Files\dotnet\packs\Microsoft.NETCore.App.Ref\8.0.22\ref\net8.0\System.AppContext.dll" /reference:"C:\Program Files\dotnet\packs\Microsoft.NETCore.App.Ref\8.0.22\ref\net8.0\System.Buffers.dll" /reference:C:\Users\PC\.nuget\packages\system.codedom\10.0.0\lib\net8.0\System.CodeDom.dll /reference:"C:\Program Files\dotnet\packs\Microsoft.NETCore.App.Ref\8.0.22\ref\net8.0\System.Collections.Concurrent.dll" /reference:"C:\Program Files\dotnet\packs\Microsoft.NETCore.App.Ref\8.0.22\ref\net8.0\System.Collections.dll" /reference:"C:\Program Files\dotnet\packs\Microsoft.NETCore.App.Ref\8.0.22\ref\net8.0\System.Collections.Immutable.dll" /reference:"C:\Program Files\dotnet\packs\Microsoft.NETCore.App.Ref\8.0.22\ref\net8.0\System.Collections.NonGeneric.dll" /reference:"C:\Program Files\dotnet\packs\Microsoft.NETCore.App.Ref\8.0.22\ref\net8.0\System.Collections.Specialized.dll" /reference:"C:\Program Files\dotnet\packs\Microsoft.NETCore.App.Ref\8.0.22\ref\net8.0\System.ComponentModel.Annotations.dll" /reference:"C:\Program Files\dotnet\packs\Microsoft.NETCore.App.Ref\8.0.22\ref\net8.0\System.ComponentModel.DataAnnotations.dll" /reference:"C:\Program Files\dotnet\packs\Microsoft.NETCore.App.Ref\8.0.22\ref\net8.0\System.ComponentModel.dll" /reference:"C:\Program Files\dotnet\packs\Microsoft.NETCore.App.Ref\8.0.22\ref\net8.0\System.ComponentModel.EventBasedAsync.dll" /reference:"C:\Program Files\dotnet\packs\Microsoft.NETCore.App.Ref\8.0.22\ref\net8.0\System.ComponentModel.Primitives.dll" /reference:"C:\Program Files\dotnet\packs\Microsoft.NETCore.App.Ref\8.0.22\ref\net8.0\System.ComponentModel.TypeConverter.dll" /reference:"C:\Program Files\dotnet\packs\Microsoft.WindowsDesktop.App.Ref\8.0.22\ref\net8.0\System.Configuration.ConfigurationManager.dll" /reference:"C:\Program Files\dotnet\packs\Microsoft.NETCore.App.Ref\8.0.22\ref\net8.0\System.Configuration.dll" /reference:"C:\Program Files\dotnet\packs\Microsoft.NETCore.App.Ref\8.0.22\ref\net8.0\System.Console.dll" /reference:"C:\Program Files\dotnet\packs\Microsoft.NETCore.App.Ref\8.0.22\ref\net8.0\System.Core.dll" /reference:"C:\Program Files\dotnet\packs\Microsoft.NETCore.App.Ref\8.0.22\ref\net8.0\System.Data.Common.dll" /reference:"C:\Program Files\dotnet\packs\Microsoft.NETCore.App.Ref\8.0.22\ref\net8.0\System.Data.DataSetExtensions.dll" /reference:"C:\Program Files\dotnet\packs\Microsoft.NETCore.App.Ref\8.0.22\ref\net8.0\System.Data.dll" /reference:"C:\Program Files\dotnet\packs\Microsoft.WindowsDesktop.App.Ref\8.0.22\ref\net8.0\System.Design.dll" /reference:"C:\Program Files\dotnet\packs\Microsoft.NETCore.App.Ref\8.0.22\ref\net8.0\System.Diagnostics.Contracts.dll" /reference:"C:\Program Files\dotnet\packs\Microsoft.NETCore.App.Ref\8.0.22\ref\net8.0\System.Diagnostics.Debug.dll" /reference:"C:\Program Files\dotnet\packs\Microsoft.NETCore.App.Ref\8.0.22\ref\net8.0\System.Diagnostics.DiagnosticSource.dll" /reference:"C:\Program Files\dotnet\packs\Microsoft.WindowsDesktop.App.Ref\8.0.22\ref\net8.0\System.Diagnostics.EventLog.dll" /reference:"C:\Program Files\dotnet\packs\Microsoft.NETCore.App.Ref\8.0.22\ref\net8.0\System.Diagnostics.FileVersionInfo.dll" /reference:"C:\Program Files\dotnet\packs\Microsoft.WindowsDesktop.App.Ref\8.0.22\ref\net8.0\System.Diagnostics.PerformanceCounter.dll" /reference:"C:\Program Files\dotnet\packs\Microsoft.NETCore.App.Ref\8.0.22\ref\net8.0\System.Diagnostics.Process.dll" /reference:"C:\Program Files\dotnet\packs\Microsoft.NETCore.App.Ref\8.0.22\ref\net8.0\System.Diagnostics.StackTrace.dll" /reference:"C:\Program Files\dotnet\packs\Microsoft.NETCore.App.Ref\8.0.22\ref\net8.0\System.Diagnostics.TextWriterTraceListener.dll" /reference:"C:\Program Files\dotnet\packs\Microsoft.NETCore.App.Ref\8.0.22\ref\net8.0\System.Diagnostics.Tools.dll" /reference:"C:\Program Files\dotnet\packs\Microsoft.NETCore.App.Ref\8.0.22\ref\net8.0\System.Diagnostics.TraceSource.dll" /reference:"C:\Program Files\dotnet\packs\Microsoft.NETCore.App.Ref\8.0.22\ref\net8.0\System.Diagnostics.Tracing.dll" /reference:"C:\Program Files\dotnet\packs\Microsoft.WindowsDesktop.App.Ref\8.0.22\ref\net8.0\System.DirectoryServices.dll" /reference:"C:\Program Files\dotnet\packs\Microsoft.NETCore.App.Ref\8.0.22\ref\net8.0\System.dll" /reference:"C:\Program Files\dotnet\packs\Microsoft.WindowsDesktop.App.Ref\8.0.22\ref\net8.0\System.Drawing.Common.dll" /reference:"C:\Program Files\dotnet\packs\Microsoft.WindowsDesktop.App.Ref\8.0.22\ref\net8.0\System.Drawing.Design.dll" /reference:"C:\Program Files\dotnet\packs\Microsoft.WindowsDesktop.App.Ref\8.0.22\ref\net8.0\System.Drawing.dll" /reference:"C:\Program Files\dotnet\packs\Microsoft.NETCore.App.Ref\8.0.22\ref\net8.0\System.Drawing.Primitives.dll" /reference:"C:\Program Files\dotnet\packs\Microsoft.NETCore.App.Ref\8.0.22\ref\net8.0\System.Dynamic.Runtime.dll" /reference:"C:\Program Files\dotnet\packs\Microsoft.NETCore.App.Ref\8.0.22\ref\net8.0\System.Formats.Asn1.dll" /reference:"C:\Program Files\dotnet\packs\Microsoft.NETCore.App.Ref\8.0.22\ref\net8.0\System.Formats.Tar.dll" /reference:"C:\Program Files\dotnet\packs\Microsoft.NETCore.App.Ref\8.0.22\ref\net8.0\System.Globalization.Calendars.dll" /reference:"C:\Program Files\dotnet\packs\Microsoft.NETCore.App.Ref\8.0.22\ref\net8.0\System.Globalization.dll" /reference:"C:\Program Files\dotnet\packs\Microsoft.NETCore.App.Ref\8.0.22\ref\net8.0\System.Globalization.Extensions.dll" /reference:"C:\Program Files\dotnet\packs\Microsoft.NETCore.App.Ref\8.0.22\ref\net8.0\System.IO.Compression.Brotli.dll" /reference:"C:\Program Files\dotnet\packs\Microsoft.NETCore.App.Ref\8.0.22\ref\net8.0\System.IO.Compression.dll" /reference:"C:\Program Files\dotnet\packs\Microsoft.NETCore.App.Ref\8.0.22\ref\net8.0\System.IO.Compression.FileSystem.dll" /reference:"C:\Program Files\dotnet\packs\Microsoft.NETCore.App.Ref\8.0.22\ref\net8.0\System.IO.Compression.ZipFile.dll" /reference:"C:\Program Files\dotnet\packs\Microsoft.NETCore.App.Ref\8.0.22\ref\net8.0\System.IO.dll" /reference:"C:\Program Files\dotnet\packs\Microsoft.NETCore.App.Ref\8.0.22\ref\net8.0\System.IO.FileSystem.AccessControl.dll" /reference:"C:\Program Files\dotnet\packs\Microsoft.NETCore.App.Ref\8.0.22\ref\net8.0\System.IO.FileSystem.dll" /reference:"C:\Program Files\dotnet\packs\Microsoft.NETCore.App.Ref\8.0.22\ref\net8.0\System.IO.FileSystem.DriveInfo.dll" /reference:"C:\Program Files\dotnet\packs\Microsoft.NETCore.App.Ref\8.0.22\ref\net8.0\System.IO.FileSystem.Primitives.dll" /reference:"C:\Program Files\dotnet\packs\Microsoft.NETCore.App.Ref\8.0.22\ref\net8.0\System.IO.FileSystem.Watcher.dll" /reference:"C:\Program Files\dotnet\packs\Microsoft.NETCore.App.Ref\8.0.22\ref\net8.0\System.IO.IsolatedStorage.dll" /reference:"C:\Program Files\dotnet\packs\Microsoft.NETCore.App.Ref\8.0.22\ref\net8.0\System.IO.MemoryMappedFiles.dll" /reference:"C:\Program Files\dotnet\packs\Microsoft.WindowsDesktop.App.Ref\8.0.22\ref\net8.0\System.IO.Packaging.dll" /reference:"C:\Program Files\dotnet\packs\Microsoft.NETCore.App.Ref\8.0.22\ref\net8.0\System.IO.Pipes.AccessControl.dll" /reference:"C:\Program Files\dotnet\packs\Microsoft.NETCore.App.Ref\8.0.22\ref\net8.0\System.IO.Pipes.dll" /reference:"C:\Program Files\dotnet\packs\Microsoft.NETCore.App.Ref\8.0.22\ref\net8.0\System.IO.UnmanagedMemoryStream.dll" /reference:"C:\Program Files\dotnet\packs\Microsoft.NETCore.App.Ref\8.0.22\ref\net8.0\System.Linq.dll" /reference:"C:\Program Files\dotnet\packs\Microsoft.NETCore.App.Ref\8.0.22\ref\net8.0\System.Linq.Expressions.dll" /reference:"C:\Program Files\dotnet\packs\Microsoft.NETCore.App.Ref\8.0.22\ref\net8.0\System.Linq.Parallel.dll" /reference:"C:\Program Files\dotnet\packs\Microsoft.NETCore.App.Ref\8.0.22\ref\net8.0\System.Linq.Queryable.dll" /reference:C:\Users\PC\.nuget\packages\system.management\10.0.0\lib\net8.0\System.Management.dll /reference:"C:\Program Files\dotnet\packs\Microsoft.NETCore.App.Ref\8.0.22\ref\net8.0\System.Memory.dll" /reference:"C:\Program Files\dotnet\packs\Microsoft.NETCore.App.Ref\8.0.22\ref\net8.0\System.Net.dll" /reference:"C:\Program Files\dotnet\packs\Microsoft.NETCore.App.Ref\8.0.22\ref\net8.0\System.Net.Http.dll" /reference:"C:\Program Files\dotnet\packs\Microsoft.NETCore.App.Ref\8.0.22\ref\net8.0\System.Net.Http.Json.dll" /reference:"C:\Program Files\dotnet\packs\Microsoft.NETCore.App.Ref\8.0.22\ref\net8.0\System.Net.HttpListener.dll" /reference:"C:\Program Files\dotnet\packs\Microsoft.NETCore.App.Ref\8.0.22\ref\net8.0\System.Net.Mail.dll" /reference:"C:\Program Files\dotnet\packs\Microsoft.NETCore.App.Ref\8.0.22\ref\net8.0\System.Net.NameResolution.dll" /reference:"C:\Program Files\dotnet\packs\Microsoft.NETCore.App.Ref\8.0.22\ref\net8.0\System.Net.NetworkInformation.dll" /reference:"C:\Program Files\dotnet\packs\Microsoft.NETCore.App.Ref\8.0.22\ref\net8.0\System.Net.Ping.dll" /reference:"C:\Program Files\dotnet\packs\Microsoft.NETCore.App.Ref\8.0.22\ref\net8.0\System.Net.Primitives.dll" /reference:"C:\Program Files\dotnet\packs\Microsoft.NETCore.App.Ref\8.0.22\ref\net8.0\System.Net.Quic.dll" /reference:"C:\Program Files\dotnet\packs\Microsoft.NETCore.App.Ref\8.0.22\ref\net8.0\System.Net.Requests.dll" /reference:"C:\Program Files\dotnet\packs\Microsoft.NETCore.App.Ref\8.0.22\ref\net8.0\System.Net.Security.dll" /reference:"C:\Program Files\dotnet\packs\Microsoft.NETCore.App.Ref\8.0.22\ref\net8.0\System.Net.ServicePoint.dll" /reference:"C:\Program Files\dotnet\packs\Microsoft.NETCore.App.Ref\8.0.22\ref\net8.0\System.Net.Sockets.dll" /reference:"C:\Program Files\dotnet\packs\Microsoft.NETCore.App.Ref\8.0.22\ref\net8.0\System.Net.WebClient.dll" /reference:"C:\Program Files\dotnet\packs\Microsoft.NETCore.App.Ref\8.0.22\ref\net8.0\System.Net.WebHeaderCollection.dll" /reference:"C:\Program Files\dotnet\packs\Microsoft.NETCore.App.Ref\8.0.22\ref\net8.0\System.Net.WebProxy.dll" /reference:"C:\Program Files\dotnet\packs\Microsoft.NETCore.App.Ref\8.0.22\ref\net8.0\System.Net.WebSockets.Client.dll" /reference:"C:\Program Files\dotnet\packs\Microsoft.NETCore.App.Ref\8.0.22\ref\net8.0\System.Net.WebSockets.dll" /reference:"C:\Program Files\dotnet\packs\Microsoft.NETCore.App.Ref\8.0.22\ref\net8.0\System.Numerics.dll" /reference:"C:\Program Files\dotnet\packs\Microsoft.NETCore.App.Ref\8.0.22\ref\net8.0\System.Numerics.Vectors.dll" /reference:"C:\Program Files\dotnet\packs\Microsoft.NETCore.App.Ref\8.0.22\ref\net8.0\System.ObjectModel.dll" /reference:"C:\Program Files\dotnet\packs\Microsoft.WindowsDesktop.App.Ref\8.0.22\ref\net8.0\System.Printing.dll" /reference:"C:\Program Files\dotnet\packs\Microsoft.NETCore.App.Ref\8.0.22\ref\net8.0\System.Reflection.DispatchProxy.dll" /reference:"C:\Program Files\dotnet\packs\Microsoft.NETCore.App.Ref\8.0.22\ref\net8.0\System.Reflection.dll" /reference:"C:\Program Files\dotnet\packs\Microsoft.NETCore.App.Ref\8.0.22\ref\net8.0\System.Reflection.Emit.dll" /reference:"C:\Program Files\dotnet\packs\Microsoft.NETCore.App.Ref\8.0.22\ref\net8.0\System.Reflection.Emit.ILGeneration.dll" /reference:"C:\Program Files\dotnet\packs\Microsoft.NETCore.App.Ref\8.0.22\ref\net8.0\System.Reflection.Emit.Lightweight.dll" /reference:"C:\Program Files\dotnet\packs\Microsoft.NETCore.App.Ref\8.0.22\ref\net8.0\System.Reflection.Extensions.dll" /reference:"C:\Program Files\dotnet\packs\Microsoft.NETCore.App.Ref\8.0.22\ref\net8.0\System.Reflection.Metadata.dll" /reference:"C:\Program Files\dotnet\packs\Microsoft.NETCore.App.Ref\8.0.22\ref\net8.0\System.Reflection.Primitives.dll" /reference:"C:\Program Files\dotnet\packs\Microsoft.NETCore.App.Ref\8.0.22\ref\net8.0\System.Reflection.TypeExtensions.dll" /reference:"C:\Program Files\dotnet\packs\Microsoft.WindowsDesktop.App.Ref\8.0.22\ref\net8.0\System.Resources.Extensions.dll" /reference:"C:\Program Files\dotnet\packs\Microsoft.NETCore.App.Ref\8.0.22\ref\net8.0\System.Resources.Reader.dll" /reference:"C:\Program Files\dotnet\packs\Microsoft.NETCore.App.Ref\8.0.22\ref\net8.0\System.Resources.ResourceManager.dll" /reference:"C:\Program Files\dotnet\packs\Microsoft.NETCore.App.Ref\8.0.22\ref\net8.0\System.Resources.Writer.dll" /reference:"C:\Program Files\dotnet\packs\Microsoft.NETCore.App.Ref\8.0.22\ref\net8.0\System.Runtime.CompilerServices.Unsafe.dll" /reference:"C:\Program Files\dotnet\packs\Microsoft.NETCore.App.Ref\8.0.22\ref\net8.0\System.Runtime.CompilerServices.VisualC.dll" /reference:"C:\Program Files\dotnet\packs\Microsoft.NETCore.App.Ref\8.0.22\ref\net8.0\System.Runtime.dll" /reference:"C:\Program Files\dotnet\packs\Microsoft.NETCore.App.Ref\8.0.22\ref\net8.0\System.Runtime.Extensions.dll" /reference:"C:\Program Files\dotnet\packs\Microsoft.NETCore.App.Ref\8.0.22\ref\net8.0\System.Runtime.Handles.dll" /reference:"C:\Program Files\dotnet\packs\Microsoft.NETCore.App.Ref\8.0.22\ref\net8.0\System.Runtime.InteropServices.dll" /reference:"C:\Program Files\dotnet\packs\Microsoft.NETCore.App.Ref\8.0.22\ref\net8.0\System.Runtime.InteropServices.JavaScript.dll" /reference:"C:\Program Files\dotnet\packs\Microsoft.NETCore.App.Ref\8.0.22\ref\net8.0\System.Runtime.InteropServices.RuntimeInformation.dll" /reference:"C:\Program Files\dotnet\packs\Microsoft.NETCore.App.Ref\8.0.22\ref\net8.0\System.Runtime.Intrinsics.dll" /reference:"C:\Program Files\dotnet\packs\Microsoft.NETCore.App.Ref\8.0.22\ref\net8.0\System.Runtime.Loader.dll" /reference:"C:\Program Files\dotnet\packs\Microsoft.NETCore.App.Ref\8.0.22\ref\net8.0\System.Runtime.Numerics.dll" /reference:"C:\Program Files\dotnet\packs\Microsoft.NETCore.App.Ref\8.0.22\ref\net8.0\System.Runtime.Serialization.dll" /reference:"C:\Program Files\dotnet\packs\Microsoft.NETCore.App.Ref\8.0.22\ref\net8.0\System.Runtime.Serialization.Formatters.dll" /reference:"C:\Program Files\dotnet\packs\Microsoft.NETCore.App.Ref\8.0.22\ref\net8.0\System.Runtime.Serialization.Json.dll" /reference:"C:\Program Files\dotnet\packs\Microsoft.NETCore.App.Ref\8.0.22\ref\net8.0\System.Runtime.Serialization.Primitives.dll" /reference:"C:\Program Files\dotnet\packs\Microsoft.NETCore.App.Ref\8.0.22\ref\net8.0\System.Runtime.Serialization.Xml.dll" /reference:"C:\Program Files\dotnet\packs\Microsoft.NETCore.App.Ref\8.0.22\ref\net8.0\System.Security.AccessControl.dll" /reference:"C:\Program Files\dotnet\packs\Microsoft.NETCore.App.Ref\8.0.22\ref\net8.0\System.Security.Claims.dll" /reference:"C:\Program Files\dotnet\packs\Microsoft.NETCore.App.Ref\8.0.22\ref\net8.0\System.Security.Cryptography.Algorithms.dll" /reference:"C:\Program Files\dotnet\packs\Microsoft.NETCore.App.Ref\8.0.22\ref\net8.0\System.Security.Cryptography.Cng.dll" /reference:"C:\Program Files\dotnet\packs\Microsoft.NETCore.App.Ref\8.0.22\ref\net8.0\System.Security.Cryptography.Csp.dll" /reference:"C:\Program Files\dotnet\packs\Microsoft.NETCore.App.Ref\8.0.22\ref\net8.0\System.Security.Cryptography.dll" /reference:"C:\Program Files\dotnet\packs\Microsoft.NETCore.App.Ref\8.0.22\ref\net8.0\System.Security.Cryptography.Encoding.dll" /reference:"C:\Program Files\dotnet\packs\Microsoft.NETCore.App.Ref\8.0.22\ref\net8.0\System.Security.Cryptography.OpenSsl.dll" /reference:"C:\Program Files\dotnet\packs\Microsoft.WindowsDesktop.App.Ref\8.0.22\ref\net8.0\System.Security.Cryptography.Pkcs.dll" /reference:"C:\Program Files\dotnet\packs\Microsoft.NETCore.App.Ref\8.0.22\ref\net8.0\System.Security.Cryptography.Primitives.dll" /reference:"C:\Program Files\dotnet\packs\Microsoft.WindowsDesktop.App.Ref\8.0.22\ref\net8.0\System.Security.Cryptography.ProtectedData.dll" /reference:"C:\Program Files\dotnet\packs\Microsoft.NETCore.App.Ref\8.0.22\ref\net8.0\System.Security.Cryptography.X509Certificates.dll" /reference:"C:\Program Files\dotnet\packs\Microsoft.WindowsDesktop.App.Ref\8.0.22\ref\net8.0\System.Security.Cryptography.Xml.dll" /reference:"C:\Program Files\dotnet\packs\Microsoft.NETCore.App.Ref\8.0.22\ref\net8.0\System.Security.dll" /reference:"C:\Program Files\dotnet\packs\Microsoft.WindowsDesktop.App.Ref\8.0.22\ref\net8.0\System.Security.Permissions.dll" /reference:"C:\Program Files\dotnet\packs\Microsoft.NETCore.App.Ref\8.0.22\ref\net8.0\System.Security.Principal.dll" /reference:"C:\Program Files\dotnet\packs\Microsoft.NETCore.App.Ref\8.0.22\ref\net8.0\System.Security.Principal.Windows.dll" /reference:"C:\Program Files\dotnet\packs\Microsoft.NETCore.App.Ref\8.0.22\ref\net8.0\System.Security.SecureString.dll" /reference:"C:\Program Files\dotnet\packs\Microsoft.NETCore.App.Ref\8.0.22\ref\net8.0\System.ServiceModel.Web.dll" /reference:"C:\Program Files\dotnet\packs\Microsoft.NETCore.App.Ref\8.0.22\ref\net8.0\System.ServiceProcess.dll" /reference:"C:\Program Files\dotnet\packs\Microsoft.NETCore.App.Ref\8.0.22\ref\net8.0\System.Text.Encoding.CodePages.dll" /reference:"C:\Program Files\dotnet\packs\Microsoft.NETCore.App.Ref\8.0.22\ref\net8.0\System.Text.Encoding.dll" /reference:"C:\Program Files\dotnet\packs\Microsoft.NETCore.App.Ref\8.0.22\ref\net8.0\System.Text.Encoding.Extensions.dll" /reference:"C:\Program Files\dotnet\packs\Microsoft.NETCore.App.Ref\8.0.22\ref\net8.0\System.Text.Encodings.Web.dll" /reference:"C:\Program Files\dotnet\packs\Microsoft.NETCore.App.Ref\8.0.22\ref\net8.0\System.Text.Json.dll" /reference:"C:\Program Files\dotnet\packs\Microsoft.NETCore.App.Ref\8.0.22\ref\net8.0\System.Text.RegularExpressions.dll" /reference:"C:\Program Files\dotnet\packs\Microsoft.WindowsDesktop.App.Ref\8.0.22\ref\net8.0\System.Threading.AccessControl.dll" /reference:"C:\Program Files\dotnet\packs\Microsoft.NETCore.App.Ref\8.0.22\ref\net8.0\System.Threading.Channels.dll" /reference:"C:\Program Files\dotnet\packs\Microsoft.NETCore.App.Ref\8.0.22\ref\net8.0\System.Threading.dll" /reference:"C:\Program Files\dotnet\packs\Microsoft.NETCore.App.Ref\8.0.22\ref\net8.0\System.Threading.Overlapped.dll" /reference:"C:\Program Files\dotnet\packs\Microsoft.NETCore.App.Ref\8.0.22\ref\net8.0\System.Threading.Tasks.Dataflow.dll" /reference:"C:\Program Files\dotnet\packs\Microsoft.NETCore.App.Ref\8.0.22\ref\net8.0\System.Threading.Tasks.dll" /reference:"C:\Program Files\dotnet\packs\Microsoft.NETCore.App.Ref\8.0.22\ref\net8.0\System.Threading.Tasks.Extensions.dll" /reference:"C:\Program Files\dotnet\packs\Microsoft.NETCore.App.Ref\8.0.22\ref\net8.0\System.Threading.Tasks.Parallel.dll" /reference:"C:\Program Files\dotnet\packs\Microsoft.NETCore.App.Ref\8.0.22\ref\net8.0\System.Threading.Thread.dll" /reference:"C:\Program Files\dotnet\packs\Microsoft.NETCore.App.Ref\8.0.22\ref\net8.0\System.Threading.ThreadPool.dll" /reference:"C:\Program Files\dotnet\packs\Microsoft.NETCore.App.Ref\8.0.22\ref\net8.0\System.Threading.Timer.dll" /reference:"C:\Program Files\dotnet\packs\Microsoft.NETCore.App.Ref\8.0.22\ref\net8.0\System.Transactions.dll" /reference:"C:\Program Files\dotnet\packs\Microsoft.NETCore.App.Ref\8.0.22\ref\net8.0\System.Transactions.Local.dll" /reference:"C:\Program Files\dotnet\packs\Microsoft.NETCore.App.Ref\8.0.22\ref\net8.0\System.ValueTuple.dll" /reference:"C:\Program Files\dotnet\packs\Microsoft.NETCore.App.Ref\8.0.22\ref\net8.0\System.Web.dll" /reference:"C:\Program Files\dotnet\packs\Microsoft.NETCore.App.Ref\8.0.22\ref\net8.0\System.Web.HttpUtility.dll" /reference:"C:\Program Files\dotnet\packs\Microsoft.WindowsDesktop.App.Ref\8.0.22\ref\net8.0\System.Windows.Controls.Ribbon.dll" /reference:"C:\Program Files\dotnet\packs\Microsoft.NETCore.App.Ref\8.0.22\ref\net8.0\System.Windows.dll" /reference:"C:\Program Files\dotnet\packs\Microsoft.WindowsDesktop.App.Ref\8.0.22\ref\net8.0\System.Windows.Extensions.dll" /reference:"C:\Program Files\dotnet\packs\Microsoft.WindowsDesktop.App.Ref\8.0.22\ref\net8.0\System.Windows.Forms.Design.dll" /reference:"C:\Program Files\dotnet\packs\Microsoft.WindowsDesktop.App.Ref\8.0.22\ref\net8.0\System.Windows.Forms.Design.Editors.dll" /reference:"C:\Program Files\dotnet\packs\Microsoft.WindowsDesktop.App.Ref\8.0.22\ref\net8.0\System.Windows.Forms.dll" /reference:"C:\Program Files\dotnet\packs\Microsoft.WindowsDesktop.App.Ref\8.0.22\ref\net8.0\System.Windows.Forms.Primitives.dll" /reference:"C:\Program Files\dotnet\packs\Microsoft.WindowsDesktop.App.Ref\8.0.22\ref\net8.0\System.Windows.Input.Manipulations.dll" /reference:"C:\Program Files\dotnet\packs\Microsoft.WindowsDesktop.App.Ref\8.0.22\ref\net8.0\System.Windows.Presentation.dll" /reference:"C:\Program Files\dotnet\packs\Microsoft.WindowsDesktop.App.Ref\8.0.22\ref\net8.0\System.Xaml.dll" /reference:"C:\Program Files\dotnet\packs\Microsoft.NETCore.App.Ref\8.0.22\ref\net8.0\System.Xml.dll" /reference:"C:\Program Files\dotnet\packs\Microsoft.NETCore.App.Ref\8.0.22\ref\net8.0\System.Xml.Linq.dll" /reference:"C:\Program Files\dotnet\packs\Microsoft.NETCore.App.Ref\8.0.22\ref\net8.0\System.Xml.ReaderWriter.dll" /reference:"C:\Program Files\dotnet\packs\Microsoft.NETCore.App.Ref\8.0.22\ref\net8.0\System.Xml.Serialization.dll" /reference:"C:\Program Files\dotnet\packs\Microsoft.NETCore.App.Ref\8.0.22\ref\net8.0\System.Xml.XDocument.dll" /reference:"C:\Program Files\dotnet\packs\Microsoft.NETCore.App.Ref\8.0.22\ref\net8.0\System.Xml.XmlDocument.dll" /reference:"C:\Program Files\dotnet\packs\Microsoft.NETCore.App.Ref\8.0.22\ref\net8.0\System.Xml.XmlSerializer.dll" /reference:"C:\Program Files\dotnet\packs\Microsoft.NETCore.App.Ref\8.0.22\ref\net8.0\System.Xml.XPath.dll" /reference:"C:\Program Files\dotnet\packs\Microsoft.NETCore.App.Ref\8.0.22\ref\net8.0\System.Xml.XPath.XDocument.dll" /reference:"C:\Program Files\dotnet\packs\Microsoft.WindowsDesktop.App.Ref\8.0.22\ref\net8.0\UIAutomationClient.dll" /reference:"C:\Program Files\dotnet\packs\Microsoft.WindowsDesktop.App.Ref\8.0.22\ref\net8.0\UIAutomationClientSideProviders.dll" /reference:"C:\Program Files\dotnet\packs\Microsoft.WindowsDesktop.App.Ref\8.0.22\ref\net8.0\UIAutomationProvider.dll" /reference:"C:\Program Files\dotnet\packs\Microsoft.WindowsDesktop.App.Ref\8.0.22\ref\net8.0\UIAutomationTypes.dll" /reference:C:\Users\PC\Documents\UniCast\Unicast.Capture\obj\Debug\net8.0-windows10.0.19041.0\ref\Unicast.Capture.dll /reference:C:\Users\PC\Documents\UniCast\UniCast.Core\obj\Debug\net8.0\ref\UniCast.Core.dll /reference:C:\Users\PC\Documents\UniCast\UniCast.Encoder\obj\Debug\net8.0-windows\ref\UniCast.Encoder.dll /reference:C:\Users\PC\Documents\UniCast\UniCast.Licensing\obj\Debug\net8.0-windows\ref\UniCast.Licensing.dll /reference:C:\Users\PC\.nuget\packages\vortice.d3dcompiler\3.6.2\lib\net8.0\Vortice.D3DCompiler.dll /reference:C:\Users\PC\.nuget\packages\vortice.direct3d11\3.6.2\lib\net8.0\Vortice.Direct3D11.dll /reference:C:\Users\PC\.nuget\packages\vortice.directx\3.6.2\lib\net8.0-windows10.0.19041\Vortice.DirectX.dll /reference:C:\Users\PC\.nuget\packages\vortice.dxgi\3.6.2\lib\net8.0-windows10.0.19041\Vortice.DXGI.dll /reference:C:\Users\PC\.nuget\packages\vortice.mathematics\1.9.2\lib\net8.0-windows10.0.19041\Vortice.Mathematics.dll /reference:"C:\Program Files\dotnet\packs\Microsoft.WindowsDesktop.App.Ref\8.0.22\ref\net8.0\WindowsBase.dll" /reference:"C:\Program Files\dotnet\packs\Microsoft.WindowsDesktop.App.Ref\8.0.22\ref\net8.0\WindowsFormsIntegration.dll" /reference:C:\Users\PC\.nuget\packages\microsoft.windows.sdk.net.ref\10.0.19041.57\lib\net8.0\WinRT.Runtime.dll /debug+ /debug:portable /filealign:512 /optimize- /out:obj\Debug\net8.0-windows10.0.19041.0\UniCast.App.dll /refout:obj\Debug\net8.0-windows10.0.19041.0\refint\UniCast.App.dll /resource:obj\Debug\net8.0-windows10.0.19041.0\UniCast.App.g.resources /target:winexe /warnaserror- /utf8output /deterministic+ /sourcelink:obj\Debug\net8.0-windows10.0.19041.0\UniCast.App.sourcelink.json /langversion:12.0 /embed:obj\Debug\net8.0-windows10.0.19041.0\UniCast.App.GlobalUsings.g.cs /embed:C:\Users\PC\Documents\UniCast\UniCast.App\obj\Debug\net8.0-windows10.0.19041.0\MainWindow.g.cs /embed:C:\Users\PC\Documents\UniCast\UniCast.App\obj\Debug\net8.0-windows10.0.19041.0\Overlay\OverlayWindow.g.cs /embed:C:\Users\PC\Documents\UniCast\UniCast.App\obj\Debug\net8.0-windows10.0.19041.0\Views\ActivationWindow.g.cs /embed:C:\Users\PC\Documents\UniCast\UniCast.App\obj\Debug\net8.0-windows10.0.19041.0\Views\ChatOverlayView.g.cs /embed:C:\Users\PC\Documents\UniCast\UniCast.App\obj\Debug\net8.0-windows10.0.19041.0\Views\ChatView.g.cs /embed:C:\Users\PC\Documents\UniCast\UniCast.App\obj\Debug\net8.0-windows10.0.19041.0\Views\ControlView.g.cs /embed:C:\Users\PC\Documents\UniCast\UniCast.App\obj\Debug\net8.0-windows10.0.19041.0\Views\FirstRunWizard.g.cs /embed:C:\Users\PC\Documents\UniCast\UniCast.App\obj\Debug\net8.0-windows10.0.19041.0\Views\LicenseView.g.cs /embed:C:\Users\PC\Documents\UniCast\UniCast.App\obj\Debug\net8.0-windows10.0.19041.0\Views\PreviewView.g.cs /embed:C:\Users\PC\Documents\UniCast\UniCast.App\obj\Debug\net8.0-windows10.0.19041.0\Views\SettingsView.g.cs /embed:C:\Users\PC\Documents\UniCast\UniCast.App\obj\Debug\net8.0-windows10.0.19041.0\Views\SplashWindow.g.cs /embed:C:\Users\PC\Documents\UniCast\UniCast.App\obj\Debug\net8.0-windows10.0.19041.0\Views\TargetsView.g.cs /embed:C:\Users\PC\Documents\UniCast\UniCast.App\obj\Debug\net8.0-windows10.0.19041.0\App.g.cs /embed:"obj\Debug\net8.0-windows10.0.19041.0\.NETCoreApp,Version=v8.0.AssemblyAttributes.cs" /embed:obj\Debug\net8.0-windows10.0.19041.0\UniCast.App.AssemblyInfo.cs /analyzerconfig:obj\Debug\net8.0-windows10.0.19041.0\UniCast.App.GeneratedMSBuildEditorConfig.editorconfig /analyzerconfig:"C:\Program Files\dotnet\sdk\10.0.100\Sdks\Microsoft.NET.Sdk\analyzers\build\config\analysislevel_8_default.globalconfig" /analyzer:"C:\Program Files\dotnet\sdk\10.0.100\Sdks\Microsoft.NET.Sdk\targets\..\analyzers\Microsoft.CodeAnalysis.CSharp.NetAnalyzers.dll" /analyzer:"C:\Program Files\dotnet\sdk\10.0.100\Sdks\Microsoft.NET.Sdk\targets\..\analyzers\Microsoft.CodeAnalysis.NetAnalyzers.dll" /analyzer:"C:\Program Files\dotnet\packs\Microsoft.NETCore.App.Ref\8.0.22\analyzers/dotnet/cs/Microsoft.Interop.ComInterfaceGenerator.dll" /analyzer:"C:\Program Files\dotnet\packs\Microsoft.NETCore.App.Ref\8.0.22\analyzers/dotnet/cs/Microsoft.Interop.JavaScript.JSImportGenerator.dll" /analyzer:"C:\Program Files\dotnet\packs\Microsoft.NETCore.App.Ref\8.0.22\analyzers/dotnet/cs/Microsoft.Interop.LibraryImportGenerator.dll" /analyzer:"C:\Program Files\dotnet\packs\Microsoft.NETCore.App.Ref\8.0.22\analyzers/dotnet/cs/Microsoft.Interop.SourceGeneration.dll" /analyzer:"C:\Program Files\dotnet\packs\Microsoft.NETCore.App.Ref\8.0.22\analyzers/dotnet/cs/System.Text.Json.SourceGeneration.dll" /analyzer:"C:\Program Files\dotnet\packs\Microsoft.NETCore.App.Ref\8.0.22\analyzers/dotnet/cs/System.Text.RegularExpressions.Generator.dll" /analyzer:"C:\Program Files\dotnet\packs\Microsoft.WindowsDesktop.App.Ref\8.0.22\analyzers/dotnet/System.Windows.Forms.Analyzers.dll" /analyzer:"C:\Program Files\dotnet\packs\Microsoft.WindowsDesktop.App.Ref\8.0.22\analyzers/dotnet/cs/System.Windows.Forms.Analyzers.CSharp.dll" /analyzer:C:\Users\PC\.nuget\packages\microsoft.windows.sdk.net.ref\10.0.19041.57\analyzers/dotnet/cs/WinRT.SourceGenerator.dll App.Shutdown.cs App.xaml.cs AppConstants.cs AppIntegration.cs AssemblyInfo.cs Configuration\ConfigurationValidator.cs Constants.cs Diagnostics\HealthCheckService.cs Diagnostics\MemoryProfiler.cs Diagnostics\MetricsService.cs Diagnostics\PerformanceMonitor.cs DirectX\D3DImageSource.cs Documentation\DocumentationHelper.cs Exceptions\LocalizedException.cs Infrastructure\AsyncEventHandler.cs Infrastructure\AsyncFileHelper.cs Infrastructure\AsyncVoidHandler.cs Infrastructure\CancellationHelper.cs Infrastructure\LazyServiceLoader.cs Infrastructure\ObjectPool.cs Infrastructure\RelayCommand.cs Infrastructure\ResourceManager.cs Infrastructure\RetryPolicy.cs Infrastructure\ServiceCollectionExtensions.cs Infrastructure\TaskExtensions.cs Infrastructure\ThreadSafetyHelpers.cs Infrastructure\WeakEventManagerHelper.cs Input\KeyboardShortcuts.cs Logging\DynamicLogLevel.cs MainWindow.PlatformStatus.cs MainWindow.xaml.cs Overlay\ChatOverlayController.cs Overlay\DpiHelper.cs Overlay\OverlayPipePublisher.cs Overlay\OverlayWindow.xaml.cs Resources\ErrorStrings.cs Resources\ErrorStringsExtension.cs Security\SecretStore.cs Security\StreamKeyMaskingEnricher.cs Services\AudioService.cs Services\AutoUpdateService.cs Services\BaseStore.cs Services\Capture\DeviceService.cs Services\Capture\IDeviceService.cs Services\CrashReporter.cs Services\HttpClientFactory.cs Services\IStreamController.cs Services\PreviewService.cs Services\SettingsStore.cs Services\StreamController.cs Services\StreamControllerAdapter.cs Services\TargetsStore.cs Services\TokenRefreshService.cs Validation\InputValidator.cs ViewModels\ChatViewModel.cs ViewModels\ControlViewModel.cs ViewModels\LicenseViewModel.cs ViewModels\PreviewViewModel.cs ViewModels\SettingsViewModel.cs ViewModels\TargetsViewModel.cs Views\ActivationWindow.xaml.cs Views\ChatOverlayView.xaml.cs Views\ChatView.xaml.cs Views\ControlView.xaml.cs Views\FirstRunWizard.xaml.cs Views\LicenseView.xaml.cs Views\PreviewView.xaml.cs Views\SettingsView.xaml.cs Views\SplashWindow.xaml.cs Views\TargetsView.xaml.cs obj\Debug\net8.0-windows10.0.19041.0\UniCast.App.GlobalUsings.g.cs C:\Users\PC\Documents\UniCast\UniCast.App\obj\Debug\net8.0-windows10.0.19041.0\MainWindow.g.cs C:\Users\PC\Documents\UniCast\UniCast.App\obj\Debug\net8.0-windows10.0.19041.0\Overlay\OverlayWindow.g.cs C:\Users\PC\Documents\UniCast\UniCast.App\obj\Debug\net8.0-windows10.0.19041.0\Views\ActivationWindow.g.cs C:\Users\PC\Documents\UniCast\UniCast.App\obj\Debug\net8.0-windows10.0.19041.0\Views\ChatOverlayView.g.cs C:\Users\PC\Documents\UniCast\UniCast.App\obj\Debug\net8.0-windows10.0.19041.0\Views\ChatView.g.cs C:\Users\PC\Documents\UniCast\UniCast.App\obj\Debug\net8.0-windows10.0.19041.0\Views\ControlView.g.cs C:\Users\PC\Documents\UniCast\UniCast.App\obj\Debug\net8.0-windows10.0.19041.0\Views\FirstRunWizard.g.cs C:\Users\PC\Documents\UniCast\UniCast.App\obj\Debug\net8.0-windows10.0.19041.0\Views\LicenseView.g.cs C:\Users\PC\Documents\UniCast\UniCast.App\obj\Debug\net8.0-windows10.0.19041.0\Views\PreviewView.g.cs C:\Users\PC\Documents\UniCast\UniCast.App\obj\Debug\net8.0-windows10.0.19041.0\Views\SettingsView.g.cs C:\Users\PC\Documents\UniCast\UniCast.App\obj\Debug\net8.0-windows10.0.19041.0\Views\SplashWindow.g.cs C:\Users\PC\Documents\UniCast\UniCast.App\obj\Debug\net8.0-windows10.0.19041.0\Views\TargetsView.g.cs C:\Users\PC\Documents\UniCast\UniCast.App\obj\Debug\net8.0-windows10.0.19041.0\App.g.cs "obj\Debug\net8.0-windows10.0.19041.0\.NETCoreApp,Version=v8.0.AssemblyAttributes.cs" obj\Debug\net8.0-windows10.0.19041.0\UniCast.App.AssemblyInfo.cs /warnaserror+:NU1605,SYSLIB0011'
         Attempt to open named pipe 'VJ6jP7ns4k7WzHApVoaqyC+TCssYkENCxZIKZg3UAY8'
         Attempt to connect named pipe 'VJ6jP7ns4k7WzHApVoaqyC+TCssYkENCxZIKZg3UAY8'
         Named pipe 'VJ6jP7ns4k7WzHApVoaqyC+TCssYkENCxZIKZg3UAY8' connected
         Begin writing request for UniCast.App (net8.0-windows10.0.19041.0)
         End writing request for UniCast.App (net8.0-windows10.0.19041.0)
         Begin reading response for UniCast.App (net8.0-windows10.0.19041.0)
         End reading response for UniCast.App (net8.0-windows10.0.19041.0)
     2>C:\Users\PC\Documents\UniCast\UniCast.App\Input\KeyboardShortcuts.cs(383,36): warning CS0067: 'RelayShortcutCommand.CanExecuteChanged' olay¦- hi+ğbir zaman kullan¦-lmaz [C:\Users\PC\Documents\UniCast\UniCast.App\UniCast.App.csproj]
         CompilerServer: server - server processed compilation - UniCast.App (net8.0-windows10.0.19041.0)
       _CopyFilesMarkedCopyLocal:
         Dosya "C:\Users\PC\Documents\UniCast\Unicast.Capture\bin\Debug\net8.0-windows10.0.19041.0\Unicast.Capture.dll" konumundan "C:\Users\PC\Documents\UniCast\UniCast.App\bin\Debug\net8.0-windows10.0.19041.0\Unicast.Capture.dll" konumuna kopyalan¦-yor.
         Dosya "C:\Users\PC\Documents\UniCast\Unicast.Capture\bin\Debug\net8.0-windows10.0.19041.0\Unicast.Capture.pdb" konumundan "C:\Users\PC\Documents\UniCast\UniCast.App\bin\Debug\net8.0-windows10.0.19041.0\Unicast.Capture.pdb" konumuna kopyalan¦-yor.
         "C:\Users\PC\Documents\UniCast\UniCast.App\obj\Debug\net8.0-windows10.0.19041.0\UniCast..BF8042F6.Up2Date" +Â¦şesine eri+şiliyor.
       _CopyOutOfDateSourceItemsToOutputDirectory:
         Dosya "C:\Users\PC\Documents\UniCast\UniCast.App\obj\Debug\net8.0-windows10.0.19041.0\apphost.exe" konumundan "C:\Users\PC\Documents\UniCast\UniCast.App\bin\Debug\net8.0-windows10.0.19041.0\UniCast.App.exe" konumuna kopyalan¦-yor.
       CopyFilesToOutputDirectory:
         Dosya "C:\Users\PC\Documents\UniCast\UniCast.App\obj\Debug\net8.0-windows10.0.19041.0\UniCast.App.dll" konumundan "C:\Users\PC\Documents\UniCast\UniCast.App\bin\Debug\net8.0-windows10.0.19041.0\UniCast.App.dll" konumuna kopyalan¦-yor.
         UniCast.App -> C:\Users\PC\Documents\UniCast\UniCast.App\bin\Debug\net8.0-windows10.0.19041.0\UniCast.App.dll
         Dosya "C:\Users\PC\Documents\UniCast\UniCast.App\obj\Debug\net8.0-windows10.0.19041.0\UniCast.App.pdb" konumundan "C:\Users\PC\Documents\UniCast\UniCast.App\bin\Debug\net8.0-windows10.0.19041.0\UniCast.App.pdb" konumuna kopyalan¦-yor.
     2>"C:\Users\PC\Documents\UniCast\UniCast.App\UniCast.App.csproj" Projesini Olu+şturma ¦-+şlemi Tamamland¦- (varsay¦-lan hedefler).
     1>GenerateTargetFrameworkMonikerAttribute:
       T+-m +ğ¦-k¦-+ş dosyalar¦-, giri+ş dosyalar¦-na g+Âre g+-ncel durumda oldu¦şundan "GenerateTargetFrameworkMonikerAttribute" hedefi atlan¦-yor.
       CoreGenerateAssemblyInfo:
       T+-m +ğ¦-k¦-+ş dosyalar¦-, giri+ş dosyalar¦-na g+Âre g+-ncel durumda oldu¦şundan "CoreGenerateAssemblyInfo" hedefi atlan¦-yor.
       _GenerateSourceLinkFile:
         'obj\Debug\net8.0-windows10.0.19041.0\UniCast.Tests.sourcelink.json' Source Link dosyas¦- g+-ncel.
       CoreCompile:
         Setting DOTNET_ROOT to 'C:\Program Files\dotnet'
         C:\Program Files\dotnet\sdk\10.0.100\Roslyn\bincore\csc.exe /noconfig /unsafe- /checked- /nowarn:1701,1702,1701,1702 /fullpaths /nostdlib+ /errorreport:prompt /warn:8 /define:TRACE;DEBUG;NET;NET8_0;NETCOREAPP;WINDOWS;WINDOWS10_0_19041_0;NET5_0_OR_GREATER;NET6_0_OR_GREATER;NET7_0_OR_GREATER;NET8_0_OR_GREATER;NETCOREAPP3_0_OR_GREATER;NETCOREAPP3_1_OR_GREATER;W¦-NDOWS10_0_19041_0_OR_GREATER;W¦-NDOWS10_0_18362_0_OR_GREATER;W¦-NDOWS10_0_17763_0_OR_GREATER;W¦-NDOWS8_0_OR_GREATER;W¦-NDOWS7_0_OR_GREATER /preferreduilang:tr-TR /highentropyva+ /nullable:enable /reference:"C:\Program Files\dotnet\packs\Microsoft.WindowsDesktop.App.Ref\8.0.22\ref\net8.0\Accessibility.dll" /reference:C:\Users\PC\.nuget\packages\castle.core\5.1.1\lib\net6.0\Castle.Core.dll /reference:C:\Users\PC\.nuget\packages\directshowlib\1.0.0\lib\DirectShowLib.dll /reference:C:\Users\PC\.nuget\packages\fluentassertions\6.12.2\lib\net6.0\FluentAssertions.dll /reference:C:\Users\PC\.nuget\packages\fluentvalidation\12.0.0\lib\net8.0\FluentValidation.dll /reference:C:\Users\PC\.nuget\packages\instagramapisharp\1.8.1\lib\net8.0\InstagramApiSharp.dll /reference:"C:\Program Files\dotnet\packs\Microsoft.NETCore.App.Ref\8.0.22\ref\net8.0\Microsoft.CSharp.dll" /reference:C:\Users\PC\.nuget\packages\microsoft.extensions.dependencyinjection.abstractions\10.0.0\lib\net8.0\Microsoft.Extensions.DependencyInjection.Abstractions.dll /reference:C:\Users\PC\.nuget\packages\microsoft.extensions.dependencyinjection\10.0.0\lib\net8.0\Microsoft.Extensions.DependencyInjection.dll /reference:C:\Users\PC\.nuget\packages\microsoft.testplatform.testhost\17.12.0\lib\netcoreapp3.1\Microsoft.TestPlatform.CommunicationUtilities.dll /reference:C:\Users\PC\.nuget\packages\microsoft.testplatform.testhost\17.12.0\lib\netcoreapp3.1\Microsoft.TestPlatform.CoreUtilities.dll /reference:C:\Users\PC\.nuget\packages\microsoft.testplatform.testhost\17.12.0\lib\netcoreapp3.1\Microsoft.TestPlatform.CrossPlatEngine.dll /reference:C:\Users\PC\.nuget\packages\microsoft.testplatform.testhost\17.12.0\lib\netcoreapp3.1\Microsoft.TestPlatform.PlatformAbstractions.dll /reference:C:\Users\PC\.nuget\packages\microsoft.testplatform.testhost\17.12.0\lib\netcoreapp3.1\Microsoft.TestPlatform.Utilities.dll /reference:"C:\Program Files\dotnet\packs\Microsoft.NETCore.App.Ref\8.0.22\ref\net8.0\Microsoft.VisualBasic.Core.dll" /reference:"C:\Program Files\dotnet\packs\Microsoft.WindowsDesktop.App.Ref\8.0.22\ref\net8.0\Microsoft.VisualBasic.dll" /reference:"C:\Program Files\dotnet\packs\Microsoft.WindowsDesktop.App.Ref\8.0.22\ref\net8.0\Microsoft.VisualBasic.Forms.dll" /reference:C:\Users\PC\.nuget\packages\microsoft.codecoverage\17.12.0\lib\netcoreapp3.1\Microsoft.VisualStudio.CodeCoverage.Shim.dll /reference:C:\Users\PC\.nuget\packages\microsoft.testplatform.testhost\17.12.0\lib\netcoreapp3.1\Microsoft.VisualStudio.TestPlatform.Common.dll /reference:C:\Users\PC\.nuget\packages\microsoft.testplatform.testhost\17.12.0\lib\netcoreapp3.1\Microsoft.VisualStudio.TestPlatform.ObjectModel.dll /reference:"C:\Program Files\dotnet\packs\Microsoft.NETCore.App.Ref\8.0.22\ref\net8.0\Microsoft.Win32.Primitives.dll" /reference:"C:\Program Files\dotnet\packs\Microsoft.WindowsDesktop.App.Ref\8.0.22\ref\net8.0\Microsoft.Win32.Registry.AccessControl.dll" /reference:"C:\Program Files\dotnet\packs\Microsoft.NETCore.App.Ref\8.0.22\ref\net8.0\Microsoft.Win32.Registry.dll" /reference:"C:\Program Files\dotnet\packs\Microsoft.WindowsDesktop.App.Ref\8.0.22\ref\net8.0\Microsoft.Win32.SystemEvents.dll" /reference:C:\Users\PC\.nuget\packages\microsoft.windows.sdk.net.ref\10.0.19041.57\lib\net8.0\Microsoft.Windows.SDK.NET.dll /reference:C:\Users\PC\.nuget\packages\moq\4.20.72\lib\net6.0\Moq.dll /reference:"C:\Program Files\dotnet\packs\Microsoft.NETCore.App.Ref\8.0.22\ref\net8.0\mscorlib.dll" /reference:C:\Users\PC\.nuget\packages\naudio.asio\2.2.1\lib\netstandard2.0\NAudio.Asio.dll /reference:C:\Users\PC\.nuget\packages\naudio.core\2.2.1\lib\netstandard2.0\NAudio.Core.dll /reference:C:\Users\PC\.nuget\packages\naudio\2.2.1\lib\net6.0-windows7.0\NAudio.dll /reference:C:\Users\PC\.nuget\packages\naudio.midi\2.2.1\lib\netstandard2.0\NAudio.Midi.dll /reference:C:\Users\PC\.nuget\packages\naudio.wasapi\2.2.1\lib\netstandard2.0\NAudio.Wasapi.dll /reference:C:\Users\PC\.nuget\packages\naudio.winforms\2.2.1\lib\netcoreapp3.1\NAudio.WinForms.dll /reference:C:\Users\PC\.nuget\packages\naudio.winmm\2.2.1\lib\netstandard2.0\NAudio.WinMM.dll /reference:"C:\Program Files\dotnet\packs\Microsoft.NETCore.App.Ref\8.0.22\ref\net8.0\netstandard.dll" /reference:C:\Users\PC\.nuget\packages\newtonsoft.json\13.0.3\lib\net6.0\Newtonsoft.Json.dll /reference:C:\Users\PC\.nuget\packages\opencvsharp4\4.11.0.20250507\lib\net6.0\OpenCvSharp.dll /reference:C:\Users\PC\.nuget\packages\opencvsharp4.wpfextensions\4.11.0.20250507\lib\net6.0\OpenCvSharp.WpfExtensions.dll /reference:"C:\Program Files\dotnet\packs\Microsoft.WindowsDesktop.App.Ref\8.0.22\ref\net8.0\PresentationCore.dll" /reference:"C:\Program Files\dotnet\packs\Microsoft.WindowsDesktop.App.Ref\8.0.22\ref\net8.0\PresentationFramework.Aero.dll" /reference:"C:\Program Files\dotnet\packs\Microsoft.WindowsDesktop.App.Ref\8.0.22\ref\net8.0\PresentationFramework.Aero2.dll" /reference:"C:\Program Files\dotnet\packs\Microsoft.WindowsDesktop.App.Ref\8.0.22\ref\net8.0\PresentationFramework.AeroLite.dll" /reference:"C:\Program Files\dotnet\packs\Microsoft.WindowsDesktop.App.Ref\8.0.22\ref\net8.0\PresentationFramework.Classic.dll" /reference:"C:\Program Files\dotnet\packs\Microsoft.WindowsDesktop.App.Ref\8.0.22\ref\net8.0\PresentationFramework.dll" /reference:"C:\Program Files\dotnet\packs\Microsoft.WindowsDesktop.App.Ref\8.0.22\ref\net8.0\PresentationFramework.Luna.dll" /reference:"C:\Program Files\dotnet\packs\Microsoft.WindowsDesktop.App.Ref\8.0.22\ref\net8.0\PresentationFramework.Royale.dll" /reference:"C:\Program Files\dotnet\packs\Microsoft.WindowsDesktop.App.Ref\8.0.22\ref\net8.0\PresentationUI.dll" /reference:"C:\Program Files\dotnet\packs\Microsoft.WindowsDesktop.App.Ref\8.0.22\ref\net8.0\ReachFramework.dll" /reference:C:\Users\PC\.nuget\packages\serilog\4.3.0\lib\net8.0\Serilog.dll /reference:C:\Users\PC\.nuget\packages\serilog.sinks.debug\3.0.0\lib\net8.0\Serilog.Sinks.Debug.dll /reference:C:\Users\PC\.nuget\packages\serilog.sinks.file\7.0.0\lib\net8.0\Serilog.Sinks.File.dll /reference:C:\Users\PC\.nuget\packages\sharpgen.runtime.com\2.2.0-beta\lib\net8.0\SharpGen.Runtime.COM.dll /reference:C:\Users\PC\.nuget\packages\sharpgen.runtime\2.2.0-beta\lib\net8.0\SharpGen.Runtime.dll /reference:"C:\Program Files\dotnet\packs\Microsoft.NETCore.App.Ref\8.0.22\ref\net8.0\System.AppContext.dll" /reference:"C:\Program Files\dotnet\packs\Microsoft.NETCore.App.Ref\8.0.22\ref\net8.0\System.Buffers.dll" /reference:C:\Users\PC\.nuget\packages\system.codedom\10.0.0\lib\net8.0\System.CodeDom.dll /reference:"C:\Program Files\dotnet\packs\Microsoft.NETCore.App.Ref\8.0.22\ref\net8.0\System.Collections.Concurrent.dll" /reference:"C:\Program Files\dotnet\packs\Microsoft.NETCore.App.Ref\8.0.22\ref\net8.0\System.Collections.dll" /reference:"C:\Program Files\dotnet\packs\Microsoft.NETCore.App.Ref\8.0.22\ref\net8.0\System.Collections.Immutable.dll" /reference:"C:\Program Files\dotnet\packs\Microsoft.NETCore.App.Ref\8.0.22\ref\net8.0\System.Collections.NonGeneric.dll" /reference:"C:\Program Files\dotnet\packs\Microsoft.NETCore.App.Ref\8.0.22\ref\net8.0\System.Collections.Specialized.dll" /reference:"C:\Program Files\dotnet\packs\Microsoft.NETCore.App.Ref\8.0.22\ref\net8.0\System.ComponentModel.Annotations.dll" /reference:"C:\Program Files\dotnet\packs\Microsoft.NETCore.App.Ref\8.0.22\ref\net8.0\System.ComponentModel.DataAnnotations.dll" /reference:"C:\Program Files\dotnet\packs\Microsoft.NETCore.App.Ref\8.0.22\ref\net8.0\System.ComponentModel.dll" /reference:"C:\Program Files\dotnet\packs\Microsoft.NETCore.App.Ref\8.0.22\ref\net8.0\System.ComponentModel.EventBasedAsync.dll" /reference:"C:\Program Files\dotnet\packs\Microsoft.NETCore.App.Ref\8.0.22\ref\net8.0\System.ComponentModel.Primitives.dll" /reference:"C:\Program Files\dotnet\packs\Microsoft.NETCore.App.Ref\8.0.22\ref\net8.0\System.ComponentModel.TypeConverter.dll" /reference:"C:\Program Files\dotnet\packs\Microsoft.WindowsDesktop.App.Ref\8.0.22\ref\net8.0\System.Configuration.ConfigurationManager.dll" /reference:"C:\Program Files\dotnet\packs\Microsoft.NETCore.App.Ref\8.0.22\ref\net8.0\System.Configuration.dll" /reference:"C:\Program Files\dotnet\packs\Microsoft.NETCore.App.Ref\8.0.22\ref\net8.0\System.Console.dll" /reference:"C:\Program Files\dotnet\packs\Microsoft.NETCore.App.Ref\8.0.22\ref\net8.0\System.Core.dll" /reference:"C:\Program Files\dotnet\packs\Microsoft.NETCore.App.Ref\8.0.22\ref\net8.0\System.Data.Common.dll" /reference:"C:\Program Files\dotnet\packs\Microsoft.NETCore.App.Ref\8.0.22\ref\net8.0\System.Data.DataSetExtensions.dll" /reference:"C:\Program Files\dotnet\packs\Microsoft.NETCore.App.Ref\8.0.22\ref\net8.0\System.Data.dll" /reference:"C:\Program Files\dotnet\packs\Microsoft.WindowsDesktop.App.Ref\8.0.22\ref\net8.0\System.Design.dll" /reference:"C:\Program Files\dotnet\packs\Microsoft.NETCore.App.Ref\8.0.22\ref\net8.0\System.Diagnostics.Contracts.dll" /reference:"C:\Program Files\dotnet\packs\Microsoft.NETCore.App.Ref\8.0.22\ref\net8.0\System.Diagnostics.Debug.dll" /reference:"C:\Program Files\dotnet\packs\Microsoft.NETCore.App.Ref\8.0.22\ref\net8.0\System.Diagnostics.DiagnosticSource.dll" /reference:"C:\Program Files\dotnet\packs\Microsoft.WindowsDesktop.App.Ref\8.0.22\ref\net8.0\System.Diagnostics.EventLog.dll" /reference:"C:\Program Files\dotnet\packs\Microsoft.NETCore.App.Ref\8.0.22\ref\net8.0\System.Diagnostics.FileVersionInfo.dll" /reference:"C:\Program Files\dotnet\packs\Microsoft.WindowsDesktop.App.Ref\8.0.22\ref\net8.0\System.Diagnostics.PerformanceCounter.dll" /reference:"C:\Program Files\dotnet\packs\Microsoft.NETCore.App.Ref\8.0.22\ref\net8.0\System.Diagnostics.Process.dll" /reference:"C:\Program Files\dotnet\packs\Microsoft.NETCore.App.Ref\8.0.22\ref\net8.0\System.Diagnostics.StackTrace.dll" /reference:"C:\Program Files\dotnet\packs\Microsoft.NETCore.App.Ref\8.0.22\ref\net8.0\System.Diagnostics.TextWriterTraceListener.dll" /reference:"C:\Program Files\dotnet\packs\Microsoft.NETCore.App.Ref\8.0.22\ref\net8.0\System.Diagnostics.Tools.dll" /reference:"C:\Program Files\dotnet\packs\Microsoft.NETCore.App.Ref\8.0.22\ref\net8.0\System.Diagnostics.TraceSource.dll" /reference:"C:\Program Files\dotnet\packs\Microsoft.NETCore.App.Ref\8.0.22\ref\net8.0\System.Diagnostics.Tracing.dll" /reference:"C:\Program Files\dotnet\packs\Microsoft.WindowsDesktop.App.Ref\8.0.22\ref\net8.0\System.DirectoryServices.dll" /reference:"C:\Program Files\dotnet\packs\Microsoft.NETCore.App.Ref\8.0.22\ref\net8.0\System.dll" /reference:"C:\Program Files\dotnet\packs\Microsoft.WindowsDesktop.App.Ref\8.0.22\ref\net8.0\System.Drawing.Common.dll" /reference:"C:\Program Files\dotnet\packs\Microsoft.WindowsDesktop.App.Ref\8.0.22\ref\net8.0\System.Drawing.Design.dll" /reference:"C:\Program Files\dotnet\packs\Microsoft.WindowsDesktop.App.Ref\8.0.22\ref\net8.0\System.Drawing.dll" /reference:"C:\Program Files\dotnet\packs\Microsoft.NETCore.App.Ref\8.0.22\ref\net8.0\System.Drawing.Primitives.dll" /reference:"C:\Program Files\dotnet\packs\Microsoft.NETCore.App.Ref\8.0.22\ref\net8.0\System.Dynamic.Runtime.dll" /reference:"C:\Program Files\dotnet\packs\Microsoft.NETCore.App.Ref\8.0.22\ref\net8.0\System.Formats.Asn1.dll" /reference:"C:\Program Files\dotnet\packs\Microsoft.NETCore.App.Ref\8.0.22\ref\net8.0\System.Formats.Tar.dll" /reference:"C:\Program Files\dotnet\packs\Microsoft.NETCore.App.Ref\8.0.22\ref\net8.0\System.Globalization.Calendars.dll" /reference:"C:\Program Files\dotnet\packs\Microsoft.NETCore.App.Ref\8.0.22\ref\net8.0\System.Globalization.dll" /reference:"C:\Program Files\dotnet\packs\Microsoft.NETCore.App.Ref\8.0.22\ref\net8.0\System.Globalization.Extensions.dll" /reference:"C:\Program Files\dotnet\packs\Microsoft.NETCore.App.Ref\8.0.22\ref\net8.0\System.IO.Compression.Brotli.dll" /reference:"C:\Program Files\dotnet\packs\Microsoft.NETCore.App.Ref\8.0.22\ref\net8.0\System.IO.Compression.dll" /reference:"C:\Program Files\dotnet\packs\Microsoft.NETCore.App.Ref\8.0.22\ref\net8.0\System.IO.Compression.FileSystem.dll" /reference:"C:\Program Files\dotnet\packs\Microsoft.NETCore.App.Ref\8.0.22\ref\net8.0\System.IO.Compression.ZipFile.dll" /reference:"C:\Program Files\dotnet\packs\Microsoft.NETCore.App.Ref\8.0.22\ref\net8.0\System.IO.dll" /reference:"C:\Program Files\dotnet\packs\Microsoft.NETCore.App.Ref\8.0.22\ref\net8.0\System.IO.FileSystem.AccessControl.dll" /reference:"C:\Program Files\dotnet\packs\Microsoft.NETCore.App.Ref\8.0.22\ref\net8.0\System.IO.FileSystem.dll" /reference:"C:\Program Files\dotnet\packs\Microsoft.NETCore.App.Ref\8.0.22\ref\net8.0\System.IO.FileSystem.DriveInfo.dll" /reference:"C:\Program Files\dotnet\packs\Microsoft.NETCore.App.Ref\8.0.22\ref\net8.0\System.IO.FileSystem.Primitives.dll" /reference:"C:\Program Files\dotnet\packs\Microsoft.NETCore.App.Ref\8.0.22\ref\net8.0\System.IO.FileSystem.Watcher.dll" /reference:"C:\Program Files\dotnet\packs\Microsoft.NETCore.App.Ref\8.0.22\ref\net8.0\System.IO.IsolatedStorage.dll" /reference:"C:\Program Files\dotnet\packs\Microsoft.NETCore.App.Ref\8.0.22\ref\net8.0\System.IO.MemoryMappedFiles.dll" /reference:"C:\Program Files\dotnet\packs\Microsoft.WindowsDesktop.App.Ref\8.0.22\ref\net8.0\System.IO.Packaging.dll" /reference:"C:\Program Files\dotnet\packs\Microsoft.NETCore.App.Ref\8.0.22\ref\net8.0\System.IO.Pipes.AccessControl.dll" /reference:"C:\Program Files\dotnet\packs\Microsoft.NETCore.App.Ref\8.0.22\ref\net8.0\System.IO.Pipes.dll" /reference:"C:\Program Files\dotnet\packs\Microsoft.NETCore.App.Ref\8.0.22\ref\net8.0\System.IO.UnmanagedMemoryStream.dll" /reference:"C:\Program Files\dotnet\packs\Microsoft.NETCore.App.Ref\8.0.22\ref\net8.0\System.Linq.dll" /reference:"C:\Program Files\dotnet\packs\Microsoft.NETCore.App.Ref\8.0.22\ref\net8.0\System.Linq.Expressions.dll" /reference:"C:\Program Files\dotnet\packs\Microsoft.NETCore.App.Ref\8.0.22\ref\net8.0\System.Linq.Parallel.dll" /reference:"C:\Program Files\dotnet\packs\Microsoft.NETCore.App.Ref\8.0.22\ref\net8.0\System.Linq.Queryable.dll" /reference:C:\Users\PC\.nuget\packages\system.management\10.0.0\lib\net8.0\System.Management.dll /reference:"C:\Program Files\dotnet\packs\Microsoft.NETCore.App.Ref\8.0.22\ref\net8.0\System.Memory.dll" /reference:"C:\Program Files\dotnet\packs\Microsoft.NETCore.App.Ref\8.0.22\ref\net8.0\System.Net.dll" /reference:"C:\Program Files\dotnet\packs\Microsoft.NETCore.App.Ref\8.0.22\ref\net8.0\System.Net.Http.dll" /reference:"C:\Program Files\dotnet\packs\Microsoft.NETCore.App.Ref\8.0.22\ref\net8.0\System.Net.Http.Json.dll" /reference:"C:\Program Files\dotnet\packs\Microsoft.NETCore.App.Ref\8.0.22\ref\net8.0\System.Net.HttpListener.dll" /reference:"C:\Program Files\dotnet\packs\Microsoft.NETCore.App.Ref\8.0.22\ref\net8.0\System.Net.Mail.dll" /reference:"C:\Program Files\dotnet\packs\Microsoft.NETCore.App.Ref\8.0.22\ref\net8.0\System.Net.NameResolution.dll" /reference:"C:\Program Files\dotnet\packs\Microsoft.NETCore.App.Ref\8.0.22\ref\net8.0\System.Net.NetworkInformation.dll" /reference:"C:\Program Files\dotnet\packs\Microsoft.NETCore.App.Ref\8.0.22\ref\net8.0\System.Net.Ping.dll" /reference:"C:\Program Files\dotnet\packs\Microsoft.NETCore.App.Ref\8.0.22\ref\net8.0\System.Net.Primitives.dll" /reference:"C:\Program Files\dotnet\packs\Microsoft.NETCore.App.Ref\8.0.22\ref\net8.0\System.Net.Quic.dll" /reference:"C:\Program Files\dotnet\packs\Microsoft.NETCore.App.Ref\8.0.22\ref\net8.0\System.Net.Requests.dll" /reference:"C:\Program Files\dotnet\packs\Microsoft.NETCore.App.Ref\8.0.22\ref\net8.0\System.Net.Security.dll" /reference:"C:\Program Files\dotnet\packs\Microsoft.NETCore.App.Ref\8.0.22\ref\net8.0\System.Net.ServicePoint.dll" /reference:"C:\Program Files\dotnet\packs\Microsoft.NETCore.App.Ref\8.0.22\ref\net8.0\System.Net.Sockets.dll" /reference:"C:\Program Files\dotnet\packs\Microsoft.NETCore.App.Ref\8.0.22\ref\net8.0\System.Net.WebClient.dll" /reference:"C:\Program Files\dotnet\packs\Microsoft.NETCore.App.Ref\8.0.22\ref\net8.0\System.Net.WebHeaderCollection.dll" /reference:"C:\Program Files\dotnet\packs\Microsoft.NETCore.App.Ref\8.0.22\ref\net8.0\System.Net.WebProxy.dll" /reference:"C:\Program Files\dotnet\packs\Microsoft.NETCore.App.Ref\8.0.22\ref\net8.0\System.Net.WebSockets.Client.dll" /reference:"C:\Program Files\dotnet\packs\Microsoft.NETCore.App.Ref\8.0.22\ref\net8.0\System.Net.WebSockets.dll" /reference:"C:\Program Files\dotnet\packs\Microsoft.NETCore.App.Ref\8.0.22\ref\net8.0\System.Numerics.dll" /reference:"C:\Program Files\dotnet\packs\Microsoft.NETCore.App.Ref\8.0.22\ref\net8.0\System.Numerics.Vectors.dll" /reference:"C:\Program Files\dotnet\packs\Microsoft.NETCore.App.Ref\8.0.22\ref\net8.0\System.ObjectModel.dll" /reference:"C:\Program Files\dotnet\packs\Microsoft.WindowsDesktop.App.Ref\8.0.22\ref\net8.0\System.Printing.dll" /reference:"C:\Program Files\dotnet\packs\Microsoft.NETCore.App.Ref\8.0.22\ref\net8.0\System.Reflection.DispatchProxy.dll" /reference:"C:\Program Files\dotnet\packs\Microsoft.NETCore.App.Ref\8.0.22\ref\net8.0\System.Reflection.dll" /reference:"C:\Program Files\dotnet\packs\Microsoft.NETCore.App.Ref\8.0.22\ref\net8.0\System.Reflection.Emit.dll" /reference:"C:\Program Files\dotnet\packs\Microsoft.NETCore.App.Ref\8.0.22\ref\net8.0\System.Reflection.Emit.ILGeneration.dll" /reference:"C:\Program Files\dotnet\packs\Microsoft.NETCore.App.Ref\8.0.22\ref\net8.0\System.Reflection.Emit.Lightweight.dll" /reference:"C:\Program Files\dotnet\packs\Microsoft.NETCore.App.Ref\8.0.22\ref\net8.0\System.Reflection.Extensions.dll" /reference:"C:\Program Files\dotnet\packs\Microsoft.NETCore.App.Ref\8.0.22\ref\net8.0\System.Reflection.Metadata.dll" /reference:"C:\Program Files\dotnet\packs\Microsoft.NETCore.App.Ref\8.0.22\ref\net8.0\System.Reflection.Primitives.dll" /reference:"C:\Program Files\dotnet\packs\Microsoft.NETCore.App.Ref\8.0.22\ref\net8.0\System.Reflection.TypeExtensions.dll" /reference:"C:\Program Files\dotnet\packs\Microsoft.WindowsDesktop.App.Ref\8.0.22\ref\net8.0\System.Resources.Extensions.dll" /reference:"C:\Program Files\dotnet\packs\Microsoft.NETCore.App.Ref\8.0.22\ref\net8.0\System.Resources.Reader.dll" /reference:"C:\Program Files\dotnet\packs\Microsoft.NETCore.App.Ref\8.0.22\ref\net8.0\System.Resources.ResourceManager.dll" /reference:"C:\Program Files\dotnet\packs\Microsoft.NETCore.App.Ref\8.0.22\ref\net8.0\System.Resources.Writer.dll" /reference:"C:\Program Files\dotnet\packs\Microsoft.NETCore.App.Ref\8.0.22\ref\net8.0\System.Runtime.CompilerServices.Unsafe.dll" /reference:"C:\Program Files\dotnet\packs\Microsoft.NETCore.App.Ref\8.0.22\ref\net8.0\System.Runtime.CompilerServices.VisualC.dll" /reference:"C:\Program Files\dotnet\packs\Microsoft.NETCore.App.Ref\8.0.22\ref\net8.0\System.Runtime.dll" /reference:"C:\Program Files\dotnet\packs\Microsoft.NETCore.App.Ref\8.0.22\ref\net8.0\System.Runtime.Extensions.dll" /reference:"C:\Program Files\dotnet\packs\Microsoft.NETCore.App.Ref\8.0.22\ref\net8.0\System.Runtime.Handles.dll" /reference:"C:\Program Files\dotnet\packs\Microsoft.NETCore.App.Ref\8.0.22\ref\net8.0\System.Runtime.InteropServices.dll" /reference:"C:\Program Files\dotnet\packs\Microsoft.NETCore.App.Ref\8.0.22\ref\net8.0\System.Runtime.InteropServices.JavaScript.dll" /reference:"C:\Program Files\dotnet\packs\Microsoft.NETCore.App.Ref\8.0.22\ref\net8.0\System.Runtime.InteropServices.RuntimeInformation.dll" /reference:"C:\Program Files\dotnet\packs\Microsoft.NETCore.App.Ref\8.0.22\ref\net8.0\System.Runtime.Intrinsics.dll" /reference:"C:\Program Files\dotnet\packs\Microsoft.NETCore.App.Ref\8.0.22\ref\net8.0\System.Runtime.Loader.dll" /reference:"C:\Program Files\dotnet\packs\Microsoft.NETCore.App.Ref\8.0.22\ref\net8.0\System.Runtime.Numerics.dll" /reference:"C:\Program Files\dotnet\packs\Microsoft.NETCore.App.Ref\8.0.22\ref\net8.0\System.Runtime.Serialization.dll" /reference:"C:\Program Files\dotnet\packs\Microsoft.NETCore.App.Ref\8.0.22\ref\net8.0\System.Runtime.Serialization.Formatters.dll" /reference:"C:\Program Files\dotnet\packs\Microsoft.NETCore.App.Ref\8.0.22\ref\net8.0\System.Runtime.Serialization.Json.dll" /reference:"C:\Program Files\dotnet\packs\Microsoft.NETCore.App.Ref\8.0.22\ref\net8.0\System.Runtime.Serialization.Primitives.dll" /reference:"C:\Program Files\dotnet\packs\Microsoft.NETCore.App.Ref\8.0.22\ref\net8.0\System.Runtime.Serialization.Xml.dll" /reference:"C:\Program Files\dotnet\packs\Microsoft.NETCore.App.Ref\8.0.22\ref\net8.0\System.Security.AccessControl.dll" /reference:"C:\Program Files\dotnet\packs\Microsoft.NETCore.App.Ref\8.0.22\ref\net8.0\System.Security.Claims.dll" /reference:"C:\Program Files\dotnet\packs\Microsoft.NETCore.App.Ref\8.0.22\ref\net8.0\System.Security.Cryptography.Algorithms.dll" /reference:"C:\Program Files\dotnet\packs\Microsoft.NETCore.App.Ref\8.0.22\ref\net8.0\System.Security.Cryptography.Cng.dll" /reference:"C:\Program Files\dotnet\packs\Microsoft.NETCore.App.Ref\8.0.22\ref\net8.0\System.Security.Cryptography.Csp.dll" /reference:"C:\Program Files\dotnet\packs\Microsoft.NETCore.App.Ref\8.0.22\ref\net8.0\System.Security.Cryptography.dll" /reference:"C:\Program Files\dotnet\packs\Microsoft.NETCore.App.Ref\8.0.22\ref\net8.0\System.Security.Cryptography.Encoding.dll" /reference:"C:\Program Files\dotnet\packs\Microsoft.NETCore.App.Ref\8.0.22\ref\net8.0\System.Security.Cryptography.OpenSsl.dll" /reference:"C:\Program Files\dotnet\packs\Microsoft.WindowsDesktop.App.Ref\8.0.22\ref\net8.0\System.Security.Cryptography.Pkcs.dll" /reference:"C:\Program Files\dotnet\packs\Microsoft.NETCore.App.Ref\8.0.22\ref\net8.0\System.Security.Cryptography.Primitives.dll" /reference:"C:\Program Files\dotnet\packs\Microsoft.WindowsDesktop.App.Ref\8.0.22\ref\net8.0\System.Security.Cryptography.ProtectedData.dll" /reference:"C:\Program Files\dotnet\packs\Microsoft.NETCore.App.Ref\8.0.22\ref\net8.0\System.Security.Cryptography.X509Certificates.dll" /reference:"C:\Program Files\dotnet\packs\Microsoft.WindowsDesktop.App.Ref\8.0.22\ref\net8.0\System.Security.Cryptography.Xml.dll" /reference:"C:\Program Files\dotnet\packs\Microsoft.NETCore.App.Ref\8.0.22\ref\net8.0\System.Security.dll" /reference:"C:\Program Files\dotnet\packs\Microsoft.WindowsDesktop.App.Ref\8.0.22\ref\net8.0\System.Security.Permissions.dll" /reference:"C:\Program Files\dotnet\packs\Microsoft.NETCore.App.Ref\8.0.22\ref\net8.0\System.Security.Principal.dll" /reference:"C:\Program Files\dotnet\packs\Microsoft.NETCore.App.Ref\8.0.22\ref\net8.0\System.Security.Principal.Windows.dll" /reference:"C:\Program Files\dotnet\packs\Microsoft.NETCore.App.Ref\8.0.22\ref\net8.0\System.Security.SecureString.dll" /reference:"C:\Program Files\dotnet\packs\Microsoft.NETCore.App.Ref\8.0.22\ref\net8.0\System.ServiceModel.Web.dll" /reference:"C:\Program Files\dotnet\packs\Microsoft.NETCore.App.Ref\8.0.22\ref\net8.0\System.ServiceProcess.dll" /reference:"C:\Program Files\dotnet\packs\Microsoft.NETCore.App.Ref\8.0.22\ref\net8.0\System.Text.Encoding.CodePages.dll" /reference:"C:\Program Files\dotnet\packs\Microsoft.NETCore.App.Ref\8.0.22\ref\net8.0\System.Text.Encoding.dll" /reference:"C:\Program Files\dotnet\packs\Microsoft.NETCore.App.Ref\8.0.22\ref\net8.0\System.Text.Encoding.Extensions.dll" /reference:"C:\Program Files\dotnet\packs\Microsoft.NETCore.App.Ref\8.0.22\ref\net8.0\System.Text.Encodings.Web.dll" /reference:"C:\Program Files\dotnet\packs\Microsoft.NETCore.App.Ref\8.0.22\ref\net8.0\System.Text.Json.dll" /reference:"C:\Program Files\dotnet\packs\Microsoft.NETCore.App.Ref\8.0.22\ref\net8.0\System.Text.RegularExpressions.dll" /reference:"C:\Program Files\dotnet\packs\Microsoft.WindowsDesktop.App.Ref\8.0.22\ref\net8.0\System.Threading.AccessControl.dll" /reference:"C:\Program Files\dotnet\packs\Microsoft.NETCore.App.Ref\8.0.22\ref\net8.0\System.Threading.Channels.dll" /reference:"C:\Program Files\dotnet\packs\Microsoft.NETCore.App.Ref\8.0.22\ref\net8.0\System.Threading.dll" /reference:"C:\Program Files\dotnet\packs\Microsoft.NETCore.App.Ref\8.0.22\ref\net8.0\System.Threading.Overlapped.dll" /reference:"C:\Program Files\dotnet\packs\Microsoft.NETCore.App.Ref\8.0.22\ref\net8.0\System.Threading.Tasks.Dataflow.dll" /reference:"C:\Program Files\dotnet\packs\Microsoft.NETCore.App.Ref\8.0.22\ref\net8.0\System.Threading.Tasks.dll" /reference:"C:\Program Files\dotnet\packs\Microsoft.NETCore.App.Ref\8.0.22\ref\net8.0\System.Threading.Tasks.Extensions.dll" /reference:"C:\Program Files\dotnet\packs\Microsoft.NETCore.App.Ref\8.0.22\ref\net8.0\System.Threading.Tasks.Parallel.dll" /reference:"C:\Program Files\dotnet\packs\Microsoft.NETCore.App.Ref\8.0.22\ref\net8.0\System.Threading.Thread.dll" /reference:"C:\Program Files\dotnet\packs\Microsoft.NETCore.App.Ref\8.0.22\ref\net8.0\System.Threading.ThreadPool.dll" /reference:"C:\Program Files\dotnet\packs\Microsoft.NETCore.App.Ref\8.0.22\ref\net8.0\System.Threading.Timer.dll" /reference:"C:\Program Files\dotnet\packs\Microsoft.NETCore.App.Ref\8.0.22\ref\net8.0\System.Transactions.dll" /reference:"C:\Program Files\dotnet\packs\Microsoft.NETCore.App.Ref\8.0.22\ref\net8.0\System.Transactions.Local.dll" /reference:"C:\Program Files\dotnet\packs\Microsoft.NETCore.App.Ref\8.0.22\ref\net8.0\System.ValueTuple.dll" /reference:"C:\Program Files\dotnet\packs\Microsoft.NETCore.App.Ref\8.0.22\ref\net8.0\System.Web.dll" /reference:"C:\Program Files\dotnet\packs\Microsoft.NETCore.App.Ref\8.0.22\ref\net8.0\System.Web.HttpUtility.dll" /reference:"C:\Program Files\dotnet\packs\Microsoft.WindowsDesktop.App.Ref\8.0.22\ref\net8.0\System.Windows.Controls.Ribbon.dll" /reference:"C:\Program Files\dotnet\packs\Microsoft.NETCore.App.Ref\8.0.22\ref\net8.0\System.Windows.dll" /reference:"C:\Program Files\dotnet\packs\Microsoft.WindowsDesktop.App.Ref\8.0.22\ref\net8.0\System.Windows.Extensions.dll" /reference:"C:\Program Files\dotnet\packs\Microsoft.WindowsDesktop.App.Ref\8.0.22\ref\net8.0\System.Windows.Forms.Design.dll" /reference:"C:\Program Files\dotnet\packs\Microsoft.WindowsDesktop.App.Ref\8.0.22\ref\net8.0\System.Windows.Forms.Design.Editors.dll" /reference:"C:\Program Files\dotnet\packs\Microsoft.WindowsDesktop.App.Ref\8.0.22\ref\net8.0\System.Windows.Forms.dll" /reference:"C:\Program Files\dotnet\packs\Microsoft.WindowsDesktop.App.Ref\8.0.22\ref\net8.0\System.Windows.Forms.Primitives.dll" /reference:"C:\Program Files\dotnet\packs\Microsoft.WindowsDesktop.App.Ref\8.0.22\ref\net8.0\System.Windows.Input.Manipulations.dll" /reference:"C:\Program Files\dotnet\packs\Microsoft.WindowsDesktop.App.Ref\8.0.22\ref\net8.0\System.Windows.Presentation.dll" /reference:"C:\Program Files\dotnet\packs\Microsoft.WindowsDesktop.App.Ref\8.0.22\ref\net8.0\System.Xaml.dll" /reference:"C:\Program Files\dotnet\packs\Microsoft.NETCore.App.Ref\8.0.22\ref\net8.0\System.Xml.dll" /reference:"C:\Program Files\dotnet\packs\Microsoft.NETCore.App.Ref\8.0.22\ref\net8.0\System.Xml.Linq.dll" /reference:"C:\Program Files\dotnet\packs\Microsoft.NETCore.App.Ref\8.0.22\ref\net8.0\System.Xml.ReaderWriter.dll" /reference:"C:\Program Files\dotnet\packs\Microsoft.NETCore.App.Ref\8.0.22\ref\net8.0\System.Xml.Serialization.dll" /reference:"C:\Program Files\dotnet\packs\Microsoft.NETCore.App.Ref\8.0.22\ref\net8.0\System.Xml.XDocument.dll" /reference:"C:\Program Files\dotnet\packs\Microsoft.NETCore.App.Ref\8.0.22\ref\net8.0\System.Xml.XmlDocument.dll" /reference:"C:\Program Files\dotnet\packs\Microsoft.NETCore.App.Ref\8.0.22\ref\net8.0\System.Xml.XmlSerializer.dll" /reference:"C:\Program Files\dotnet\packs\Microsoft.NETCore.App.Ref\8.0.22\ref\net8.0\System.Xml.XPath.dll" /reference:"C:\Program Files\dotnet\packs\Microsoft.NETCore.App.Ref\8.0.22\ref\net8.0\System.Xml.XPath.XDocument.dll" /reference:C:\Users\PC\.nuget\packages\microsoft.testplatform.testhost\17.12.0\lib\netcoreapp3.1\testhost.dll /reference:"C:\Program Files\dotnet\packs\Microsoft.WindowsDesktop.App.Ref\8.0.22\ref\net8.0\UIAutomationClient.dll" /reference:"C:\Program Files\dotnet\packs\Microsoft.WindowsDesktop.App.Ref\8.0.22\ref\net8.0\UIAutomationClientSideProviders.dll" /reference:"C:\Program Files\dotnet\packs\Microsoft.WindowsDesktop.App.Ref\8.0.22\ref\net8.0\UIAutomationProvider.dll" /reference:"C:\Program Files\dotnet\packs\Microsoft.WindowsDesktop.App.Ref\8.0.22\ref\net8.0\UIAutomationTypes.dll" /reference:C:\Users\PC\Documents\UniCast\UniCast.App\obj\Debug\net8.0-windows10.0.19041.0\ref\UniCast.App.dll /reference:C:\Users\PC\Documents\UniCast\Unicast.Capture\obj\Debug\net8.0-windows10.0.19041.0\ref\Unicast.Capture.dll /reference:C:\Users\PC\Documents\UniCast\UniCast.Config\obj\Debug\net8.0\ref\UniCast.Config.dll /reference:C:\Users\PC\Documents\UniCast\UniCast.Core\obj\Debug\net8.0\ref\UniCast.Core.dll /reference:C:\Users\PC\Documents\UniCast\UniCast.Encoder\obj\Debug\net8.0-windows\ref\UniCast.Encoder.dll /reference:C:\Users\PC\Documents\UniCast\UniCast.Licensing\obj\Debug\net8.0-windows\ref\UniCast.Licensing.dll /reference:C:\Users\PC\.nuget\packages\vortice.d3dcompiler\3.6.2\lib\net8.0\Vortice.D3DCompiler.dll /reference:C:\Users\PC\.nuget\packages\vortice.direct3d11\3.6.2\lib\net8.0\Vortice.Direct3D11.dll /reference:C:\Users\PC\.nuget\packages\vortice.directx\3.6.2\lib\net8.0-windows10.0.19041\Vortice.DirectX.dll /reference:C:\Users\PC\.nuget\packages\vortice.dxgi\3.6.2\lib\net8.0-windows10.0.19041\Vortice.DXGI.dll /reference:C:\Users\PC\.nuget\packages\vortice.mathematics\1.9.2\lib\net8.0-windows10.0.19041\Vortice.Mathematics.dll /reference:"C:\Program Files\dotnet\packs\Microsoft.WindowsDesktop.App.Ref\8.0.22\ref\net8.0\WindowsBase.dll" /reference:"C:\Program Files\dotnet\packs\Microsoft.WindowsDesktop.App.Ref\8.0.22\ref\net8.0\WindowsFormsIntegration.dll" /reference:C:\Users\PC\.nuget\packages\microsoft.windows.sdk.net.ref\10.0.19041.57\lib\net8.0\WinRT.Runtime.dll /reference:C:\Users\PC\.nuget\packages\xunit.abstractions\2.0.3\lib\netstandard2.0\xunit.abstractions.dll /reference:C:\Users\PC\.nuget\packages\xunit.assert\2.9.2\lib\net6.0\xunit.assert.dll /reference:C:\Users\PC\.nuget\packages\xunit.extensibility.core\2.9.2\lib\netstandard1.1\xunit.core.dll /reference:C:\Users\PC\.nuget\packages\xunit.extensibility.execution\2.9.2\lib\netstandard1.1\xunit.execution.dotnet.dll /debug+ /debug:portable /filealign:512 /optimize- /out:obj\Debug\net8.0-windows10.0.19041.0\UniCast.Tests.dll /refout:obj\Debug\net8.0-windows10.0.19041.0\refint\UniCast.Tests.dll /target:exe /warnaserror- /utf8output /deterministic+ /sourcelink:obj\Debug\net8.0-windows10.0.19041.0\UniCast.Tests.sourcelink.json /langversion:12.0 /embed:C:\Users\PC\.nuget\packages\microsoft.net.test.sdk\17.12.0\build\netcoreapp3.1\Microsoft.NET.Test.Sdk.Program.cs /embed:obj\Debug\net8.0-windows10.0.19041.0\UniCast.Tests.GlobalUsings.g.cs /embed:"obj\Debug\net8.0-windows10.0.19041.0\.NETCoreApp,Version=v8.0.AssemblyAttributes.cs" /embed:obj\Debug\net8.0-windows10.0.19041.0\UniCast.Tests.AssemblyInfo.cs /analyzerconfig:obj\Debug\net8.0-windows10.0.19041.0\UniCast.Tests.GeneratedMSBuildEditorConfig.editorconfig /analyzerconfig:"C:\Program Files\dotnet\sdk\10.0.100\Sdks\Microsoft.NET.Sdk\analyzers\build\config\analysislevel_8_default.globalconfig" /analyzer:"C:\Program Files\dotnet\sdk\10.0.100\Sdks\Microsoft.NET.Sdk\targets\..\analyzers\Microsoft.CodeAnalysis.CSharp.NetAnalyzers.dll" /analyzer:"C:\Program Files\dotnet\sdk\10.0.100\Sdks\Microsoft.NET.Sdk\targets\..\analyzers\Microsoft.CodeAnalysis.NetAnalyzers.dll" /analyzer:C:\Users\PC\.nuget\packages\xunit.analyzers\1.16.0\analyzers\dotnet\cs\xunit.analyzers.dll /analyzer:C:\Users\PC\.nuget\packages\xunit.analyzers\1.16.0\analyzers\dotnet\cs\xunit.analyzers.fixes.dll /analyzer:"C:\Program Files\dotnet\packs\Microsoft.NETCore.App.Ref\8.0.22\analyzers/dotnet/cs/Microsoft.Interop.ComInterfaceGenerator.dll" /analyzer:"C:\Program Files\dotnet\packs\Microsoft.NETCore.App.Ref\8.0.22\analyzers/dotnet/cs/Microsoft.Interop.JavaScript.JSImportGenerator.dll" /analyzer:"C:\Program Files\dotnet\packs\Microsoft.NETCore.App.Ref\8.0.22\analyzers/dotnet/cs/Microsoft.Interop.LibraryImportGenerator.dll" /analyzer:"C:\Program Files\dotnet\packs\Microsoft.NETCore.App.Ref\8.0.22\analyzers/dotnet/cs/Microsoft.Interop.SourceGeneration.dll" /analyzer:"C:\Program Files\dotnet\packs\Microsoft.NETCore.App.Ref\8.0.22\analyzers/dotnet/cs/System.Text.Json.SourceGeneration.dll" /analyzer:"C:\Program Files\dotnet\packs\Microsoft.NETCore.App.Ref\8.0.22\analyzers/dotnet/cs/System.Text.RegularExpressions.Generator.dll" /analyzer:C:\Users\PC\.nuget\packages\microsoft.windows.sdk.net.ref\10.0.19041.57\analyzers/dotnet/cs/WinRT.SourceGenerator.dll /analyzer:"C:\Program Files\dotnet\packs\Microsoft.WindowsDesktop.App.Ref\8.0.22\analyzers/dotnet/System.Windows.Forms.Analyzers.dll" /analyzer:"C:\Program Files\dotnet\packs\Microsoft.WindowsDesktop.App.Ref\8.0.22\analyzers/dotnet/cs/System.Windows.Forms.Analyzers.CSharp.dll" Core\ChatBusTests.cs GlobalUsings.cs Helpers\TestHelpers.cs Licensing\LicenseModelTests.cs Services\FrameBufferPoolTests.cs Services\HardwareEncoderServiceTests.cs Services\SettingsDataTests.cs Services\StreamControllerTests.cs C:\Users\PC\.nuget\packages\microsoft.net.test.sdk\17.12.0\build\netcoreapp3.1\Microsoft.NET.Test.Sdk.Program.cs obj\Debug\net8.0-windows10.0.19041.0\UniCast.Tests.GlobalUsings.g.cs "obj\Debug\net8.0-windows10.0.19041.0\.NETCoreApp,Version=v8.0.AssemblyAttributes.cs" obj\Debug\net8.0-windows10.0.19041.0\UniCast.Tests.AssemblyInfo.cs /warnaserror+:NU1605,SYSLIB0011
         Compilation request UniCast.Tests (net8.0-windows10.0.19041.0), PathToTool=C:\Program Files\dotnet\sdk\10.0.100\Roslyn\bincore\csc.exe
         CommandLine = ' /noconfig'
         BuildResponseFile = '/unsafe- /checked- /nowarn:1701,1702,1701,1702 /fullpaths /nostdlib+ /errorreport:prompt /warn:8 /define:TRACE;DEBUG;NET;NET8_0;NETCOREAPP;WINDOWS;WINDOWS10_0_19041_0;NET5_0_OR_GREATER;NET6_0_OR_GREATER;NET7_0_OR_GREATER;NET8_0_OR_GREATER;NETCOREAPP3_0_OR_GREATER;NETCOREAPP3_1_OR_GREATER;W¦-NDOWS10_0_19041_0_OR_GREATER;W¦-NDOWS10_0_18362_0_OR_GREATER;W¦-NDOWS10_0_17763_0_OR_GREATER;W¦-NDOWS8_0_OR_GREATER;W¦-NDOWS7_0_OR_GREATER /preferreduilang:tr-TR /highentropyva+ /nullable:enable /reference:"C:\Program Files\dotnet\packs\Microsoft.WindowsDesktop.App.Ref\8.0.22\ref\net8.0\Accessibility.dll" /reference:C:\Users\PC\.nuget\packages\castle.core\5.1.1\lib\net6.0\Castle.Core.dll /reference:C:\Users\PC\.nuget\packages\directshowlib\1.0.0\lib\DirectShowLib.dll /reference:C:\Users\PC\.nuget\packages\fluentassertions\6.12.2\lib\net6.0\FluentAssertions.dll /reference:C:\Users\PC\.nuget\packages\fluentvalidation\12.0.0\lib\net8.0\FluentValidation.dll /reference:C:\Users\PC\.nuget\packages\instagramapisharp\1.8.1\lib\net8.0\InstagramApiSharp.dll /reference:"C:\Program Files\dotnet\packs\Microsoft.NETCore.App.Ref\8.0.22\ref\net8.0\Microsoft.CSharp.dll" /reference:C:\Users\PC\.nuget\packages\microsoft.extensions.dependencyinjection.abstractions\10.0.0\lib\net8.0\Microsoft.Extensions.DependencyInjection.Abstractions.dll /reference:C:\Users\PC\.nuget\packages\microsoft.extensions.dependencyinjection\10.0.0\lib\net8.0\Microsoft.Extensions.DependencyInjection.dll /reference:C:\Users\PC\.nuget\packages\microsoft.testplatform.testhost\17.12.0\lib\netcoreapp3.1\Microsoft.TestPlatform.CommunicationUtilities.dll /reference:C:\Users\PC\.nuget\packages\microsoft.testplatform.testhost\17.12.0\lib\netcoreapp3.1\Microsoft.TestPlatform.CoreUtilities.dll /reference:C:\Users\PC\.nuget\packages\microsoft.testplatform.testhost\17.12.0\lib\netcoreapp3.1\Microsoft.TestPlatform.CrossPlatEngine.dll /reference:C:\Users\PC\.nuget\packages\microsoft.testplatform.testhost\17.12.0\lib\netcoreapp3.1\Microsoft.TestPlatform.PlatformAbstractions.dll /reference:C:\Users\PC\.nuget\packages\microsoft.testplatform.testhost\17.12.0\lib\netcoreapp3.1\Microsoft.TestPlatform.Utilities.dll /reference:"C:\Program Files\dotnet\packs\Microsoft.NETCore.App.Ref\8.0.22\ref\net8.0\Microsoft.VisualBasic.Core.dll" /reference:"C:\Program Files\dotnet\packs\Microsoft.WindowsDesktop.App.Ref\8.0.22\ref\net8.0\Microsoft.VisualBasic.dll" /reference:"C:\Program Files\dotnet\packs\Microsoft.WindowsDesktop.App.Ref\8.0.22\ref\net8.0\Microsoft.VisualBasic.Forms.dll" /reference:C:\Users\PC\.nuget\packages\microsoft.codecoverage\17.12.0\lib\netcoreapp3.1\Microsoft.VisualStudio.CodeCoverage.Shim.dll /reference:C:\Users\PC\.nuget\packages\microsoft.testplatform.testhost\17.12.0\lib\netcoreapp3.1\Microsoft.VisualStudio.TestPlatform.Common.dll /reference:C:\Users\PC\.nuget\packages\microsoft.testplatform.testhost\17.12.0\lib\netcoreapp3.1\Microsoft.VisualStudio.TestPlatform.ObjectModel.dll /reference:"C:\Program Files\dotnet\packs\Microsoft.NETCore.App.Ref\8.0.22\ref\net8.0\Microsoft.Win32.Primitives.dll" /reference:"C:\Program Files\dotnet\packs\Microsoft.WindowsDesktop.App.Ref\8.0.22\ref\net8.0\Microsoft.Win32.Registry.AccessControl.dll" /reference:"C:\Program Files\dotnet\packs\Microsoft.NETCore.App.Ref\8.0.22\ref\net8.0\Microsoft.Win32.Registry.dll" /reference:"C:\Program Files\dotnet\packs\Microsoft.WindowsDesktop.App.Ref\8.0.22\ref\net8.0\Microsoft.Win32.SystemEvents.dll" /reference:C:\Users\PC\.nuget\packages\microsoft.windows.sdk.net.ref\10.0.19041.57\lib\net8.0\Microsoft.Windows.SDK.NET.dll /reference:C:\Users\PC\.nuget\packages\moq\4.20.72\lib\net6.0\Moq.dll /reference:"C:\Program Files\dotnet\packs\Microsoft.NETCore.App.Ref\8.0.22\ref\net8.0\mscorlib.dll" /reference:C:\Users\PC\.nuget\packages\naudio.asio\2.2.1\lib\netstandard2.0\NAudio.Asio.dll /reference:C:\Users\PC\.nuget\packages\naudio.core\2.2.1\lib\netstandard2.0\NAudio.Core.dll /reference:C:\Users\PC\.nuget\packages\naudio\2.2.1\lib\net6.0-windows7.0\NAudio.dll /reference:C:\Users\PC\.nuget\packages\naudio.midi\2.2.1\lib\netstandard2.0\NAudio.Midi.dll /reference:C:\Users\PC\.nuget\packages\naudio.wasapi\2.2.1\lib\netstandard2.0\NAudio.Wasapi.dll /reference:C:\Users\PC\.nuget\packages\naudio.winforms\2.2.1\lib\netcoreapp3.1\NAudio.WinForms.dll /reference:C:\Users\PC\.nuget\packages\naudio.winmm\2.2.1\lib\netstandard2.0\NAudio.WinMM.dll /reference:"C:\Program Files\dotnet\packs\Microsoft.NETCore.App.Ref\8.0.22\ref\net8.0\netstandard.dll" /reference:C:\Users\PC\.nuget\packages\newtonsoft.json\13.0.3\lib\net6.0\Newtonsoft.Json.dll /reference:C:\Users\PC\.nuget\packages\opencvsharp4\4.11.0.20250507\lib\net6.0\OpenCvSharp.dll /reference:C:\Users\PC\.nuget\packages\opencvsharp4.wpfextensions\4.11.0.20250507\lib\net6.0\OpenCvSharp.WpfExtensions.dll /reference:"C:\Program Files\dotnet\packs\Microsoft.WindowsDesktop.App.Ref\8.0.22\ref\net8.0\PresentationCore.dll" /reference:"C:\Program Files\dotnet\packs\Microsoft.WindowsDesktop.App.Ref\8.0.22\ref\net8.0\PresentationFramework.Aero.dll" /reference:"C:\Program Files\dotnet\packs\Microsoft.WindowsDesktop.App.Ref\8.0.22\ref\net8.0\PresentationFramework.Aero2.dll" /reference:"C:\Program Files\dotnet\packs\Microsoft.WindowsDesktop.App.Ref\8.0.22\ref\net8.0\PresentationFramework.AeroLite.dll" /reference:"C:\Program Files\dotnet\packs\Microsoft.WindowsDesktop.App.Ref\8.0.22\ref\net8.0\PresentationFramework.Classic.dll" /reference:"C:\Program Files\dotnet\packs\Microsoft.WindowsDesktop.App.Ref\8.0.22\ref\net8.0\PresentationFramework.dll" /reference:"C:\Program Files\dotnet\packs\Microsoft.WindowsDesktop.App.Ref\8.0.22\ref\net8.0\PresentationFramework.Luna.dll" /reference:"C:\Program Files\dotnet\packs\Microsoft.WindowsDesktop.App.Ref\8.0.22\ref\net8.0\PresentationFramework.Royale.dll" /reference:"C:\Program Files\dotnet\packs\Microsoft.WindowsDesktop.App.Ref\8.0.22\ref\net8.0\PresentationUI.dll" /reference:"C:\Program Files\dotnet\packs\Microsoft.WindowsDesktop.App.Ref\8.0.22\ref\net8.0\ReachFramework.dll" /reference:C:\Users\PC\.nuget\packages\serilog\4.3.0\lib\net8.0\Serilog.dll /reference:C:\Users\PC\.nuget\packages\serilog.sinks.debug\3.0.0\lib\net8.0\Serilog.Sinks.Debug.dll /reference:C:\Users\PC\.nuget\packages\serilog.sinks.file\7.0.0\lib\net8.0\Serilog.Sinks.File.dll /reference:C:\Users\PC\.nuget\packages\sharpgen.runtime.com\2.2.0-beta\lib\net8.0\SharpGen.Runtime.COM.dll /reference:C:\Users\PC\.nuget\packages\sharpgen.runtime\2.2.0-beta\lib\net8.0\SharpGen.Runtime.dll /reference:"C:\Program Files\dotnet\packs\Microsoft.NETCore.App.Ref\8.0.22\ref\net8.0\System.AppContext.dll" /reference:"C:\Program Files\dotnet\packs\Microsoft.NETCore.App.Ref\8.0.22\ref\net8.0\System.Buffers.dll" /reference:C:\Users\PC\.nuget\packages\system.codedom\10.0.0\lib\net8.0\System.CodeDom.dll /reference:"C:\Program Files\dotnet\packs\Microsoft.NETCore.App.Ref\8.0.22\ref\net8.0\System.Collections.Concurrent.dll" /reference:"C:\Program Files\dotnet\packs\Microsoft.NETCore.App.Ref\8.0.22\ref\net8.0\System.Collections.dll" /reference:"C:\Program Files\dotnet\packs\Microsoft.NETCore.App.Ref\8.0.22\ref\net8.0\System.Collections.Immutable.dll" /reference:"C:\Program Files\dotnet\packs\Microsoft.NETCore.App.Ref\8.0.22\ref\net8.0\System.Collections.NonGeneric.dll" /reference:"C:\Program Files\dotnet\packs\Microsoft.NETCore.App.Ref\8.0.22\ref\net8.0\System.Collections.Specialized.dll" /reference:"C:\Program Files\dotnet\packs\Microsoft.NETCore.App.Ref\8.0.22\ref\net8.0\System.ComponentModel.Annotations.dll" /reference:"C:\Program Files\dotnet\packs\Microsoft.NETCore.App.Ref\8.0.22\ref\net8.0\System.ComponentModel.DataAnnotations.dll" /reference:"C:\Program Files\dotnet\packs\Microsoft.NETCore.App.Ref\8.0.22\ref\net8.0\System.ComponentModel.dll" /reference:"C:\Program Files\dotnet\packs\Microsoft.NETCore.App.Ref\8.0.22\ref\net8.0\System.ComponentModel.EventBasedAsync.dll" /reference:"C:\Program Files\dotnet\packs\Microsoft.NETCore.App.Ref\8.0.22\ref\net8.0\System.ComponentModel.Primitives.dll" /reference:"C:\Program Files\dotnet\packs\Microsoft.NETCore.App.Ref\8.0.22\ref\net8.0\System.ComponentModel.TypeConverter.dll" /reference:"C:\Program Files\dotnet\packs\Microsoft.WindowsDesktop.App.Ref\8.0.22\ref\net8.0\System.Configuration.ConfigurationManager.dll" /reference:"C:\Program Files\dotnet\packs\Microsoft.NETCore.App.Ref\8.0.22\ref\net8.0\System.Configuration.dll" /reference:"C:\Program Files\dotnet\packs\Microsoft.NETCore.App.Ref\8.0.22\ref\net8.0\System.Console.dll" /reference:"C:\Program Files\dotnet\packs\Microsoft.NETCore.App.Ref\8.0.22\ref\net8.0\System.Core.dll" /reference:"C:\Program Files\dotnet\packs\Microsoft.NETCore.App.Ref\8.0.22\ref\net8.0\System.Data.Common.dll" /reference:"C:\Program Files\dotnet\packs\Microsoft.NETCore.App.Ref\8.0.22\ref\net8.0\System.Data.DataSetExtensions.dll" /reference:"C:\Program Files\dotnet\packs\Microsoft.NETCore.App.Ref\8.0.22\ref\net8.0\System.Data.dll" /reference:"C:\Program Files\dotnet\packs\Microsoft.WindowsDesktop.App.Ref\8.0.22\ref\net8.0\System.Design.dll" /reference:"C:\Program Files\dotnet\packs\Microsoft.NETCore.App.Ref\8.0.22\ref\net8.0\System.Diagnostics.Contracts.dll" /reference:"C:\Program Files\dotnet\packs\Microsoft.NETCore.App.Ref\8.0.22\ref\net8.0\System.Diagnostics.Debug.dll" /reference:"C:\Program Files\dotnet\packs\Microsoft.NETCore.App.Ref\8.0.22\ref\net8.0\System.Diagnostics.DiagnosticSource.dll" /reference:"C:\Program Files\dotnet\packs\Microsoft.WindowsDesktop.App.Ref\8.0.22\ref\net8.0\System.Diagnostics.EventLog.dll" /reference:"C:\Program Files\dotnet\packs\Microsoft.NETCore.App.Ref\8.0.22\ref\net8.0\System.Diagnostics.FileVersionInfo.dll" /reference:"C:\Program Files\dotnet\packs\Microsoft.WindowsDesktop.App.Ref\8.0.22\ref\net8.0\System.Diagnostics.PerformanceCounter.dll" /reference:"C:\Program Files\dotnet\packs\Microsoft.NETCore.App.Ref\8.0.22\ref\net8.0\System.Diagnostics.Process.dll" /reference:"C:\Program Files\dotnet\packs\Microsoft.NETCore.App.Ref\8.0.22\ref\net8.0\System.Diagnostics.StackTrace.dll" /reference:"C:\Program Files\dotnet\packs\Microsoft.NETCore.App.Ref\8.0.22\ref\net8.0\System.Diagnostics.TextWriterTraceListener.dll" /reference:"C:\Program Files\dotnet\packs\Microsoft.NETCore.App.Ref\8.0.22\ref\net8.0\System.Diagnostics.Tools.dll" /reference:"C:\Program Files\dotnet\packs\Microsoft.NETCore.App.Ref\8.0.22\ref\net8.0\System.Diagnostics.TraceSource.dll" /reference:"C:\Program Files\dotnet\packs\Microsoft.NETCore.App.Ref\8.0.22\ref\net8.0\System.Diagnostics.Tracing.dll" /reference:"C:\Program Files\dotnet\packs\Microsoft.WindowsDesktop.App.Ref\8.0.22\ref\net8.0\System.DirectoryServices.dll" /reference:"C:\Program Files\dotnet\packs\Microsoft.NETCore.App.Ref\8.0.22\ref\net8.0\System.dll" /reference:"C:\Program Files\dotnet\packs\Microsoft.WindowsDesktop.App.Ref\8.0.22\ref\net8.0\System.Drawing.Common.dll" /reference:"C:\Program Files\dotnet\packs\Microsoft.WindowsDesktop.App.Ref\8.0.22\ref\net8.0\System.Drawing.Design.dll" /reference:"C:\Program Files\dotnet\packs\Microsoft.WindowsDesktop.App.Ref\8.0.22\ref\net8.0\System.Drawing.dll" /reference:"C:\Program Files\dotnet\packs\Microsoft.NETCore.App.Ref\8.0.22\ref\net8.0\System.Drawing.Primitives.dll" /reference:"C:\Program Files\dotnet\packs\Microsoft.NETCore.App.Ref\8.0.22\ref\net8.0\System.Dynamic.Runtime.dll" /reference:"C:\Program Files\dotnet\packs\Microsoft.NETCore.App.Ref\8.0.22\ref\net8.0\System.Formats.Asn1.dll" /reference:"C:\Program Files\dotnet\packs\Microsoft.NETCore.App.Ref\8.0.22\ref\net8.0\System.Formats.Tar.dll" /reference:"C:\Program Files\dotnet\packs\Microsoft.NETCore.App.Ref\8.0.22\ref\net8.0\System.Globalization.Calendars.dll" /reference:"C:\Program Files\dotnet\packs\Microsoft.NETCore.App.Ref\8.0.22\ref\net8.0\System.Globalization.dll" /reference:"C:\Program Files\dotnet\packs\Microsoft.NETCore.App.Ref\8.0.22\ref\net8.0\System.Globalization.Extensions.dll" /reference:"C:\Program Files\dotnet\packs\Microsoft.NETCore.App.Ref\8.0.22\ref\net8.0\System.IO.Compression.Brotli.dll" /reference:"C:\Program Files\dotnet\packs\Microsoft.NETCore.App.Ref\8.0.22\ref\net8.0\System.IO.Compression.dll" /reference:"C:\Program Files\dotnet\packs\Microsoft.NETCore.App.Ref\8.0.22\ref\net8.0\System.IO.Compression.FileSystem.dll" /reference:"C:\Program Files\dotnet\packs\Microsoft.NETCore.App.Ref\8.0.22\ref\net8.0\System.IO.Compression.ZipFile.dll" /reference:"C:\Program Files\dotnet\packs\Microsoft.NETCore.App.Ref\8.0.22\ref\net8.0\System.IO.dll" /reference:"C:\Program Files\dotnet\packs\Microsoft.NETCore.App.Ref\8.0.22\ref\net8.0\System.IO.FileSystem.AccessControl.dll" /reference:"C:\Program Files\dotnet\packs\Microsoft.NETCore.App.Ref\8.0.22\ref\net8.0\System.IO.FileSystem.dll" /reference:"C:\Program Files\dotnet\packs\Microsoft.NETCore.App.Ref\8.0.22\ref\net8.0\System.IO.FileSystem.DriveInfo.dll" /reference:"C:\Program Files\dotnet\packs\Microsoft.NETCore.App.Ref\8.0.22\ref\net8.0\System.IO.FileSystem.Primitives.dll" /reference:"C:\Program Files\dotnet\packs\Microsoft.NETCore.App.Ref\8.0.22\ref\net8.0\System.IO.FileSystem.Watcher.dll" /reference:"C:\Program Files\dotnet\packs\Microsoft.NETCore.App.Ref\8.0.22\ref\net8.0\System.IO.IsolatedStorage.dll" /reference:"C:\Program Files\dotnet\packs\Microsoft.NETCore.App.Ref\8.0.22\ref\net8.0\System.IO.MemoryMappedFiles.dll" /reference:"C:\Program Files\dotnet\packs\Microsoft.WindowsDesktop.App.Ref\8.0.22\ref\net8.0\System.IO.Packaging.dll" /reference:"C:\Program Files\dotnet\packs\Microsoft.NETCore.App.Ref\8.0.22\ref\net8.0\System.IO.Pipes.AccessControl.dll" /reference:"C:\Program Files\dotnet\packs\Microsoft.NETCore.App.Ref\8.0.22\ref\net8.0\System.IO.Pipes.dll" /reference:"C:\Program Files\dotnet\packs\Microsoft.NETCore.App.Ref\8.0.22\ref\net8.0\System.IO.UnmanagedMemoryStream.dll" /reference:"C:\Program Files\dotnet\packs\Microsoft.NETCore.App.Ref\8.0.22\ref\net8.0\System.Linq.dll" /reference:"C:\Program Files\dotnet\packs\Microsoft.NETCore.App.Ref\8.0.22\ref\net8.0\System.Linq.Expressions.dll" /reference:"C:\Program Files\dotnet\packs\Microsoft.NETCore.App.Ref\8.0.22\ref\net8.0\System.Linq.Parallel.dll" /reference:"C:\Program Files\dotnet\packs\Microsoft.NETCore.App.Ref\8.0.22\ref\net8.0\System.Linq.Queryable.dll" /reference:C:\Users\PC\.nuget\packages\system.management\10.0.0\lib\net8.0\System.Management.dll /reference:"C:\Program Files\dotnet\packs\Microsoft.NETCore.App.Ref\8.0.22\ref\net8.0\System.Memory.dll" /reference:"C:\Program Files\dotnet\packs\Microsoft.NETCore.App.Ref\8.0.22\ref\net8.0\System.Net.dll" /reference:"C:\Program Files\dotnet\packs\Microsoft.NETCore.App.Ref\8.0.22\ref\net8.0\System.Net.Http.dll" /reference:"C:\Program Files\dotnet\packs\Microsoft.NETCore.App.Ref\8.0.22\ref\net8.0\System.Net.Http.Json.dll" /reference:"C:\Program Files\dotnet\packs\Microsoft.NETCore.App.Ref\8.0.22\ref\net8.0\System.Net.HttpListener.dll" /reference:"C:\Program Files\dotnet\packs\Microsoft.NETCore.App.Ref\8.0.22\ref\net8.0\System.Net.Mail.dll" /reference:"C:\Program Files\dotnet\packs\Microsoft.NETCore.App.Ref\8.0.22\ref\net8.0\System.Net.NameResolution.dll" /reference:"C:\Program Files\dotnet\packs\Microsoft.NETCore.App.Ref\8.0.22\ref\net8.0\System.Net.NetworkInformation.dll" /reference:"C:\Program Files\dotnet\packs\Microsoft.NETCore.App.Ref\8.0.22\ref\net8.0\System.Net.Ping.dll" /reference:"C:\Program Files\dotnet\packs\Microsoft.NETCore.App.Ref\8.0.22\ref\net8.0\System.Net.Primitives.dll" /reference:"C:\Program Files\dotnet\packs\Microsoft.NETCore.App.Ref\8.0.22\ref\net8.0\System.Net.Quic.dll" /reference:"C:\Program Files\dotnet\packs\Microsoft.NETCore.App.Ref\8.0.22\ref\net8.0\System.Net.Requests.dll" /reference:"C:\Program Files\dotnet\packs\Microsoft.NETCore.App.Ref\8.0.22\ref\net8.0\System.Net.Security.dll" /reference:"C:\Program Files\dotnet\packs\Microsoft.NETCore.App.Ref\8.0.22\ref\net8.0\System.Net.ServicePoint.dll" /reference:"C:\Program Files\dotnet\packs\Microsoft.NETCore.App.Ref\8.0.22\ref\net8.0\System.Net.Sockets.dll" /reference:"C:\Program Files\dotnet\packs\Microsoft.NETCore.App.Ref\8.0.22\ref\net8.0\System.Net.WebClient.dll" /reference:"C:\Program Files\dotnet\packs\Microsoft.NETCore.App.Ref\8.0.22\ref\net8.0\System.Net.WebHeaderCollection.dll" /reference:"C:\Program Files\dotnet\packs\Microsoft.NETCore.App.Ref\8.0.22\ref\net8.0\System.Net.WebProxy.dll" /reference:"C:\Program Files\dotnet\packs\Microsoft.NETCore.App.Ref\8.0.22\ref\net8.0\System.Net.WebSockets.Client.dll" /reference:"C:\Program Files\dotnet\packs\Microsoft.NETCore.App.Ref\8.0.22\ref\net8.0\System.Net.WebSockets.dll" /reference:"C:\Program Files\dotnet\packs\Microsoft.NETCore.App.Ref\8.0.22\ref\net8.0\System.Numerics.dll" /reference:"C:\Program Files\dotnet\packs\Microsoft.NETCore.App.Ref\8.0.22\ref\net8.0\System.Numerics.Vectors.dll" /reference:"C:\Program Files\dotnet\packs\Microsoft.NETCore.App.Ref\8.0.22\ref\net8.0\System.ObjectModel.dll" /reference:"C:\Program Files\dotnet\packs\Microsoft.WindowsDesktop.App.Ref\8.0.22\ref\net8.0\System.Printing.dll" /reference:"C:\Program Files\dotnet\packs\Microsoft.NETCore.App.Ref\8.0.22\ref\net8.0\System.Reflection.DispatchProxy.dll" /reference:"C:\Program Files\dotnet\packs\Microsoft.NETCore.App.Ref\8.0.22\ref\net8.0\System.Reflection.dll" /reference:"C:\Program Files\dotnet\packs\Microsoft.NETCore.App.Ref\8.0.22\ref\net8.0\System.Reflection.Emit.dll" /reference:"C:\Program Files\dotnet\packs\Microsoft.NETCore.App.Ref\8.0.22\ref\net8.0\System.Reflection.Emit.ILGeneration.dll" /reference:"C:\Program Files\dotnet\packs\Microsoft.NETCore.App.Ref\8.0.22\ref\net8.0\System.Reflection.Emit.Lightweight.dll" /reference:"C:\Program Files\dotnet\packs\Microsoft.NETCore.App.Ref\8.0.22\ref\net8.0\System.Reflection.Extensions.dll" /reference:"C:\Program Files\dotnet\packs\Microsoft.NETCore.App.Ref\8.0.22\ref\net8.0\System.Reflection.Metadata.dll" /reference:"C:\Program Files\dotnet\packs\Microsoft.NETCore.App.Ref\8.0.22\ref\net8.0\System.Reflection.Primitives.dll" /reference:"C:\Program Files\dotnet\packs\Microsoft.NETCore.App.Ref\8.0.22\ref\net8.0\System.Reflection.TypeExtensions.dll" /reference:"C:\Program Files\dotnet\packs\Microsoft.WindowsDesktop.App.Ref\8.0.22\ref\net8.0\System.Resources.Extensions.dll" /reference:"C:\Program Files\dotnet\packs\Microsoft.NETCore.App.Ref\8.0.22\ref\net8.0\System.Resources.Reader.dll" /reference:"C:\Program Files\dotnet\packs\Microsoft.NETCore.App.Ref\8.0.22\ref\net8.0\System.Resources.ResourceManager.dll" /reference:"C:\Program Files\dotnet\packs\Microsoft.NETCore.App.Ref\8.0.22\ref\net8.0\System.Resources.Writer.dll" /reference:"C:\Program Files\dotnet\packs\Microsoft.NETCore.App.Ref\8.0.22\ref\net8.0\System.Runtime.CompilerServices.Unsafe.dll" /reference:"C:\Program Files\dotnet\packs\Microsoft.NETCore.App.Ref\8.0.22\ref\net8.0\System.Runtime.CompilerServices.VisualC.dll" /reference:"C:\Program Files\dotnet\packs\Microsoft.NETCore.App.Ref\8.0.22\ref\net8.0\System.Runtime.dll" /reference:"C:\Program Files\dotnet\packs\Microsoft.NETCore.App.Ref\8.0.22\ref\net8.0\System.Runtime.Extensions.dll" /reference:"C:\Program Files\dotnet\packs\Microsoft.NETCore.App.Ref\8.0.22\ref\net8.0\System.Runtime.Handles.dll" /reference:"C:\Program Files\dotnet\packs\Microsoft.NETCore.App.Ref\8.0.22\ref\net8.0\System.Runtime.InteropServices.dll" /reference:"C:\Program Files\dotnet\packs\Microsoft.NETCore.App.Ref\8.0.22\ref\net8.0\System.Runtime.InteropServices.JavaScript.dll" /reference:"C:\Program Files\dotnet\packs\Microsoft.NETCore.App.Ref\8.0.22\ref\net8.0\System.Runtime.InteropServices.RuntimeInformation.dll" /reference:"C:\Program Files\dotnet\packs\Microsoft.NETCore.App.Ref\8.0.22\ref\net8.0\System.Runtime.Intrinsics.dll" /reference:"C:\Program Files\dotnet\packs\Microsoft.NETCore.App.Ref\8.0.22\ref\net8.0\System.Runtime.Loader.dll" /reference:"C:\Program Files\dotnet\packs\Microsoft.NETCore.App.Ref\8.0.22\ref\net8.0\System.Runtime.Numerics.dll" /reference:"C:\Program Files\dotnet\packs\Microsoft.NETCore.App.Ref\8.0.22\ref\net8.0\System.Runtime.Serialization.dll" /reference:"C:\Program Files\dotnet\packs\Microsoft.NETCore.App.Ref\8.0.22\ref\net8.0\System.Runtime.Serialization.Formatters.dll" /reference:"C:\Program Files\dotnet\packs\Microsoft.NETCore.App.Ref\8.0.22\ref\net8.0\System.Runtime.Serialization.Json.dll" /reference:"C:\Program Files\dotnet\packs\Microsoft.NETCore.App.Ref\8.0.22\ref\net8.0\System.Runtime.Serialization.Primitives.dll" /reference:"C:\Program Files\dotnet\packs\Microsoft.NETCore.App.Ref\8.0.22\ref\net8.0\System.Runtime.Serialization.Xml.dll" /reference:"C:\Program Files\dotnet\packs\Microsoft.NETCore.App.Ref\8.0.22\ref\net8.0\System.Security.AccessControl.dll" /reference:"C:\Program Files\dotnet\packs\Microsoft.NETCore.App.Ref\8.0.22\ref\net8.0\System.Security.Claims.dll" /reference:"C:\Program Files\dotnet\packs\Microsoft.NETCore.App.Ref\8.0.22\ref\net8.0\System.Security.Cryptography.Algorithms.dll" /reference:"C:\Program Files\dotnet\packs\Microsoft.NETCore.App.Ref\8.0.22\ref\net8.0\System.Security.Cryptography.Cng.dll" /reference:"C:\Program Files\dotnet\packs\Microsoft.NETCore.App.Ref\8.0.22\ref\net8.0\System.Security.Cryptography.Csp.dll" /reference:"C:\Program Files\dotnet\packs\Microsoft.NETCore.App.Ref\8.0.22\ref\net8.0\System.Security.Cryptography.dll" /reference:"C:\Program Files\dotnet\packs\Microsoft.NETCore.App.Ref\8.0.22\ref\net8.0\System.Security.Cryptography.Encoding.dll" /reference:"C:\Program Files\dotnet\packs\Microsoft.NETCore.App.Ref\8.0.22\ref\net8.0\System.Security.Cryptography.OpenSsl.dll" /reference:"C:\Program Files\dotnet\packs\Microsoft.WindowsDesktop.App.Ref\8.0.22\ref\net8.0\System.Security.Cryptography.Pkcs.dll" /reference:"C:\Program Files\dotnet\packs\Microsoft.NETCore.App.Ref\8.0.22\ref\net8.0\System.Security.Cryptography.Primitives.dll" /reference:"C:\Program Files\dotnet\packs\Microsoft.WindowsDesktop.App.Ref\8.0.22\ref\net8.0\System.Security.Cryptography.ProtectedData.dll" /reference:"C:\Program Files\dotnet\packs\Microsoft.NETCore.App.Ref\8.0.22\ref\net8.0\System.Security.Cryptography.X509Certificates.dll" /reference:"C:\Program Files\dotnet\packs\Microsoft.WindowsDesktop.App.Ref\8.0.22\ref\net8.0\System.Security.Cryptography.Xml.dll" /reference:"C:\Program Files\dotnet\packs\Microsoft.NETCore.App.Ref\8.0.22\ref\net8.0\System.Security.dll" /reference:"C:\Program Files\dotnet\packs\Microsoft.WindowsDesktop.App.Ref\8.0.22\ref\net8.0\System.Security.Permissions.dll" /reference:"C:\Program Files\dotnet\packs\Microsoft.NETCore.App.Ref\8.0.22\ref\net8.0\System.Security.Principal.dll" /reference:"C:\Program Files\dotnet\packs\Microsoft.NETCore.App.Ref\8.0.22\ref\net8.0\System.Security.Principal.Windows.dll" /reference:"C:\Program Files\dotnet\packs\Microsoft.NETCore.App.Ref\8.0.22\ref\net8.0\System.Security.SecureString.dll" /reference:"C:\Program Files\dotnet\packs\Microsoft.NETCore.App.Ref\8.0.22\ref\net8.0\System.ServiceModel.Web.dll" /reference:"C:\Program Files\dotnet\packs\Microsoft.NETCore.App.Ref\8.0.22\ref\net8.0\System.ServiceProcess.dll" /reference:"C:\Program Files\dotnet\packs\Microsoft.NETCore.App.Ref\8.0.22\ref\net8.0\System.Text.Encoding.CodePages.dll" /reference:"C:\Program Files\dotnet\packs\Microsoft.NETCore.App.Ref\8.0.22\ref\net8.0\System.Text.Encoding.dll" /reference:"C:\Program Files\dotnet\packs\Microsoft.NETCore.App.Ref\8.0.22\ref\net8.0\System.Text.Encoding.Extensions.dll" /reference:"C:\Program Files\dotnet\packs\Microsoft.NETCore.App.Ref\8.0.22\ref\net8.0\System.Text.Encodings.Web.dll" /reference:"C:\Program Files\dotnet\packs\Microsoft.NETCore.App.Ref\8.0.22\ref\net8.0\System.Text.Json.dll" /reference:"C:\Program Files\dotnet\packs\Microsoft.NETCore.App.Ref\8.0.22\ref\net8.0\System.Text.RegularExpressions.dll" /reference:"C:\Program Files\dotnet\packs\Microsoft.WindowsDesktop.App.Ref\8.0.22\ref\net8.0\System.Threading.AccessControl.dll" /reference:"C:\Program Files\dotnet\packs\Microsoft.NETCore.App.Ref\8.0.22\ref\net8.0\System.Threading.Channels.dll" /reference:"C:\Program Files\dotnet\packs\Microsoft.NETCore.App.Ref\8.0.22\ref\net8.0\System.Threading.dll" /reference:"C:\Program Files\dotnet\packs\Microsoft.NETCore.App.Ref\8.0.22\ref\net8.0\System.Threading.Overlapped.dll" /reference:"C:\Program Files\dotnet\packs\Microsoft.NETCore.App.Ref\8.0.22\ref\net8.0\System.Threading.Tasks.Dataflow.dll" /reference:"C:\Program Files\dotnet\packs\Microsoft.NETCore.App.Ref\8.0.22\ref\net8.0\System.Threading.Tasks.dll" /reference:"C:\Program Files\dotnet\packs\Microsoft.NETCore.App.Ref\8.0.22\ref\net8.0\System.Threading.Tasks.Extensions.dll" /reference:"C:\Program Files\dotnet\packs\Microsoft.NETCore.App.Ref\8.0.22\ref\net8.0\System.Threading.Tasks.Parallel.dll" /reference:"C:\Program Files\dotnet\packs\Microsoft.NETCore.App.Ref\8.0.22\ref\net8.0\System.Threading.Thread.dll" /reference:"C:\Program Files\dotnet\packs\Microsoft.NETCore.App.Ref\8.0.22\ref\net8.0\System.Threading.ThreadPool.dll" /reference:"C:\Program Files\dotnet\packs\Microsoft.NETCore.App.Ref\8.0.22\ref\net8.0\System.Threading.Timer.dll" /reference:"C:\Program Files\dotnet\packs\Microsoft.NETCore.App.Ref\8.0.22\ref\net8.0\System.Transactions.dll" /reference:"C:\Program Files\dotnet\packs\Microsoft.NETCore.App.Ref\8.0.22\ref\net8.0\System.Transactions.Local.dll" /reference:"C:\Program Files\dotnet\packs\Microsoft.NETCore.App.Ref\8.0.22\ref\net8.0\System.ValueTuple.dll" /reference:"C:\Program Files\dotnet\packs\Microsoft.NETCore.App.Ref\8.0.22\ref\net8.0\System.Web.dll" /reference:"C:\Program Files\dotnet\packs\Microsoft.NETCore.App.Ref\8.0.22\ref\net8.0\System.Web.HttpUtility.dll" /reference:"C:\Program Files\dotnet\packs\Microsoft.WindowsDesktop.App.Ref\8.0.22\ref\net8.0\System.Windows.Controls.Ribbon.dll" /reference:"C:\Program Files\dotnet\packs\Microsoft.NETCore.App.Ref\8.0.22\ref\net8.0\System.Windows.dll" /reference:"C:\Program Files\dotnet\packs\Microsoft.WindowsDesktop.App.Ref\8.0.22\ref\net8.0\System.Windows.Extensions.dll" /reference:"C:\Program Files\dotnet\packs\Microsoft.WindowsDesktop.App.Ref\8.0.22\ref\net8.0\System.Windows.Forms.Design.dll" /reference:"C:\Program Files\dotnet\packs\Microsoft.WindowsDesktop.App.Ref\8.0.22\ref\net8.0\System.Windows.Forms.Design.Editors.dll" /reference:"C:\Program Files\dotnet\packs\Microsoft.WindowsDesktop.App.Ref\8.0.22\ref\net8.0\System.Windows.Forms.dll" /reference:"C:\Program Files\dotnet\packs\Microsoft.WindowsDesktop.App.Ref\8.0.22\ref\net8.0\System.Windows.Forms.Primitives.dll" /reference:"C:\Program Files\dotnet\packs\Microsoft.WindowsDesktop.App.Ref\8.0.22\ref\net8.0\System.Windows.Input.Manipulations.dll" /reference:"C:\Program Files\dotnet\packs\Microsoft.WindowsDesktop.App.Ref\8.0.22\ref\net8.0\System.Windows.Presentation.dll" /reference:"C:\Program Files\dotnet\packs\Microsoft.WindowsDesktop.App.Ref\8.0.22\ref\net8.0\System.Xaml.dll" /reference:"C:\Program Files\dotnet\packs\Microsoft.NETCore.App.Ref\8.0.22\ref\net8.0\System.Xml.dll" /reference:"C:\Program Files\dotnet\packs\Microsoft.NETCore.App.Ref\8.0.22\ref\net8.0\System.Xml.Linq.dll" /reference:"C:\Program Files\dotnet\packs\Microsoft.NETCore.App.Ref\8.0.22\ref\net8.0\System.Xml.ReaderWriter.dll" /reference:"C:\Program Files\dotnet\packs\Microsoft.NETCore.App.Ref\8.0.22\ref\net8.0\System.Xml.Serialization.dll" /reference:"C:\Program Files\dotnet\packs\Microsoft.NETCore.App.Ref\8.0.22\ref\net8.0\System.Xml.XDocument.dll" /reference:"C:\Program Files\dotnet\packs\Microsoft.NETCore.App.Ref\8.0.22\ref\net8.0\System.Xml.XmlDocument.dll" /reference:"C:\Program Files\dotnet\packs\Microsoft.NETCore.App.Ref\8.0.22\ref\net8.0\System.Xml.XmlSerializer.dll" /reference:"C:\Program Files\dotnet\packs\Microsoft.NETCore.App.Ref\8.0.22\ref\net8.0\System.Xml.XPath.dll" /reference:"C:\Program Files\dotnet\packs\Microsoft.NETCore.App.Ref\8.0.22\ref\net8.0\System.Xml.XPath.XDocument.dll" /reference:C:\Users\PC\.nuget\packages\microsoft.testplatform.testhost\17.12.0\lib\netcoreapp3.1\testhost.dll /reference:"C:\Program Files\dotnet\packs\Microsoft.WindowsDesktop.App.Ref\8.0.22\ref\net8.0\UIAutomationClient.dll" /reference:"C:\Program Files\dotnet\packs\Microsoft.WindowsDesktop.App.Ref\8.0.22\ref\net8.0\UIAutomationClientSideProviders.dll" /reference:"C:\Program Files\dotnet\packs\Microsoft.WindowsDesktop.App.Ref\8.0.22\ref\net8.0\UIAutomationProvider.dll" /reference:"C:\Program Files\dotnet\packs\Microsoft.WindowsDesktop.App.Ref\8.0.22\ref\net8.0\UIAutomationTypes.dll" /reference:C:\Users\PC\Documents\UniCast\UniCast.App\obj\Debug\net8.0-windows10.0.19041.0\ref\UniCast.App.dll /reference:C:\Users\PC\Documents\UniCast\Unicast.Capture\obj\Debug\net8.0-windows10.0.19041.0\ref\Unicast.Capture.dll /reference:C:\Users\PC\Documents\UniCast\UniCast.Config\obj\Debug\net8.0\ref\UniCast.Config.dll /reference:C:\Users\PC\Documents\UniCast\UniCast.Core\obj\Debug\net8.0\ref\UniCast.Core.dll /reference:C:\Users\PC\Documents\UniCast\UniCast.Encoder\obj\Debug\net8.0-windows\ref\UniCast.Encoder.dll /reference:C:\Users\PC\Documents\UniCast\UniCast.Licensing\obj\Debug\net8.0-windows\ref\UniCast.Licensing.dll /reference:C:\Users\PC\.nuget\packages\vortice.d3dcompiler\3.6.2\lib\net8.0\Vortice.D3DCompiler.dll /reference:C:\Users\PC\.nuget\packages\vortice.direct3d11\3.6.2\lib\net8.0\Vortice.Direct3D11.dll /reference:C:\Users\PC\.nuget\packages\vortice.directx\3.6.2\lib\net8.0-windows10.0.19041\Vortice.DirectX.dll /reference:C:\Users\PC\.nuget\packages\vortice.dxgi\3.6.2\lib\net8.0-windows10.0.19041\Vortice.DXGI.dll /reference:C:\Users\PC\.nuget\packages\vortice.mathematics\1.9.2\lib\net8.0-windows10.0.19041\Vortice.Mathematics.dll /reference:"C:\Program Files\dotnet\packs\Microsoft.WindowsDesktop.App.Ref\8.0.22\ref\net8.0\WindowsBase.dll" /reference:"C:\Program Files\dotnet\packs\Microsoft.WindowsDesktop.App.Ref\8.0.22\ref\net8.0\WindowsFormsIntegration.dll" /reference:C:\Users\PC\.nuget\packages\microsoft.windows.sdk.net.ref\10.0.19041.57\lib\net8.0\WinRT.Runtime.dll /reference:C:\Users\PC\.nuget\packages\xunit.abstractions\2.0.3\lib\netstandard2.0\xunit.abstractions.dll /reference:C:\Users\PC\.nuget\packages\xunit.assert\2.9.2\lib\net6.0\xunit.assert.dll /reference:C:\Users\PC\.nuget\packages\xunit.extensibility.core\2.9.2\lib\netstandard1.1\xunit.core.dll /reference:C:\Users\PC\.nuget\packages\xunit.extensibility.execution\2.9.2\lib\netstandard1.1\xunit.execution.dotnet.dll /debug+ /debug:portable /filealign:512 /optimize- /out:obj\Debug\net8.0-windows10.0.19041.0\UniCast.Tests.dll /refout:obj\Debug\net8.0-windows10.0.19041.0\refint\UniCast.Tests.dll /target:exe /warnaserror- /utf8output /deterministic+ /sourcelink:obj\Debug\net8.0-windows10.0.19041.0\UniCast.Tests.sourcelink.json /langversion:12.0 /embed:C:\Users\PC\.nuget\packages\microsoft.net.test.sdk\17.12.0\build\netcoreapp3.1\Microsoft.NET.Test.Sdk.Program.cs /embed:obj\Debug\net8.0-windows10.0.19041.0\UniCast.Tests.GlobalUsings.g.cs /embed:"obj\Debug\net8.0-windows10.0.19041.0\.NETCoreApp,Version=v8.0.AssemblyAttributes.cs" /embed:obj\Debug\net8.0-windows10.0.19041.0\UniCast.Tests.AssemblyInfo.cs /analyzerconfig:obj\Debug\net8.0-windows10.0.19041.0\UniCast.Tests.GeneratedMSBuildEditorConfig.editorconfig /analyzerconfig:"C:\Program Files\dotnet\sdk\10.0.100\Sdks\Microsoft.NET.Sdk\analyzers\build\config\analysislevel_8_default.globalconfig" /analyzer:"C:\Program Files\dotnet\sdk\10.0.100\Sdks\Microsoft.NET.Sdk\targets\..\analyzers\Microsoft.CodeAnalysis.CSharp.NetAnalyzers.dll" /analyzer:"C:\Program Files\dotnet\sdk\10.0.100\Sdks\Microsoft.NET.Sdk\targets\..\analyzers\Microsoft.CodeAnalysis.NetAnalyzers.dll" /analyzer:C:\Users\PC\.nuget\packages\xunit.analyzers\1.16.0\analyzers\dotnet\cs\xunit.analyzers.dll /analyzer:C:\Users\PC\.nuget\packages\xunit.analyzers\1.16.0\analyzers\dotnet\cs\xunit.analyzers.fixes.dll /analyzer:"C:\Program Files\dotnet\packs\Microsoft.NETCore.App.Ref\8.0.22\analyzers/dotnet/cs/Microsoft.Interop.ComInterfaceGenerator.dll" /analyzer:"C:\Program Files\dotnet\packs\Microsoft.NETCore.App.Ref\8.0.22\analyzers/dotnet/cs/Microsoft.Interop.JavaScript.JSImportGenerator.dll" /analyzer:"C:\Program Files\dotnet\packs\Microsoft.NETCore.App.Ref\8.0.22\analyzers/dotnet/cs/Microsoft.Interop.LibraryImportGenerator.dll" /analyzer:"C:\Program Files\dotnet\packs\Microsoft.NETCore.App.Ref\8.0.22\analyzers/dotnet/cs/Microsoft.Interop.SourceGeneration.dll" /analyzer:"C:\Program Files\dotnet\packs\Microsoft.NETCore.App.Ref\8.0.22\analyzers/dotnet/cs/System.Text.Json.SourceGeneration.dll" /analyzer:"C:\Program Files\dotnet\packs\Microsoft.NETCore.App.Ref\8.0.22\analyzers/dotnet/cs/System.Text.RegularExpressions.Generator.dll" /analyzer:C:\Users\PC\.nuget\packages\microsoft.windows.sdk.net.ref\10.0.19041.57\analyzers/dotnet/cs/WinRT.SourceGenerator.dll /analyzer:"C:\Program Files\dotnet\packs\Microsoft.WindowsDesktop.App.Ref\8.0.22\analyzers/dotnet/System.Windows.Forms.Analyzers.dll" /analyzer:"C:\Program Files\dotnet\packs\Microsoft.WindowsDesktop.App.Ref\8.0.22\analyzers/dotnet/cs/System.Windows.Forms.Analyzers.CSharp.dll" Core\ChatBusTests.cs GlobalUsings.cs Helpers\TestHelpers.cs Licensing\LicenseModelTests.cs Services\FrameBufferPoolTests.cs Services\HardwareEncoderServiceTests.cs Services\SettingsDataTests.cs Services\StreamControllerTests.cs C:\Users\PC\.nuget\packages\microsoft.net.test.sdk\17.12.0\build\netcoreapp3.1\Microsoft.NET.Test.Sdk.Program.cs obj\Debug\net8.0-windows10.0.19041.0\UniCast.Tests.GlobalUsings.g.cs "obj\Debug\net8.0-windows10.0.19041.0\.NETCoreApp,Version=v8.0.AssemblyAttributes.cs" obj\Debug\net8.0-windows10.0.19041.0\UniCast.Tests.AssemblyInfo.cs /warnaserror+:NU1605,SYSLIB0011'
         Attempt to open named pipe 'VJ6jP7ns4k7WzHApVoaqyC+TCssYkENCxZIKZg3UAY8'
         Attempt to connect named pipe 'VJ6jP7ns4k7WzHApVoaqyC+TCssYkENCxZIKZg3UAY8'
         Named pipe 'VJ6jP7ns4k7WzHApVoaqyC+TCssYkENCxZIKZg3UAY8' connected
         Begin writing request for UniCast.Tests (net8.0-windows10.0.19041.0)
         End writing request for UniCast.Tests (net8.0-windows10.0.19041.0)
         Begin reading response for UniCast.Tests (net8.0-windows10.0.19041.0)
         End reading response for UniCast.Tests (net8.0-windows10.0.19041.0)
         CompilerServer: server - server processed compilation - UniCast.Tests (net8.0-windows10.0.19041.0)
       _CopyFilesMarkedCopyLocal:
         Dosya "C:\Users\PC\Documents\UniCast\UniCast.App\bin\Debug\net8.0-windows10.0.19041.0\UniCast.App.pdb" konumundan "C:\Users\PC\Documents\UniCast\UniCast.Tests\bin\Debug\net8.0-windows10.0.19041.0\UniCast.App.pdb" konumuna kopyalan¦-yor.
         Dosya "C:\Users\PC\Documents\UniCast\Unicast.Capture\bin\Debug\net8.0-windows10.0.19041.0\Unicast.Capture.dll" konumundan "C:\Users\PC\Documents\UniCast\UniCast.Tests\bin\Debug\net8.0-windows10.0.19041.0\Unicast.Capture.dll" konumuna kopyalan¦-yor.
         Dosya "C:\Users\PC\Documents\UniCast\UniCast.App\bin\Debug\net8.0-windows10.0.19041.0\UniCast.App.dll" konumundan "C:\Users\PC\Documents\UniCast\UniCast.Tests\bin\Debug\net8.0-windows10.0.19041.0\UniCast.App.dll" konumuna kopyalan¦-yor.
         Dosya "C:\Users\PC\Documents\UniCast\Unicast.Capture\bin\Debug\net8.0-windows10.0.19041.0\Unicast.Capture.pdb" konumundan "C:\Users\PC\Documents\UniCast\UniCast.Tests\bin\Debug\net8.0-windows10.0.19041.0\Unicast.Capture.pdb" konumuna kopyalan¦-yor.
         "C:\Users\PC\Documents\UniCast\UniCast.Tests\obj\Debug\net8.0-windows10.0.19041.0\UniCast..7D717996.Up2Date" +Â¦şesine eri+şiliyor.
       _CopyOutOfDateSourceItemsToOutputDirectory:
       Baz¦- +ğ¦-k¦-+ş dosyalar¦-, giri+ş dosyalar¦-na g+Âre g+-ncel durumda olmad¦-¦ş¦-ndan "_CopyOutOfDateSourceItemsToOutputDirectory" hedefi k¦-smen olu+şturuluyor.
         Dosya "C:\Users\PC\Documents\UniCast\UniCast.App\bin\Debug\net8.0-windows10.0.19041.0\UniCast.App.runtimeconfig.json" konumundan "C:\Users\PC\Documents\UniCast\UniCast.Tests\bin\Debug\net8.0-windows10.0.19041.0\UniCast.App.runtimeconfig.json" konumuna kopyalan¦-yor.
         Dosya "C:\Users\PC\Documents\UniCast\UniCast.App\bin\Debug\net8.0-windows10.0.19041.0\UniCast.App.deps.json" konumundan "C:\Users\PC\Documents\UniCast\UniCast.Tests\bin\Debug\net8.0-windows10.0.19041.0\UniCast.App.deps.json" konumuna kopyalan¦-yor.
         Dosya "C:\Users\PC\Documents\UniCast\UniCast.App\obj\Debug\net8.0-windows10.0.19041.0\apphost.exe" konumundan "C:\Users\PC\Documents\UniCast\UniCast.Tests\bin\Debug\net8.0-windows10.0.19041.0\UniCast.App.exe" konumuna kopyalan¦-yor.
       CopyFilesToOutputDirectory:
         Dosya "C:\Users\PC\Documents\UniCast\UniCast.Tests\obj\Debug\net8.0-windows10.0.19041.0\UniCast.Tests.dll" konumundan "C:\Users\PC\Documents\UniCast\UniCast.Tests\bin\Debug\net8.0-windows10.0.19041.0\UniCast.Tests.dll" konumuna kopyalan¦-yor.
         UniCast.Tests -> C:\Users\PC\Documents\UniCast\UniCast.Tests\bin\Debug\net8.0-windows10.0.19041.0\UniCast.Tests.dll
         Dosya "C:\Users\PC\Documents\UniCast\UniCast.Tests\obj\Debug\net8.0-windows10.0.19041.0\UniCast.Tests.pdb" konumundan "C:\Users\PC\Documents\UniCast\UniCast.Tests\bin\Debug\net8.0-windows10.0.19041.0\UniCast.Tests.pdb" konumuna kopyalan¦-yor.
     1>"C:\Users\PC\Documents\UniCast\UniCast.Tests\UniCast.Tests.csproj" Projesini Olu+şturma ¦-+şlemi Tamamland¦- (varsay¦-lan hedefler).
     1>BuildProject:
         Derleme tamamland¦-.
         
C:\Users\PC\Documents\UniCast\UniCast.Tests\bin\Debug\net8.0-windows10.0.19041.0\UniCast.Tests.dll (.NETCoreApp,Version=v8.0) i+ğin test +ğal¦-+şt¦-rmas¦-
VSTest s+-r+-m+- 18.0.1 (x64)

Test y+-r+-tmesi ba+şlat¦-l¦-yor, l+-tfen bekleyin...
Toplam 1 test dosyas¦- belirtilen desenle e+şle+şti.
[xUnit.net 00:00:00.00] xUnit.net VSTest Adapter v2.8.2+699d445a1a (64-bit .NET 8.0.22)
[xUnit.net 00:00:00.04]   Discovering: UniCast.Tests
[xUnit.net 00:00:00.18]   Discovered:  UniCast.Tests
[xUnit.net 00:00:00.18]   Starting:    UniCast.Tests
  Ba+şar¦-l¦- UniCast.Tests.Services.StreamStateTests.ShouldHaveCorrectIntValues(state: Error, expected: 4) [14 ms]
  Ba+şar¦-l¦- UniCast.Tests.Services.EncoderParametersTests.ToFfmpegArgs_WithEmptyPreset_ShouldNotIncludePreset [14 ms]
  Ba+şar¦-l¦- UniCast.Tests.Licensing.LicenseTypeTests.LicenseType_ShouldHaveExpectedValues [14 ms]
  Ba+şar¦-l¦- UniCast.Tests.Services.StreamStatisticsTests.NewInstance_ShouldHaveDefaultValues [14 ms]
  Ba+şar¦-l¦- UniCast.Tests.Services.GpuInfoTests.VramGb_ShouldCalculateCorrectly(bytes: 4294967296, expectedGb: 4) [14 ms]
  Ba+şar¦-l¦- UniCast.Tests.Services.EncoderBenchmarkResultTests.FailedBenchmark_ShouldHaveErrorMessage [14 ms]
  Ba+şar¦-l¦- UniCast.Tests.Licensing.HardwareActivationTests.HardwareActivation_WithValues_ShouldRetainValues [14 ms]
  Ba+şar¦-l¦- UniCast.Tests.Services.StreamConfigurationTests.WithCustomValues_ShouldRetainValues [14 ms]
  Ba+şar¦-l¦- UniCast.Tests.Services.StreamControllerInstanceTests.Instance_ShouldBeSingleton [14 ms]
  Ba+şar¦-l¦- UniCast.Tests.Services.FrameSizesTests.FrameSizes_ShouldMatchExpectedValues(width: 1280, height: 720, bytesPerPixel: 4, expected: 3686400) [14 ms]
  Ba+şar¦-l¦- UniCast.Tests.Services.HardwareEncoderServiceInstanceTests.BestEncoder_WhenNoEncoders_ShouldBeNull [14 ms]
  Ba+şar¦-l¦- UniCast.Tests.Services.StreamStatisticsEventArgsTests.Constructor_ShouldSetStatistics [14 ms]
  Ba+şar¦-l¦- UniCast.Tests.Core.ChatBusTests.PublishAsync_WithCancelledToken_ShouldNotPublish [14 ms]
  Ba+şar¦-l¦- UniCast.Tests.Services.StreamInfoTests.NewInstance_ShouldHaveDefaultValues [14 ms]
  Ba+şar¦-l¦- UniCast.Tests.Services.HardwareEncoderTypeTests.ShouldHaveAllExpectedValues [14 ms]
  Ba+şar¦-l¦- UniCast.Tests.Services.StreamStateChangedEventArgsTests.Constructor_ShouldSetNewState(state: Stopped) [14 ms]
  Ba+şar¦-l¦- UniCast.Tests.Services.HardwareEncoderModelTests.NvencH264_Example_ShouldRetainValues [14 ms]
  Ba+şar¦-l¦- UniCast.Tests.Services.StreamControllerSecurityTests.MaskSensitiveUrl_WithEmptyOrNull_ShouldReturnSame(input: "", expected: "") [14 ms]
  Ba+şar¦-l¦- UniCast.Tests.Licensing.LicenseValidationResultTests.Failure_ShouldCreateInvalidResult [14 ms]
  Ba+şar¦-l¦- UniCast.Tests.Services.FrameBufferPoolTests.TotalRentCount_AfterRent_ShouldIncrement [14 ms]
  Ba+şar¦-l¦- UniCast.Tests.Services.SettingsDataTests.Normalize_VideoKbps_ShouldClampCorrectly(input: 60000, expected: 50000) [14 ms]
  Ba+şar¦-l¦- UniCast.Tests.Core.ChatMessageTests.MaskedUsername_ShouldMaskCorrectly(username: "abc", expected: "a*c") [14 ms]
  Ba+şar¦-l¦- UniCast.Tests.Services.EncoderPresetTests.ShouldHaveAllExpectedValues [14 ms]
  Ba+şar¦-l¦- UniCast.Tests.Services.StreamStateChangedEventArgsTests.Constructor_ShouldSetNewState(state: Error) [< 1 ms]
  Ba+şar¦-l¦- UniCast.Tests.Core.ChatMessageTests.MaskedUsername_ShouldMaskCorrectly(username: "username", expected: "u******e") [< 1 ms]
  Ba+şar¦-l¦- UniCast.Tests.Services.StreamControllerSecurityTests.MaskSensitiveUrl_WithEmptyOrNull_ShouldReturnSame(input: null, expected: null) [< 1 ms]
  Ba+şar¦-l¦- UniCast.Tests.Services.StreamStateChangedEventArgsTests.Constructor_ShouldSetNewState(state: Running) [< 1 ms]
  Ba+şar¦-l¦- UniCast.Tests.Services.StreamStateTests.ShouldHaveCorrectIntValues(state: Stopped, expected: 0) [< 1 ms]
  Ba+şar¦-l¦- UniCast.Tests.Services.GpuInfoTests.VramGb_ShouldCalculateCorrectly(bytes: 0, expectedGb: 0) [< 1 ms]
  Ba+şar¦-l¦- UniCast.Tests.Core.ChatMessageTests.MaskedUsername_ShouldMaskCorrectly(username: "ab", expected: "***") [< 1 ms]
  Ba+şar¦-l¦- UniCast.Tests.Services.FrameSizesTests.FrameSizes_ShouldMatchExpectedValues(width: 3840, height: 2160, bytesPerPixel: 4, expected: 33177600) [< 1 ms]
  Ba+şar¦-l¦- UniCast.Tests.Services.SettingsDataTests.Normalize_VideoKbps_ShouldClampCorrectly(input: 6000, expected: 6000) [< 1 ms]
  Ba+şar¦-l¦- UniCast.Tests.Services.StreamStateTests.ShouldHaveCorrectIntValues(state: Running, expected: 2) [< 1 ms]
  Ba+şar¦-l¦- UniCast.Tests.Core.ChatMessageTests.MaskedUsername_ShouldMaskCorrectly(username: "abcd", expected: "a**d") [< 1 ms]
  Ba+şar¦-l¦- UniCast.Tests.Services.GpuInfoTests.VramGb_ShouldCalculateCorrectly(bytes: 2147483648, expectedGb: 2) [< 1 ms]
  Ba+şar¦-l¦- UniCast.Tests.Services.StreamStateTests.ShouldHaveCorrectIntValues(state: Stopping, expected: 3) [< 1 ms]
  Ba+şar¦-l¦- UniCast.Tests.Services.FrameSizesTests.FrameSizes_ShouldMatchExpectedValues(width: 2560, height: 1440, bytesPerPixel: 4, expected: 14745600) [< 1 ms]
  Ba+şar¦-l¦- UniCast.Tests.Services.SettingsDataTests.Normalize_VideoKbps_ShouldClampCorrectly(input: 100, expected: 500) [< 1 ms]
  Ba+şar¦-l¦- UniCast.Tests.Services.GpuInfoTests.VramGb_ShouldCalculateCorrectly(bytes: 1073741824, expectedGb: 1) [< 1 ms]
  Ba+şar¦-l¦- UniCast.Tests.Services.StreamStateTests.ShouldHaveCorrectIntValues(state: Starting, expected: 1) [< 1 ms]
  Ba+şar¦-l¦- UniCast.Tests.Services.FrameSizesTests.FrameSizes_ShouldMatchExpectedValues(width: 1920, height: 1080, bytesPerPixel: 4, expected: 8294400) [< 1 ms]
  Ba+şar¦-l¦- UniCast.Tests.Services.GpuInfoTests.VramGb_ShouldCalculateCorrectly(bytes: 12884901888, expectedGb: 12) [< 1 ms]
  Ba+şar¦-l¦- UniCast.Tests.Services.GpuInfoTests.VramGb_ShouldCalculateCorrectly(bytes: 8589934592, expectedGb: 8) [< 1 ms]
  Ba+şar¦-l¦- UniCast.Tests.Services.SettingsDataTests.Normalize_OverlayWidth_ShouldClampCorrectly(input: 100, expected: 200) [< 1 ms]
  Ba+şar¦-l¦- UniCast.Tests.Services.HardwareEncoderTypeTests.Software_ShouldBeZero [< 1 ms]
  Ba+şar¦-l¦- UniCast.Tests.Licensing.HardwareActivationTests.NewHardwareActivation_ShouldHaveDefaults [< 1 ms]
  Ba+şar¦-l¦- UniCast.Tests.Services.HardwareEncoderModelTests.QsvH264_Example_ShouldRetainValues [< 1 ms]
  Ba+şar¦-l¦- UniCast.Tests.Services.FrameSizesTests.FrameSizes_Constants_ShouldBeCorrect [< 1 ms]
  Ba+şar¦-l¦- UniCast.Tests.Services.StreamControllerSecurityTests.MaskSensitiveArgs_WithEmptyOrNull_ShouldReturnSame(input: "") [< 1 ms]
  Ba+şar¦-l¦- UniCast.Tests.Services.SettingsDataTests.Normalize_OverlayWidth_ShouldClampCorrectly(input: 800, expected: 800) [< 1 ms]
  Ba+şar¦-l¦- UniCast.Tests.Services.SettingsDataTests.Normalize_OverlayWidth_ShouldClampCorrectly(input: 3000, expected: 1920) [< 1 ms]
  Ba+şar¦-l¦- UniCast.Tests.Services.StreamStatisticsTests.WithValues_ShouldRetainValues [< 1 ms]
  Ba+şar¦-l¦- UniCast.Tests.Services.HardwareEncoderModelTests.NewInstance_ShouldHaveDefaultValues [< 1 ms]
  Ba+şar¦-l¦- UniCast.Tests.Services.StreamStateTests.ShouldHaveAllExpectedValues [< 1 ms]
  Ba+şar¦-l¦- UniCast.Tests.Licensing.LicenseValidationResultTests.Success_ShouldCreateValidResult [< 1 ms]
  Ba+şar¦-l¦- UniCast.Tests.Services.StreamControllerInstanceTests.ProcessTimeout_Default_ShouldBe30Seconds [< 1 ms]
  Ba+şar¦-l¦- UniCast.Tests.Services.StreamInfoTests.Uptime_WithRecentStart_ShouldBeSmall [< 1 ms]
  Ba+şar¦-l¦- UniCast.Tests.Services.SettingsDataTests.RecordingSettings_DefaultValues_ShouldBeCorrect [< 1 ms]
  Ba+şar¦-l¦- UniCast.Tests.Services.StreamControllerSecurityTests.MaskSensitiveArgs_WithEmptyOrNull_ShouldReturnSame(input: null) [< 1 ms]
  Ba+şar¦-l¦- UniCast.Tests.Services.StreamConfigurationTests.NewInstance_ShouldHaveDefaultValues [< 1 ms]
  Ba+şar¦-l¦- UniCast.Tests.Services.StreamInfoTests.Uptime_ShouldCalculateCorrectly [< 1 ms]
  Ba+şar¦-l¦- UniCast.Tests.Services.HardwareEncoderServiceInstanceTests.GetEncoderParameters_ShouldReturnValidParams(type: QsvH264) [< 1 ms]
  Ba+şar¦-l¦- UniCast.Tests.Services.EncoderBenchmarkResultTests.SuccessfulBenchmark_ShouldRetainValues [< 1 ms]
  Ba+şar¦-l¦- UniCast.Tests.Services.SettingsDataTests.TwitchSettings_DefaultRtmpUrl_ShouldBeCorrect [< 1 ms]
  Ba+şar¦-l¦- UniCast.Tests.Services.StreamConfigurationTests.StreamId_ShouldBeUniqueForEachInstance [< 1 ms]
  Ba+şar¦-l¦- UniCast.Tests.Services.GpuInfoTests.WithValues_ShouldRetainValues [< 1 ms]
  Ba+şar¦-l¦- UniCast.Tests.Services.HardwareEncoderServiceInstanceTests.GetEncoderParameters_ShouldReturnValidParams(type: AmfH264) [< 1 ms]
  Ba+şar¦-l¦- UniCast.Tests.Services.StreamInfoTests.WithValues_ShouldRetainValues [< 1 ms]
  Ba+şar¦-l¦- UniCast.Tests.Services.SettingsDataTests.AudioSettings_DefaultValues_ShouldBeCorrect [< 1 ms]
  Ba+şar¦-l¦- UniCast.Tests.Services.GpuInfoTests.NewInstance_ShouldHaveDefaultValues [< 1 ms]
  Ba+şar¦-l¦- UniCast.Tests.Services.EncoderBenchmarkResultTests.NewInstance_ShouldHaveDefaultValues [< 1 ms]
  Ba+şar¦-l¦- UniCast.Tests.Services.HardwareEncoderServiceInstanceTests.GetEncoderParameters_ShouldReturnValidParams(type: Software) [< 1 ms]
  Ba+şar¦-l¦- UniCast.Tests.Services.HardwareEncoderServiceInstanceTests.GetEncoderParameters_ShouldReturnValidParams(type: NvencH264) [< 1 ms]
  Ba+şar¦-l¦- UniCast.Tests.Services.HardwareEncoderServiceInstanceTests.GetEncoderParameters_WithDifferentPresets_ShouldWork(preset: Balanced) [< 1 ms]
  Ba+şar¦-l¦- UniCast.Tests.Services.SettingsDataTests.NewSettingsData_ShouldHaveDefaultValues [< 1 ms]
  Ba+şar¦-l¦- UniCast.Tests.Services.HardwareEncoderServiceInstanceTests.GetEncoderParameters_WithDifferentPresets_ShouldWork(preset: Performance) [< 1 ms]
  Ba+şar¦-l¦- UniCast.Tests.Services.HardwareEncoderServiceInstanceTests.GetEncoderParameters_WithDifferentPresets_ShouldWork(preset: LowLatency) [< 1 ms]
  Ba+şar¦-l¦- UniCast.Tests.Services.HardwareEncoderServiceInstanceTests.GetEncoderParameters_WithDifferentPresets_ShouldWork(preset: Quality) [< 1 ms]
  Ba+şar¦-l¦- UniCast.Tests.Services.SettingsDataTests.Normalize_OverlayOpacity_ShouldClampCorrectly(input: 0,050000000000000003, expected: 0,10000000000000001) [< 1 ms]
  Ba+şar¦-l¦- UniCast.Tests.Core.ChatMessageTests.ToString_ShouldReturnFormattedString [1 ms]
  Ba+şar¦-l¦- UniCast.Tests.Services.SettingsDataTests.Normalize_OverlayOpacity_ShouldClampCorrectly(input: 1,5, expected: 1) [< 1 ms]
  Ba+şar¦-l¦- UniCast.Tests.Core.ChatBusTests.Publish_WithValidMessage_ShouldTriggerOnMergedEvent [1 ms]
  Ba+şar¦-l¦- UniCast.Tests.Services.SettingsDataTests.Normalize_OverlayOpacity_ShouldClampCorrectly(input: 0,5, expected: 0,5) [< 1 ms]
  Ba+şar¦-l¦- UniCast.Tests.Services.GpuVendorTests.ShouldHaveCorrectIntValues(vendor: Amd, expected: 2) [< 1 ms]
  Ba+şar¦-l¦- UniCast.Tests.Services.HardwareEncoderServiceInstanceTests.IsHardwareEncodingAvailable_ShouldReflectEncoderCount [< 1 ms]
  Ba+şar¦-l¦- UniCast.Tests.Services.SettingsDataTests.Normalize_RecordingQuality_ShouldClampCorrectly(input: 150, expected: 100) [< 1 ms]
  Ba+şar¦-l¦- UniCast.Tests.Services.VideoResolutionTests.ParseResolution_ShouldExtractWidthAndHeight(resolution: "2560x1440", expectedWidth: 2560, expectedHeight: 1440) [< 1 ms]
  Ba+şar¦-l¦- UniCast.Tests.Services.HardwareEncoderServiceInstanceTests.Instance_ShouldBeSingleton [< 1 ms]
  Ba+şar¦-l¦- UniCast.Tests.Licensing.LicenseDataTests.LicenseTypeProperties_ShouldReturnCorrectValues(type: Lifetime, expectedIsTrial: False, expectedIsLifetime: True) [< 1 ms]
  Ba+şar¦-l¦- UniCast.Tests.Services.GpuVendorTests.ShouldHaveCorrectIntValues(vendor: Nvidia, expected: 1) [< 1 ms]
  Ba+şar¦-l¦- UniCast.Tests.Core.ChatBusStatisticsTests.DropRate_WithNoMessages_ShouldBeZero [< 1 ms]
  Ba+şar¦-l¦- UniCast.Tests.Services.GpuVendorTests.ShouldHaveCorrectIntValues(vendor: Intel, expected: 3) [< 1 ms]
  Ba+şar¦-l¦- UniCast.Tests.Services.GpuVendorTests.ShouldHaveCorrectIntValues(vendor: Unknown, expected: 0) [< 1 ms]
  Ba+şar¦-l¦- UniCast.Tests.Services.SettingsDataTests.Normalize_RecordingQuality_ShouldClampCorrectly(input: 80, expected: 80) [< 1 ms]
  Ba+şar¦-l¦- UniCast.Tests.Services.SettingsDataTests.Normalize_RecordingQuality_ShouldClampCorrectly(input: -10, expected: 1) [< 1 ms]
  Ba+şar¦-l¦- UniCast.Tests.Services.VideoResolutionTests.ParseResolution_ShouldExtractWidthAndHeight(resolution: "3840x2160", expectedWidth: 3840, expectedHeight: 2160) [< 1 ms]
  Ba+şar¦-l¦- UniCast.Tests.Core.ChatBusStatisticsTests.DropRate_WithDroppedMessages_ShouldCalculateCorrectly [< 1 ms]
  Ba+şar¦-l¦- UniCast.Tests.Services.VideoResolutionTests.ParseResolution_ShouldExtractWidthAndHeight(resolution: "1280x720", expectedWidth: 1280, expectedHeight: 720) [< 1 ms]
  Ba+şar¦-l¦- UniCast.Tests.Services.VideoResolutionTests.ParseResolution_ShouldExtractWidthAndHeight(resolution: "1920x1080", expectedWidth: 1920, expectedHeight: 1080) [< 1 ms]
  Ba+şar¦-l¦- UniCast.Tests.Licensing.LicenseStatusTests.LicenseStatus_ShouldHaveAllExpectedValues [< 1 ms]
  Ba+şar¦-l¦- UniCast.Tests.Licensing.LicenseDataTests.LicenseTypeProperties_ShouldReturnCorrectValues(type: Trial, expectedIsTrial: True, expectedIsLifetime: False) [< 1 ms]
  Ba+şar¦-l¦- UniCast.Tests.Services.SettingsDataTests.Normalize_Fps_ShouldClampCorrectly(input: 200, expected: 120) [< 1 ms]
  Ba+şar¦-l¦- UniCast.Tests.Services.GpuVendorTests.ShouldHaveAllExpectedValues [< 1 ms]
  Ba+şar¦-l¦- UniCast.Tests.Services.SettingsDataTests.Normalize_Fps_ShouldClampCorrectly(input: 10, expected: 15) [< 1 ms]
  Ba+şar¦-l¦- UniCast.Tests.Core.ChatMessageTests.ChatMessage_NewInstance_ShouldHaveDefaults [< 1 ms]
  Ba+şar¦-l¦- UniCast.Tests.Services.HardwareEncoderServiceInstanceTests.AvailableEncoders_Initially_ShouldBeEmpty [< 1 ms]
  Ba+şar¦-l¦- UniCast.Tests.Services.SettingsDataTests.Normalize_Fps_ShouldClampCorrectly(input: 60, expected: 60) [< 1 ms]
  Ba+şar¦-l¦- UniCast.Tests.Services.HardwareEncoderServiceInstanceTests.Instance_ShouldNotBeNull [< 1 ms]
  Ba+şar¦-l¦- UniCast.Tests.Services.SettingsDataTests.Normalize_AudioKbps_ShouldClampCorrectly(input: 192, expected: 192) [< 1 ms]
  Ba+şar¦-l¦- UniCast.Tests.Services.SettingsDataTests.Normalize_AudioKbps_ShouldClampCorrectly(input: 500, expected: 320) [< 1 ms]
  Ba+şar¦-l¦- UniCast.Tests.Services.SettingsDataTests.Normalize_AudioKbps_ShouldClampCorrectly(input: 32, expected: 64) [< 1 ms]
  Ba+şar¦-l¦- UniCast.Tests.Services.SettingsDataTests.Normalize_WithEmptyRecordingPath_ShouldSetDefault [< 1 ms]
  Ba+şar¦-l¦- UniCast.Tests.Core.ChatBusTests.Publish_RapidMessages_ShouldRateLimitSamePlatform [1 ms]
  Ba+şar¦-l¦- UniCast.Tests.Core.ChatBusTests.ClearSubscribers_ShouldRemoveAllEventHandlers [< 1 ms]
  Ba+şar¦-l¦- UniCast.Tests.Services.FrameBufferPoolTests.Return_WithValidBuffer_ShouldNotThrow [3 ms]
  Ba+şar¦-l¦- UniCast.Tests.Services.StreamControllerInstanceTests.IsRunning_ShouldBeAccessibleProperty [2 ms]
  Ba+şar¦-l¦- UniCast.Tests.Services.StreamControllerInstanceTests.Instance_ShouldNotBeNull [< 1 ms]
  Ba+şar¦-l¦- UniCast.Tests.Services.EncoderParametersTests.NewInstance_ShouldHaveDefaultValues [3 ms]
  Ba+şar¦-l¦- UniCast.Tests.Licensing.LicenseDataTests.NewLicenseData_ShouldHaveDefaultValues [1 ms]
  Ba+şar¦-l¦- UniCast.Tests.Services.StreamControllerSecurityTests.MaskSensitiveArgs_WithNoRtmpUrl_ShouldReturnSame [3 ms]
  Ba+şar¦-l¦- UniCast.Tests.Services.EncoderParametersTests.ToFfmpegArgs_WithTune_ShouldIncludeTune [< 1 ms]
  Ba+şar¦-l¦- UniCast.Tests.Services.EncoderParametersTests.ToFfmpegArgs_WithEmptyProfile_ShouldNotIncludeProfile [< 1 ms]
  Ba+şar¦-l¦- UniCast.Tests.Licensing.LicenseDataTests.IsSupportActive_WithPastDate_ShouldReturnFalse [< 1 ms]
  Ba+şar¦-l¦- UniCast.Tests.Services.EncoderParametersTests.ToFfmpegArgs_WithBasicParams_ShouldGenerateCorrectArgs [< 1 ms]
  Ba+şar¦-l¦- UniCast.Tests.Services.EncoderParametersTests.ToFfmpegArgs_WithExtraParams_ShouldIncludeExtraParams [< 1 ms]
  Ba+şar¦-l¦- UniCast.Tests.Licensing.LicenseDataTests.ToString_LifetimeLicense_ShouldShowLifetime [< 1 ms]
  Ba+şar¦-l¦- UniCast.Tests.Services.StreamControllerSecurityTests.MaskSensitiveArgs_WithRtmpUrl_ShouldMaskStreamKey [< 1 ms]
  Ba+şar¦-l¦- UniCast.Tests.Licensing.LicenseDataTests.DaysRemaining_ExpiredTrial_ShouldReturnZero [< 1 ms]
  Ba+şar¦-l¦- UniCast.Tests.Licensing.LicenseDataTests.DaysRemaining_LifetimeLicense_ShouldReturnMaxValue [< 1 ms]
  Ba+şar¦-l¦- UniCast.Tests.Licensing.LicenseDataTests.IsExpired_LifetimeLicense_WithMaxValue_ShouldReturnFalse [< 1 ms]
  Ba+şar¦-l¦- UniCast.Tests.Services.StreamControllerSecurityTests.MaskSensitiveUrl_WithYouTubeRtmp_ShouldMaskStreamKey [< 1 ms]
  Ba+şar¦-l¦- UniCast.Tests.Services.StreamControllerSecurityTests.MaskSensitiveUrl_WithTwitchRtmp_ShouldMaskStreamKey [< 1 ms]
  Ba+şar¦-l¦- UniCast.Tests.Licensing.LicenseDataTests.GetSignableContent_WithActivations_ShouldIncludeHardwareIds [< 1 ms]
  Ba+şar¦-l¦- UniCast.Tests.Licensing.LicenseDataTests.SupportDaysRemaining_With30Days_ShouldReturn30 [< 1 ms]
  Ba+şar¦-l¦- UniCast.Tests.Licensing.LicenseDataTests.IsExpired_WithPastDate_ShouldReturnTrue [< 1 ms]
  Ba+şar¦-l¦- UniCast.Tests.Licensing.LicenseDataTests.ToString_TrialLicense_ShouldShowDaysRemaining [< 1 ms]
  Ba+şar¦-l¦- UniCast.Tests.Licensing.LicenseDataTests.GetSignableContent_ShouldReturnConsistentFormat [< 1 ms]
  Ba+şar¦-l¦- UniCast.Tests.Licensing.LicenseDataTests.IsSupportActive_WithFutureDate_ShouldReturnTrue [< 1 ms]
  Ba+şar¦-l¦- UniCast.Tests.Services.VideoResolutionTests.StandardResolutions_ShouldHaveCorrectAspectRatio [4 ms]
  Ba+şar¦-l¦- UniCast.Tests.Licensing.LicenseDataTests.DaysRemaining_TrialWith7Days_ShouldReturn7 [< 1 ms]
  Ba+şar¦-l¦- UniCast.Tests.Licensing.LicenseDataTests.IsExpired_WithFutureDate_ShouldReturnFalse [< 1 ms]
  Ba+şar¦-l¦- UniCast.Tests.Services.FrameBufferPoolTests.RentReturn_ConcurrentAccess_ShouldBeThreadSafe [2 ms]
  Ba+şar¦-l¦- UniCast.Tests.Services.FrameBufferPoolTests.Rent_MultipleCalls_ShouldNotThrow [< 1 ms]
  Ba+şar¦-l¦- UniCast.Tests.Services.FrameBufferPoolTests.CacheHitRate_ShouldBeValidPercentage [< 1 ms]
  Ba+şar¦-l¦- UniCast.Tests.Services.FrameBufferPoolTests.Rent_WithVideoFrameSize_ShouldReturnCorrectSize(width: 1920, height: 1080, bytesPerPixel: 4) [< 1 ms]
  Ba+şar¦-l¦- UniCast.Tests.Services.FrameBufferPoolTests.Rent_WithVideoFrameSize_ShouldReturnCorrectSize(width: 2560, height: 1440, bytesPerPixel: 4) [< 1 ms]
  Ba+şar¦-l¦- UniCast.Tests.Services.FrameBufferPoolTests.Rent_WithVideoFrameSize_ShouldReturnCorrectSize(width: 1280, height: 720, bytesPerPixel: 4) [< 1 ms]
  Ba+şar¦-l¦- UniCast.Tests.Services.FrameBufferPoolTests.FrameBuffer_Dispose_ShouldReturnToPool [< 1 ms]
  Ba+şar¦-l¦- UniCast.Tests.Services.SettingsDataTests.ChatBlockedWords_ShouldBeSettable [7 ms]
  Ba+şar¦-l¦- UniCast.Tests.Services.SettingsDataTests.ChatSettings_DefaultValues_ShouldBeCorrect [< 1 ms]
  Ba+şar¦-l¦- UniCast.Tests.Services.SettingsDataTests.CameraAliases_ShouldMapToSelectedCamera [< 1 ms]
  Ba+şar¦-l¦- UniCast.Tests.Services.SettingsDataTests.Normalize_WithNullArrays_ShouldCreateEmptyArrays [< 1 ms]
  Ba+şar¦-l¦- UniCast.Tests.Services.SettingsDataTests.Normalize_WithExtremeValues_ShouldClamp [< 1 ms]
  Ba+şar¦-l¦- UniCast.Tests.Services.SettingsDataTests.EncoderAlias_ShouldMapToVideoEncoder [< 1 ms]
  Ba+şar¦-l¦- UniCast.Tests.Services.SettingsDataTests.AliasProperties_ShouldMapCorrectly [< 1 ms]
  Ba+şar¦-l¦- UniCast.Tests.Services.FrameBufferPoolTests.Rent_UnderMemoryPressure_ShouldStillWork [1 ms]
  Ba+şar¦-l¦- UniCast.Tests.Services.SettingsDataTests.YouTubeSettings_DefaultRtmpUrl_ShouldBeCorrect [< 1 ms]
  Ba+şar¦-l¦- UniCast.Tests.Services.FrameBufferPoolTests.Rent_WithStandardSize_ShouldReturnBuffer [< 1 ms]
  Ba+şar¦-l¦- UniCast.Tests.Services.SettingsDataTests.RecordingAliases_ShouldMapCorrectly [< 1 ms]
  Ba+şar¦-l¦- UniCast.Tests.Services.FrameBufferPoolTests.FrameBuffer_RentFromPool_ShouldWork [< 1 ms]
  Ba+şar¦-l¦- UniCast.Tests.Services.FrameBufferPoolTests.Return_SameBufferTwice_ShouldNotThrow [< 1 ms]
  Ba+şar¦-l¦- UniCast.Tests.Services.FrameBufferPoolTests.Return_WithNullBuffer_ShouldNotThrow [< 1 ms]
  Ba+şar¦-l¦- UniCast.Tests.Services.FrameBufferPoolTests.ActiveBufferCount_AfterRentAndReturn_ShouldBeBalanced [< 1 ms]
  Ba+şar¦-l¦- UniCast.Tests.Services.FrameBufferPoolTests.PreAllocate_ShouldIncreasePoolSize [< 1 ms]
  Ba+şar¦-l¦- UniCast.Tests.Core.ChatBusTests.PublishBatch_WithMultipleMessages_ShouldPublishAll [164 ms]
  Ba+şar¦-l¦- UniCast.Tests.Core.ChatBusTests.Publish_DifferentPlatforms_ShouldNotRateLimit [154 ms]
  Ba+şar¦-l¦- UniCast.Tests.Core.ChatBusTests.GetStatistics_AfterPublish_ShouldReturnCorrectCount [< 1 ms]
  Ba+şar¦-l¦- UniCast.Tests.Core.ChatBusTests.Publish_WithValidMessage_ShouldTriggerMessageReceivedEvent [157 ms]
  Ba+şar¦-l¦- UniCast.Tests.Core.ChatBusTests.PublishAsync_WithValidMessage_ShouldPublishSuccessfully [1 ms]
  Ba+şar¦-l¦- UniCast.Tests.Core.ChatBusTests.ResetStatistics_ShouldClearCounts [< 1 ms]
[xUnit.net 00:00:00.71]   Finished:    UniCast.Tests
  Ba+şar¦-l¦- UniCast.Tests.Core.ChatBusTests.Publish_WithNullMessage_ShouldNotThrow [< 1 ms]

Test +çal¦-+şt¦-rmas¦- Ba+şar¦-l¦-.
Toplam test say¦-s¦-: 171
     Ge+ğti: 171
 Toplam s+-re: 1,0350 Saniye
     1>"C:\Users\PC\Documents\UniCast\UniCast.Tests\UniCast.Tests.csproj" Projesini Olu+şturma ¦-+şlemi Tamamland¦- (VSTest hedef).

Olu+şturma ba+şar¦-l¦- oldu.

       "C:\Users\PC\Documents\UniCast\UniCast.Tests\UniCast.Tests.csproj" (VSTest hedefi) (1:7) ->
       "C:\Users\PC\Documents\UniCast\UniCast.Tests\UniCast.Tests.csproj" (varsay¦-lan hedef) (1:8) ->
       "C:\Users\PC\Documents\UniCast\UniCast.App\UniCast.App.csproj" (varsay¦-lan hedef) (2:6) ->
       "C:\Users\PC\Documents\UniCast\UniCast.App\UniCast.App_zeis22ot_wpftmp.csproj" (_CompileTemporaryAssembly hedefi) (8) ->
       (CoreCompile hedefi) -> 
         C:\Users\PC\Documents\UniCast\UniCast.App\Input\KeyboardShortcuts.cs(383,36): warning CS0067: 'RelayShortcutCommand.CanExecuteChanged' olay¦- hi+ğbir zaman kullan¦-lmaz [C:\Users\PC\Documents\UniCast\UniCast.App\UniCast.App_zeis22ot_wpftmp.csproj]


       "C:\Users\PC\Documents\UniCast\UniCast.Tests\UniCast.Tests.csproj" (VSTest hedefi) (1:7) ->
       "C:\Users\PC\Documents\UniCast\UniCast.Tests\UniCast.Tests.csproj" (varsay¦-lan hedef) (1:8) ->
       "C:\Users\PC\Documents\UniCast\UniCast.App\UniCast.App.csproj" (varsay¦-lan hedef) (2:6) ->
         C:\Users\PC\Documents\UniCast\UniCast.App\Input\KeyboardShortcuts.cs(383,36): warning CS0067: 'RelayShortcutCommand.CanExecuteChanged' olay¦- hi+ğbir zaman kullan¦-lmaz [C:\Users\PC\Documents\UniCast\UniCast.App\UniCast.App.csproj]

    2 Uyar¦-
    0 Hata

Ge+ğen S+-re 00:00:04.67
